  Number of targets:   30

  Target coordinates:

      0.00000E+00    5.00000E-04    1.00000E-03    1.50000E-03    2.00000E-03    2.50000E-03    3.00000E-03    3.50000E-03    4.00000E-03    4.50000E-03    5.00000E-03    5.50000E-03    6.00000E-03    6.50000E-03    7.00000E-03    7.50000E-03    8.00000E-03    8.50000E-03    9.00000E-03    9.50000E-03    1.00000E-02    1.05000E-02    1.10000E-02    1.15000E-02    1.20000E-02    1.25000E-02    1.30000E-02    1.35000E-02    1.40000E-02    1.45000E-02

  Time step:

      1.00000E-05

  Final time:

      1.00000E-04


  Dimension + Mixing ratios concentrations (by rows) (including boundary and sink/source terms):

     30    1.00000E+00    0.00000E+00    0.00000E+00    0.00000E+00    0.00000E+00    0.00000E+00    0.00000E+00    0.00000E+00    0.00000E+00    0.00000E+00    0.00000E+00    0.00000E+00    0.00000E+00    0.00000E+00    0.00000E+00    0.00000E+00    0.00000E+00    0.00000E+00    0.00000E+00    0.00000E+00    0.00000E+00    0.00000E+00    0.00000E+00    0.00000E+00    0.00000E+00    0.00000E+00    0.00000E+00    0.00000E+00    0.00000E+00    0.00000E+00
     30    8.79331E-02    7.03816E-01    6.18269E-02    4.34713E-02    3.05652E-02    2.14908E-02    1.51105E-02    1.06244E-02    7.47012E-03    5.25234E-03    3.69298E-03    2.59658E-03    1.82568E-03    1.28365E-03    9.02541E-04    6.34571E-04    4.46151E-04    3.13661E-04    2.20490E-04    1.54961E-04    1.08857E-04    7.63993E-05    5.35194E-05    3.73490E-05    2.58610E-05    1.76155E-05    1.15791E-05    6.99545E-06    3.29033E-06    2.63095E-05
     30    1.31448E-01    4.95358E-01    6.18887E-02    9.24227E-02    6.49836E-02    4.56908E-02    3.21258E-02    2.25881E-02    1.58820E-02    1.11668E-02    7.85152E-03    5.52049E-03    3.88152E-03    2.72913E-03    1.91886E-03    1.34914E-03    9.48546E-04    6.66862E-04    4.68776E-04    3.29456E-04    2.31436E-04    1.62430E-04    1.13786E-04    7.94063E-05    5.49821E-05    3.74517E-05    2.46180E-05    1.48728E-05    6.99545E-06    5.59356E-05
     30    1.52982E-01    3.48641E-01    4.35583E-02    9.25152E-02    1.07563E-01    7.56292E-02    5.31759E-02    3.73886E-02    2.62884E-02    1.84837E-02    1.29961E-02    9.13774E-03    6.42484E-03    4.51736E-03    3.17617E-03    2.23315E-03    1.57007E-03    1.10382E-03    7.75937E-04    5.45328E-04    3.83082E-04    2.68860E-04    1.88342E-04    1.31436E-04    9.10086E-05    6.19916E-05    4.07487E-05    2.46180E-05    1.15791E-05    9.25868E-05
     30    1.63638E-01    2.45379E-01    3.06571E-02    6.51137E-02    1.07671E-01    1.15056E-01    8.08973E-02    5.68800E-02    3.99930E-02    2.81196E-02    1.97712E-02    1.39014E-02    9.77422E-03    6.87233E-03    4.83196E-03    3.39732E-03    2.38857E-03    1.67925E-03    1.18045E-03    8.29617E-04    5.82790E-04    4.09021E-04    2.86528E-04    1.99956E-04    1.38453E-04    9.43088E-05    6.19916E-05    3.74517E-05    1.76155E-05    1.40854E-04
     30    1.68911E-01    1.72702E-01    2.15769E-02    4.58281E-02    7.57806E-02    1.15171E-01    1.18764E-01    8.35043E-02    5.87130E-02    4.12818E-02    2.90258E-02    2.04084E-02    1.43493E-02    1.00891E-02    7.09371E-03    4.98754E-03    3.50662E-03    2.46528E-03    1.73299E-03    1.21794E-03    8.55582E-04    6.00476E-04    4.20647E-04    2.93552E-04    2.03260E-04    1.38453E-04    9.10086E-05    5.49821E-05    2.58610E-05    2.06785E-04
     30    1.71521E-01    1.21550E-01    1.51862E-02    3.22546E-02    5.33356E-02    8.10593E-02    1.18883E-01    1.20599E-01    8.47944E-02    5.96200E-02    4.19196E-02    2.94741E-02    2.07236E-02    1.45709E-02    1.02449E-02    7.20311E-03    5.06433E-03    3.56041E-03    2.50282E-03    1.75898E-03    1.23565E-03    8.67219E-04    6.07506E-04    4.23954E-04    2.93552E-04    1.99956E-04    1.31436E-04    7.94063E-05    3.73490E-05    2.98642E-04
     30    1.72812E-01    8.55491E-02    1.06883E-02    2.27013E-02    3.75385E-02    5.70509E-02    8.36715E-02    1.20719E-01    1.21507E-01    8.54328E-02    6.00689E-02    4.22351E-02    2.96960E-02    2.08795E-02    1.46804E-02    1.03217E-02    7.25695E-03    5.10190E-03    3.58642E-03    2.52054E-03    1.77063E-03    1.24269E-03    8.70529E-04    6.07506E-04    4.20647E-04    2.86528E-04    1.88342E-04    1.13786E-04    5.35194E-05    4.27941E-04
     30    1.73451E-01    6.02109E-02    7.52260E-03    1.59775E-02    2.64202E-02    4.01533E-02    5.88894E-02    8.49642E-02    1.21628E-01    1.21956E-01    8.57487E-02    6.02909E-02    4.23912E-02    2.98056E-02    2.09564E-02    1.47343E-02    1.03593E-02    7.28299E-03    5.11964E-03    3.59808E-03    2.52758E-03    1.77394E-03    1.24269E-03    8.67219E-04    6.00476E-04    4.09021E-04    2.68860E-04    1.62430E-04    7.63993E-05    6.10889E-04
     30    1.73768E-01    4.23774E-02    5.29452E-03    1.12452E-02    1.85950E-02    2.82606E-02    4.14473E-02    5.97992E-02    8.56038E-02    1.22078E-01    1.22178E-01    8.59049E-02    6.04006E-02    4.24682E-02    2.98595E-02    2.09941E-02    1.47604E-02    1.03771E-02    7.29467E-03    5.12669E-03    3.60140E-03    2.52758E-03    1.77063E-03    1.23565E-03    8.55582E-04    5.82790E-04    3.83082E-04    2.31436E-04    1.08857E-04    8.70418E-04
     30    1.73924E-01    2.98259E-02    3.72637E-03    7.91458E-03    1.30874E-02    1.98902E-02    2.91713E-02    4.20876E-02    6.02493E-02    8.59203E-02    1.22300E-01    1.22288E-01    8.59820E-02    6.04546E-02    4.25059E-02    2.98856E-02    2.10118E-02    1.47721E-02    1.03842E-02    7.29799E-03    5.12669E-03    3.59808E-03    2.52054E-03    1.75898E-03    1.21794E-03    8.29617E-04    5.45328E-04    3.29456E-04    1.54961E-04    1.23906E-03
     30    1.74001E-01    2.09919E-02    2.62268E-03    5.57040E-03    9.21113E-03    1.39990E-02    2.05312E-02    2.96219E-02    4.24044E-02    6.04720E-02    8.60769E-02    1.22410E-01    1.22342E-01    8.60197E-02    6.04808E-02    4.25237E-02    2.98973E-02    2.10189E-02    1.47754E-02    1.03842E-02    7.29467E-03    5.11964E-03    3.58642E-03    2.50282E-03    1.73299E-03    1.18045E-03    7.75937E-04    4.68776E-04    2.20490E-04    1.76304E-03
     30    1.74039E-01    1.47744E-02    1.84588E-03    3.92053E-03    6.48293E-03    9.85272E-03    1.44501E-02    2.08483E-02    2.98448E-02    4.25611E-02    6.05821E-02    8.61541E-02    1.22464E-01    1.22368E-01    8.60375E-02    6.04925E-02    4.25307E-02    2.99007E-02    2.10189E-02    1.47721E-02    1.03771E-02    7.28299E-03    5.10190E-03    3.56041E-03    2.46528E-03    1.67925E-03    1.10382E-03    6.66862E-04    3.13661E-04    2.50803E-03
     30    1.74057E-01    1.03984E-02    1.29915E-03    2.75931E-03    4.56276E-03    6.93446E-03    1.01702E-02    1.46733E-02    2.10051E-02    2.99550E-02    4.26384E-02    6.06363E-02    8.61919E-02    1.22491E-01    1.22380E-01    8.60446E-02    6.04958E-02    4.25307E-02    2.98973E-02    2.10118E-02    1.47604E-02    1.03593E-02    7.25695E-03    5.06433E-03    3.50662E-03    2.38857E-03    1.57007E-03    9.48546E-04    4.46151E-04    3.56743E-03
     30    1.74064E-01    7.31846E-03    9.14351E-04    1.94202E-03    3.21130E-03    4.88052E-03    7.15784E-03    1.03272E-02    1.47836E-02    2.10825E-02    3.00092E-02    4.26762E-02    6.06625E-02    8.62097E-02    1.22502E-01    1.22383E-01    8.60446E-02    6.04925E-02    4.25237E-02    2.98856E-02    2.09941E-02    1.47343E-02    1.03217E-02    7.20311E-03    4.98754E-03    3.39732E-03    2.23315E-03    1.34914E-03    6.34571E-04    5.07403E-03
     30    1.74064E-01    5.15072E-03    6.43518E-04    1.36679E-03    2.26011E-03    3.43490E-03    5.03767E-03    7.26823E-03    1.04046E-02    1.48378E-02    2.11204E-02    3.00354E-02    4.26941E-02    6.06742E-02    8.62168E-02    1.22506E-01    1.22380E-01    8.60375E-02    6.04808E-02    4.25059E-02    2.98595E-02    2.09564E-02    1.46804E-02    1.02449E-02    7.09371E-03    4.83196E-03    3.17617E-03    1.91886E-03    9.02541E-04    7.21672E-03
     30    1.74057E-01    3.62496E-03    4.52894E-04    9.61919E-04    1.59061E-03    2.41741E-03    3.54540E-03    5.11522E-03    7.32256E-03    1.04425E-02    1.48641E-02    2.11383E-02    3.00472E-02    4.27012E-02    6.06775E-02    8.62168E-02    1.22502E-01    1.22368E-01    8.60197E-02    6.04546E-02    4.24682E-02    2.98056E-02    2.08795E-02    1.45709E-02    1.00891E-02    6.87233E-03    4.51736E-03    2.72913E-03    1.28365E-03    1.02641E-02
     30    1.74039E-01    2.55103E-03    3.18720E-04    6.76941E-04    1.11938E-03    1.70123E-03    2.49504E-03    3.59979E-03    5.15318E-03    7.34884E-03    1.04604E-02    1.48759E-02    2.11454E-02    3.00505E-02    4.27012E-02    6.06742E-02    8.62097E-02    1.22491E-01    1.22342E-01    8.59820E-02    6.04006E-02    4.23912E-02    2.96960E-02    2.07236E-02    1.43493E-02    9.77422E-03    6.42484E-03    3.88152E-03    1.82568E-03    1.45982E-02
     30    1.74001E-01    1.79506E-03    2.24271E-04    4.76337E-04    7.87664E-04    1.19709E-03    1.75566E-03    2.53303E-03    3.62609E-03    5.17109E-03    7.36061E-03    1.04676E-02    1.48792E-02    2.11454E-02    3.00472E-02    4.26941E-02    6.06625E-02    8.61919E-02    1.22464E-01    1.22288E-01    8.59049E-02    6.02909E-02    4.22351E-02    2.94741E-02    2.04084E-02    1.39014E-02    9.13774E-03    5.52049E-03    2.59658E-03    2.07623E-02
     30    1.73924E-01    1.26283E-03    1.57775E-04    3.35105E-04    5.54124E-04    8.42155E-04    1.23512E-03    1.78199E-03    2.55097E-03    3.63788E-03    5.17822E-03    7.36396E-03    1.04676E-02    1.48759E-02    2.11383E-02    3.00354E-02    4.26762E-02    6.06363E-02    8.61541E-02    1.22410E-01    1.22178E-01    8.57487E-02    6.00689E-02    4.19196E-02    2.90258E-02    1.97712E-02    1.29961E-02    7.85152E-03    3.69298E-03    2.95291E-02
     30    1.73768E-01    8.88002E-04    1.10945E-04    2.35640E-04    3.89651E-04    5.92189E-04    8.68512E-04    1.25307E-03    1.79380E-03    2.55810E-03    3.64123E-03    5.17822E-03    7.36061E-03    1.04604E-02    1.48641E-02    2.11204E-02    3.00092E-02    4.26384E-02    6.05821E-02    8.60769E-02    1.22300E-01    1.21956E-01    8.54328E-02    5.96200E-02    4.12818E-02    2.81196E-02    1.84837E-02    1.11668E-02    5.25234E-03    4.19977E-02
     30    1.73451E-01    6.23853E-04    7.79426E-05    1.65545E-04    2.73743E-04    4.16034E-04    6.10161E-04    8.80325E-04    1.26021E-03    1.79715E-03    2.55810E-03    3.63788E-03    5.17109E-03    7.34884E-03    1.04425E-02    1.48378E-02    2.10825E-02    2.99550E-02    4.25611E-02    6.04720E-02    8.59203E-02    1.22078E-01    1.21507E-01    8.47944E-02    5.87130E-02    3.99930E-02    2.62884E-02    1.58820E-02    7.47012E-03    5.97311E-02
     30    1.72812E-01    4.37460E-04    5.46552E-05    1.16084E-04    1.91955E-04    2.91733E-04    4.27859E-04    6.17305E-04    8.83685E-04    1.26021E-03    1.79380E-03    2.55097E-03    3.62609E-03    5.15318E-03    7.32256E-03    1.04046E-02    1.47836E-02    2.10051E-02    2.98448E-02    4.24044E-02    6.02493E-02    8.56038E-02    1.21628E-01    1.20599E-01    8.35043E-02    5.68800E-02    3.73886E-02    2.25881E-02    1.06244E-02    8.49524E-02
     30    1.71521E-01    3.05591E-04    3.81798E-05    8.10915E-05    1.34092E-04    2.03792E-04    2.98884E-04    4.31222E-04    6.17305E-04    8.80325E-04    1.25307E-03    1.78199E-03    2.53303E-03    3.59979E-03    5.11522E-03    7.26823E-03    1.03272E-02    1.46733E-02    2.08483E-02    2.96219E-02    4.20876E-02    5.97992E-02    8.49642E-02    1.20719E-01    1.18764E-01    8.08973E-02    5.31759E-02    3.21258E-02    1.51105E-02    1.20823E-01
     30    1.68911E-01    2.11808E-04    2.64627E-05    5.62052E-05    9.29400E-05    1.41250E-04    2.07159E-04    2.98884E-04    4.27859E-04    6.10161E-04    8.68512E-04    1.23512E-03    1.75566E-03    2.49504E-03    3.54540E-03    5.03767E-03    7.15784E-03    1.01702E-02    1.44501E-02    2.05312E-02    2.91713E-02    4.14473E-02    5.88894E-02    8.36715E-02    1.18883E-01    1.15056E-01    7.56292E-02    4.56908E-02    2.14908E-02    1.71840E-01
     30    1.63638E-01    1.44420E-04    1.80434E-05    3.83231E-05    6.33705E-05    9.63103E-05    1.41250E-04    2.03792E-04    2.91733E-04    4.16034E-04    5.92189E-04    8.42155E-04    1.19709E-03    1.70123E-03    2.41741E-03    3.43490E-03    4.88052E-03    6.93446E-03    9.85272E-03    1.39990E-02    1.98902E-02    2.82606E-02    4.01533E-02    5.70509E-02    8.10593E-02    1.15171E-01    1.07563E-01    6.49836E-02    3.05652E-02    2.44400E-01
     30    1.52982E-01    9.50256E-05    1.18723E-05    2.52160E-05    4.16967E-05    6.33705E-05    9.29400E-05    1.34092E-04    1.91955E-04    2.73743E-04    3.89651E-04    5.54124E-04    7.87664E-04    1.11938E-03    1.59061E-03    2.26011E-03    3.21130E-03    4.56276E-03    6.48293E-03    9.21113E-03    1.30874E-02    1.85950E-02    2.64202E-02    3.75385E-02    5.33356E-02    7.57806E-02    1.07671E-01    9.24227E-02    4.34713E-02    3.47596E-01
     30    1.31448E-01    5.74664E-05    7.17971E-06    1.52493E-05    2.52160E-05    3.83231E-05    5.62052E-05    8.10915E-05    1.16084E-04    1.65545E-04    2.35640E-04    3.35105E-04    4.76337E-04    6.76941E-04    9.61919E-04    1.36679E-03    1.94202E-03    2.75931E-03    3.92053E-03    5.57040E-03    7.91458E-03    1.12452E-02    1.59775E-02    2.27013E-02    3.22546E-02    4.58281E-02    6.51137E-02    9.25152E-02    6.18269E-02    4.94368E-01
     30    8.79331E-02    2.70565E-05    3.38038E-06    7.17971E-06    1.18723E-05    1.80434E-05    2.64627E-05    3.81798E-05    5.46552E-05    7.79426E-05    1.10945E-04    1.57775E-04    2.24271E-04    3.18720E-04    4.52894E-04    6.43518E-04    9.14351E-04    1.29915E-03    1.84588E-03    2.62268E-03    3.72637E-03    5.29452E-03    7.52260E-03    1.06883E-02    1.51862E-02    2.15769E-02    3.06571E-02    4.35583E-02    6.18887E-02    7.03113E-01
     30    1.00000E+00    0.00000E+00    0.00000E+00    0.00000E+00    0.00000E+00    0.00000E+00    0.00000E+00    0.00000E+00    0.00000E+00    0.00000E+00    0.00000E+00    0.00000E+00    0.00000E+00    0.00000E+00    0.00000E+00    0.00000E+00    0.00000E+00    0.00000E+00    0.00000E+00    0.00000E+00    0.00000E+00    0.00000E+00    0.00000E+00    0.00000E+00    0.00000E+00    0.00000E+00    0.00000E+00    0.00000E+00    0.00000E+00    0.00000E+00

  Initial mixing ratios reaction amounts (by rows):

      1.00000E+00    0.00000E+00    0.00000E+00    0.00000E+00    0.00000E+00    0.00000E+00    0.00000E+00    0.00000E+00    0.00000E+00    0.00000E+00    0.00000E+00    0.00000E+00    0.00000E+00    0.00000E+00    0.00000E+00    0.00000E+00    0.00000E+00    0.00000E+00    0.00000E+00    0.00000E+00    0.00000E+00    0.00000E+00    0.00000E+00    0.00000E+00    0.00000E+00    0.00000E+00    0.00000E+00    0.00000E+00    0.00000E+00    0.00000E+00
      8.79331E-02    7.03816E-01    6.18269E-02    4.34713E-02    3.05652E-02    2.14908E-02    1.51105E-02    1.06244E-02    7.47012E-03    5.25234E-03    3.69298E-03    2.59658E-03    1.82568E-03    1.28365E-03    9.02541E-04    6.34571E-04    4.46151E-04    3.13661E-04    2.20490E-04    1.54961E-04    1.08857E-04    7.63993E-05    5.35194E-05    3.73490E-05    2.58610E-05    1.76155E-05    1.15791E-05    6.99545E-06    3.29033E-06    2.63095E-05
      1.31448E-01    4.95358E-01    6.18887E-02    9.24227E-02    6.49836E-02    4.56908E-02    3.21258E-02    2.25881E-02    1.58820E-02    1.11668E-02    7.85152E-03    5.52049E-03    3.88152E-03    2.72913E-03    1.91886E-03    1.34914E-03    9.48546E-04    6.66862E-04    4.68776E-04    3.29456E-04    2.31436E-04    1.62430E-04    1.13786E-04    7.94063E-05    5.49821E-05    3.74517E-05    2.46180E-05    1.48728E-05    6.99545E-06    5.59356E-05
      1.52982E-01    3.48641E-01    4.35583E-02    9.25152E-02    1.07563E-01    7.56292E-02    5.31759E-02    3.73886E-02    2.62884E-02    1.84837E-02    1.29961E-02    9.13774E-03    6.42484E-03    4.51736E-03    3.17617E-03    2.23315E-03    1.57007E-03    1.10382E-03    7.75937E-04    5.45328E-04    3.83082E-04    2.68860E-04    1.88342E-04    1.31436E-04    9.10086E-05    6.19916E-05    4.07487E-05    2.46180E-05    1.15791E-05    9.25868E-05
      1.63638E-01    2.45379E-01    3.06571E-02    6.51137E-02    1.07671E-01    1.15056E-01    8.08973E-02    5.68800E-02    3.99930E-02    2.81196E-02    1.97712E-02    1.39014E-02    9.77422E-03    6.87233E-03    4.83196E-03    3.39732E-03    2.38857E-03    1.67925E-03    1.18045E-03    8.29617E-04    5.82790E-04    4.09021E-04    2.86528E-04    1.99956E-04    1.38453E-04    9.43088E-05    6.19916E-05    3.74517E-05    1.76155E-05    1.40854E-04
      1.68911E-01    1.72702E-01    2.15769E-02    4.58281E-02    7.57806E-02    1.15171E-01    1.18764E-01    8.35043E-02    5.87130E-02    4.12818E-02    2.90258E-02    2.04084E-02    1.43493E-02    1.00891E-02    7.09371E-03    4.98754E-03    3.50662E-03    2.46528E-03    1.73299E-03    1.21794E-03    8.55582E-04    6.00476E-04    4.20647E-04    2.93552E-04    2.03260E-04    1.38453E-04    9.10086E-05    5.49821E-05    2.58610E-05    2.06785E-04
      1.71521E-01    1.21550E-01    1.51862E-02    3.22546E-02    5.33356E-02    8.10593E-02    1.18883E-01    1.20599E-01    8.47944E-02    5.96200E-02    4.19196E-02    2.94741E-02    2.07236E-02    1.45709E-02    1.02449E-02    7.20311E-03    5.06433E-03    3.56041E-03    2.50282E-03    1.75898E-03    1.23565E-03    8.67219E-04    6.07506E-04    4.23954E-04    2.93552E-04    1.99956E-04    1.31436E-04    7.94063E-05    3.73490E-05    2.98642E-04
      1.72812E-01    8.55491E-02    1.06883E-02    2.27013E-02    3.75385E-02    5.70509E-02    8.36715E-02    1.20719E-01    1.21507E-01    8.54328E-02    6.00689E-02    4.22351E-02    2.96960E-02    2.08795E-02    1.46804E-02    1.03217E-02    7.25695E-03    5.10190E-03    3.58642E-03    2.52054E-03    1.77063E-03    1.24269E-03    8.70529E-04    6.07506E-04    4.20647E-04    2.86528E-04    1.88342E-04    1.13786E-04    5.35194E-05    4.27941E-04
      1.73451E-01    6.02109E-02    7.52260E-03    1.59775E-02    2.64202E-02    4.01533E-02    5.88894E-02    8.49642E-02    1.21628E-01    1.21956E-01    8.57487E-02    6.02909E-02    4.23912E-02    2.98056E-02    2.09564E-02    1.47343E-02    1.03593E-02    7.28299E-03    5.11964E-03    3.59808E-03    2.52758E-03    1.77394E-03    1.24269E-03    8.67219E-04    6.00476E-04    4.09021E-04    2.68860E-04    1.62430E-04    7.63993E-05    6.10889E-04
      1.73768E-01    4.23774E-02    5.29452E-03    1.12452E-02    1.85950E-02    2.82606E-02    4.14473E-02    5.97992E-02    8.56038E-02    1.22078E-01    1.22178E-01    8.59049E-02    6.04006E-02    4.24682E-02    2.98595E-02    2.09941E-02    1.47604E-02    1.03771E-02    7.29467E-03    5.12669E-03    3.60140E-03    2.52758E-03    1.77063E-03    1.23565E-03    8.55582E-04    5.82790E-04    3.83082E-04    2.31436E-04    1.08857E-04    8.70418E-04
      1.73924E-01    2.98259E-02    3.72637E-03    7.91458E-03    1.30874E-02    1.98902E-02    2.91713E-02    4.20876E-02    6.02493E-02    8.59203E-02    1.22300E-01    1.22288E-01    8.59820E-02    6.04546E-02    4.25059E-02    2.98856E-02    2.10118E-02    1.47721E-02    1.03842E-02    7.29799E-03    5.12669E-03    3.59808E-03    2.52054E-03    1.75898E-03    1.21794E-03    8.29617E-04    5.45328E-04    3.29456E-04    1.54961E-04    1.23906E-03
      1.74001E-01    2.09919E-02    2.62268E-03    5.57040E-03    9.21113E-03    1.39990E-02    2.05312E-02    2.96219E-02    4.24044E-02    6.04720E-02    8.60769E-02    1.22410E-01    1.22342E-01    8.60197E-02    6.04808E-02    4.25237E-02    2.98973E-02    2.10189E-02    1.47754E-02    1.03842E-02    7.29467E-03    5.11964E-03    3.58642E-03    2.50282E-03    1.73299E-03    1.18045E-03    7.75937E-04    4.68776E-04    2.20490E-04    1.76304E-03
      1.74039E-01    1.47744E-02    1.84588E-03    3.92053E-03    6.48293E-03    9.85272E-03    1.44501E-02    2.08483E-02    2.98448E-02    4.25611E-02    6.05821E-02    8.61541E-02    1.22464E-01    1.22368E-01    8.60375E-02    6.04925E-02    4.25307E-02    2.99007E-02    2.10189E-02    1.47721E-02    1.03771E-02    7.28299E-03    5.10190E-03    3.56041E-03    2.46528E-03    1.67925E-03    1.10382E-03    6.66862E-04    3.13661E-04    2.50803E-03
      1.74057E-01    1.03984E-02    1.29915E-03    2.75931E-03    4.56276E-03    6.93446E-03    1.01702E-02    1.46733E-02    2.10051E-02    2.99550E-02    4.26384E-02    6.06363E-02    8.61919E-02    1.22491E-01    1.22380E-01    8.60446E-02    6.04958E-02    4.25307E-02    2.98973E-02    2.10118E-02    1.47604E-02    1.03593E-02    7.25695E-03    5.06433E-03    3.50662E-03    2.38857E-03    1.57007E-03    9.48546E-04    4.46151E-04    3.56743E-03
      1.74064E-01    7.31846E-03    9.14351E-04    1.94202E-03    3.21130E-03    4.88052E-03    7.15784E-03    1.03272E-02    1.47836E-02    2.10825E-02    3.00092E-02    4.26762E-02    6.06625E-02    8.62097E-02    1.22502E-01    1.22383E-01    8.60446E-02    6.04925E-02    4.25237E-02    2.98856E-02    2.09941E-02    1.47343E-02    1.03217E-02    7.20311E-03    4.98754E-03    3.39732E-03    2.23315E-03    1.34914E-03    6.34571E-04    5.07403E-03
      1.74064E-01    5.15072E-03    6.43518E-04    1.36679E-03    2.26011E-03    3.43490E-03    5.03767E-03    7.26823E-03    1.04046E-02    1.48378E-02    2.11204E-02    3.00354E-02    4.26941E-02    6.06742E-02    8.62168E-02    1.22506E-01    1.22380E-01    8.60375E-02    6.04808E-02    4.25059E-02    2.98595E-02    2.09564E-02    1.46804E-02    1.02449E-02    7.09371E-03    4.83196E-03    3.17617E-03    1.91886E-03    9.02541E-04    7.21672E-03
      1.74057E-01    3.62496E-03    4.52894E-04    9.61919E-04    1.59061E-03    2.41741E-03    3.54540E-03    5.11522E-03    7.32256E-03    1.04425E-02    1.48641E-02    2.11383E-02    3.00472E-02    4.27012E-02    6.06775E-02    8.62168E-02    1.22502E-01    1.22368E-01    8.60197E-02    6.04546E-02    4.24682E-02    2.98056E-02    2.08795E-02    1.45709E-02    1.00891E-02    6.87233E-03    4.51736E-03    2.72913E-03    1.28365E-03    1.02641E-02
      1.74039E-01    2.55103E-03    3.18720E-04    6.76941E-04    1.11938E-03    1.70123E-03    2.49504E-03    3.59979E-03    5.15318E-03    7.34884E-03    1.04604E-02    1.48759E-02    2.11454E-02    3.00505E-02    4.27012E-02    6.06742E-02    8.62097E-02    1.22491E-01    1.22342E-01    8.59820E-02    6.04006E-02    4.23912E-02    2.96960E-02    2.07236E-02    1.43493E-02    9.77422E-03    6.42484E-03    3.88152E-03    1.82568E-03    1.45982E-02
      1.74001E-01    1.79506E-03    2.24271E-04    4.76337E-04    7.87664E-04    1.19709E-03    1.75566E-03    2.53303E-03    3.62609E-03    5.17109E-03    7.36061E-03    1.04676E-02    1.48792E-02    2.11454E-02    3.00472E-02    4.26941E-02    6.06625E-02    8.61919E-02    1.22464E-01    1.22288E-01    8.59049E-02    6.02909E-02    4.22351E-02    2.94741E-02    2.04084E-02    1.39014E-02    9.13774E-03    5.52049E-03    2.59658E-03    2.07623E-02
      1.73924E-01    1.26283E-03    1.57775E-04    3.35105E-04    5.54124E-04    8.42155E-04    1.23512E-03    1.78199E-03    2.55097E-03    3.63788E-03    5.17822E-03    7.36396E-03    1.04676E-02    1.48759E-02    2.11383E-02    3.00354E-02    4.26762E-02    6.06363E-02    8.61541E-02    1.22410E-01    1.22178E-01    8.57487E-02    6.00689E-02    4.19196E-02    2.90258E-02    1.97712E-02    1.29961E-02    7.85152E-03    3.69298E-03    2.95291E-02
      1.73768E-01    8.88002E-04    1.10945E-04    2.35640E-04    3.89651E-04    5.92189E-04    8.68512E-04    1.25307E-03    1.79380E-03    2.55810E-03    3.64123E-03    5.17822E-03    7.36061E-03    1.04604E-02    1.48641E-02    2.11204E-02    3.00092E-02    4.26384E-02    6.05821E-02    8.60769E-02    1.22300E-01    1.21956E-01    8.54328E-02    5.96200E-02    4.12818E-02    2.81196E-02    1.84837E-02    1.11668E-02    5.25234E-03    4.19977E-02
      1.73451E-01    6.23853E-04    7.79426E-05    1.65545E-04    2.73743E-04    4.16034E-04    6.10161E-04    8.80325E-04    1.26021E-03    1.79715E-03    2.55810E-03    3.63788E-03    5.17109E-03    7.34884E-03    1.04425E-02    1.48378E-02    2.10825E-02    2.99550E-02    4.25611E-02    6.04720E-02    8.59203E-02    1.22078E-01    1.21507E-01    8.47944E-02    5.87130E-02    3.99930E-02    2.62884E-02    1.58820E-02    7.47012E-03    5.97311E-02
      1.72812E-01    4.37460E-04    5.46552E-05    1.16084E-04    1.91955E-04    2.91733E-04    4.27859E-04    6.17305E-04    8.83685E-04    1.26021E-03    1.79380E-03    2.55097E-03    3.62609E-03    5.15318E-03    7.32256E-03    1.04046E-02    1.47836E-02    2.10051E-02    2.98448E-02    4.24044E-02    6.02493E-02    8.56038E-02    1.21628E-01    1.20599E-01    8.35043E-02    5.68800E-02    3.73886E-02    2.25881E-02    1.06244E-02    8.49524E-02
      1.71521E-01    3.05591E-04    3.81798E-05    8.10915E-05    1.34092E-04    2.03792E-04    2.98884E-04    4.31222E-04    6.17305E-04    8.80325E-04    1.25307E-03    1.78199E-03    2.53303E-03    3.59979E-03    5.11522E-03    7.26823E-03    1.03272E-02    1.46733E-02    2.08483E-02    2.96219E-02    4.20876E-02    5.97992E-02    8.49642E-02    1.20719E-01    1.18764E-01    8.08973E-02    5.31759E-02    3.21258E-02    1.51105E-02    1.20823E-01
      1.68911E-01    2.11808E-04    2.64627E-05    5.62052E-05    9.29400E-05    1.41250E-04    2.07159E-04    2.98884E-04    4.27859E-04    6.10161E-04    8.68512E-04    1.23512E-03    1.75566E-03    2.49504E-03    3.54540E-03    5.03767E-03    7.15784E-03    1.01702E-02    1.44501E-02    2.05312E-02    2.91713E-02    4.14473E-02    5.88894E-02    8.36715E-02    1.18883E-01    1.15056E-01    7.56292E-02    4.56908E-02    2.14908E-02    1.71840E-01
      1.63638E-01    1.44420E-04    1.80434E-05    3.83231E-05    6.33705E-05    9.63103E-05    1.41250E-04    2.03792E-04    2.91733E-04    4.16034E-04    5.92189E-04    8.42155E-04    1.19709E-03    1.70123E-03    2.41741E-03    3.43490E-03    4.88052E-03    6.93446E-03    9.85272E-03    1.39990E-02    1.98902E-02    2.82606E-02    4.01533E-02    5.70509E-02    8.10593E-02    1.15171E-01    1.07563E-01    6.49836E-02    3.05652E-02    2.44400E-01
      1.52982E-01    9.50256E-05    1.18723E-05    2.52160E-05    4.16967E-05    6.33705E-05    9.29400E-05    1.34092E-04    1.91955E-04    2.73743E-04    3.89651E-04    5.54124E-04    7.87664E-04    1.11938E-03    1.59061E-03    2.26011E-03    3.21130E-03    4.56276E-03    6.48293E-03    9.21113E-03    1.30874E-02    1.85950E-02    2.64202E-02    3.75385E-02    5.33356E-02    7.57806E-02    1.07671E-01    9.24227E-02    4.34713E-02    3.47596E-01
      1.31448E-01    5.74664E-05    7.17971E-06    1.52493E-05    2.52160E-05    3.83231E-05    5.62052E-05    8.10915E-05    1.16084E-04    1.65545E-04    2.35640E-04    3.35105E-04    4.76337E-04    6.76941E-04    9.61919E-04    1.36679E-03    1.94202E-03    2.75931E-03    3.92053E-03    5.57040E-03    7.91458E-03    1.12452E-02    1.59775E-02    2.27013E-02    3.22546E-02    4.58281E-02    6.51137E-02    9.25152E-02    6.18269E-02    4.94368E-01
      8.79331E-02    2.70565E-05    3.38038E-06    7.17971E-06    1.18723E-05    1.80434E-05    2.64627E-05    3.81798E-05    5.46552E-05    7.79426E-05    1.10945E-04    1.57775E-04    2.24271E-04    3.18720E-04    4.52894E-04    6.43518E-04    9.14351E-04    1.29915E-03    1.84588E-03    2.62268E-03    3.72637E-03    5.29452E-03    7.52260E-03    1.06883E-02    1.51862E-02    2.15769E-02    3.06571E-02    4.35583E-02    6.18887E-02    7.03113E-01
      1.00000E+00    0.00000E+00    0.00000E+00    0.00000E+00    0.00000E+00    0.00000E+00    0.00000E+00    0.00000E+00    0.00000E+00    0.00000E+00    0.00000E+00    0.00000E+00    0.00000E+00    0.00000E+00    0.00000E+00    0.00000E+00    0.00000E+00    0.00000E+00    0.00000E+00    0.00000E+00    0.00000E+00    0.00000E+00    0.00000E+00    0.00000E+00    0.00000E+00    0.00000E+00    0.00000E+00    0.00000E+00    0.00000E+00    0.00000E+00

  Final mixing ratios reaction amounts (by rows):

      1.00000E+00
      8.79331E-02
      1.31448E-01
      1.52982E-01
      1.63638E-01
      1.68911E-01
      1.71521E-01
      1.72812E-01
      1.73451E-01
      1.73768E-01
      1.73924E-01
      1.74001E-01
      1.74039E-01
      1.74057E-01
      1.74064E-01
      1.74064E-01
      1.74057E-01
      1.74039E-01
      1.74001E-01
      1.73924E-01
      1.73768E-01
      1.73451E-01
      1.72812E-01
      1.71521E-01
      1.68911E-01
      1.63638E-01
      1.52982E-01
      1.31448E-01
      8.79331E-02
      1.00000E+00

  Mixing waters indices + no. upstream waters + no. downstream waters:

      1    2    3    4    5    6    7    8    9   10   11   12   13   14   15   16   17   18   19   20   21   22   23   24   25   26   27   28   29   30    0   29
      2    1    3    4    5    6    7    8    9   10   11   12   13   14   15   16   17   18   19   20   21   22   23   24   25   26   27   28   29   30    1   28
      3    1    2    4    5    6    7    8    9   10   11   12   13   14   15   16   17   18   19   20   21   22   23   24   25   26   27   28   29   30    2   27
      4    1    2    3    5    6    7    8    9   10   11   12   13   14   15   16   17   18   19   20   21   22   23   24   25   26   27   28   29   30    3   26
      5    1    2    3    4    6    7    8    9   10   11   12   13   14   15   16   17   18   19   20   21   22   23   24   25   26   27   28   29   30    4   25
      6    1    2    3    4    5    7    8    9   10   11   12   13   14   15   16   17   18   19   20   21   22   23   24   25   26   27   28   29   30    5   24
      7    1    2    3    4    5    6    8    9   10   11   12   13   14   15   16   17   18   19   20   21   22   23   24   25   26   27   28   29   30    6   23
      8    1    2    3    4    5    6    7    9   10   11   12   13   14   15   16   17   18   19   20   21   22   23   24   25   26   27   28   29   30    7   22
      9    1    2    3    4    5    6    7    8   10   11   12   13   14   15   16   17   18   19   20   21   22   23   24   25   26   27   28   29   30    8   21
     10    1    2    3    4    5    6    7    8    9   11   12   13   14   15   16   17   18   19   20   21   22   23   24   25   26   27   28   29   30    9   20
     11    1    2    3    4    5    6    7    8    9   10   12   13   14   15   16   17   18   19   20   21   22   23   24   25   26   27   28   29   30   10   19
     12    1    2    3    4    5    6    7    8    9   10   11   13   14   15   16   17   18   19   20   21   22   23   24   25   26   27   28   29   30   11   18
     13    1    2    3    4    5    6    7    8    9   10   11   12   14   15   16   17   18   19   20   21   22   23   24   25   26   27   28   29   30   12   17
     14    1    2    3    4    5    6    7    8    9   10   11   12   13   15   16   17   18   19   20   21   22   23   24   25   26   27   28   29   30   13   16
     15    1    2    3    4    5    6    7    8    9   10   11   12   13   14   16   17   18   19   20   21   22   23   24   25   26   27   28   29   30   14   15
     16    1    2    3    4    5    6    7    8    9   10   11   12   13   14   15   17   18   19   20   21   22   23   24   25   26   27   28   29   30   15   14
     17    1    2    3    4    5    6    7    8    9   10   11   12   13   14   15   16   18   19   20   21   22   23   24   25   26   27   28   29   30   16   13
     18    1    2    3    4    5    6    7    8    9   10   11   12   13   14   15   16   17   19   20   21   22   23   24   25   26   27   28   29   30   17   12
     19    1    2    3    4    5    6    7    8    9   10   11   12   13   14   15   16   17   18   20   21   22   23   24   25   26   27   28   29   30   18   11
     20    1    2    3    4    5    6    7    8    9   10   11   12   13   14   15   16   17   18   19   21   22   23   24   25   26   27   28   29   30   19   10
     21    1    2    3    4    5    6    7    8    9   10   11   12   13   14   15   16   17   18   19   20   22   23   24   25   26   27   28   29   30   20    9
     22    1    2    3    4    5    6    7    8    9   10   11   12   13   14   15   16   17   18   19   20   21   23   24   25   26   27   28   29   30   21    8
     23    1    2    3    4    5    6    7    8    9   10   11   12   13   14   15   16   17   18   19   20   21   22   24   25   26   27   28   29   30   22    7
     24    1    2    3    4    5    6    7    8    9   10   11   12   13   14   15   16   17   18   19   20   21   22   23   25   26   27   28   29   30   23    6
     25    1    2    3    4    5    6    7    8    9   10   11   12   13   14   15   16   17   18   19   20   21   22   23   24   26   27   28   29   30   24    5
     26    1    2    3    4    5    6    7    8    9   10   11   12   13   14   15   16   17   18   19   20   21   22   23   24   25   27   28   29   30   25    4
     27    1    2    3    4    5    6    7    8    9   10   11   12   13   14   15   16   17   18   19   20   21   22   23   24   25   26   28   29   30   26    3
     28    1    2    3    4    5    6    7    8    9   10   11   12   13   14   15   16   17   18   19   20   21   22   23   24   25   26   27   29   30   27    2
     29    1    2    3    4    5    6    7    8    9   10   11   12   13   14   15   16   17   18   19   20   21   22   23   24   25   26   27   28   30   28    1
     30    1    2    3    4    5    6    7    8    9   10   11   12   13   14   15   16   17   18   19   20   21   22   23   24   25   26   27   28   29   29    0

  Reaction mixing waters indices + no. upstream waters + no. downstream waters:

      1    2    3    4    5    6    7    8    9   10   11   12   13   14   15   16   17   18   19   20   21   22   23   24   25   26   27   28   29   30    0   29
      2    1    3    4    5    6    7    8    9   10   11   12   13   14   15   16   17   18   19   20   21   22   23   24   25   26   27   28   29   30    1   28
      3    1    2    4    5    6    7    8    9   10   11   12   13   14   15   16   17   18   19   20   21   22   23   24   25   26   27   28   29   30    2   27
      4    1    2    3    5    6    7    8    9   10   11   12   13   14   15   16   17   18   19   20   21   22   23   24   25   26   27   28   29   30    3   26
      5    1    2    3    4    6    7    8    9   10   11   12   13   14   15   16   17   18   19   20   21   22   23   24   25   26   27   28   29   30    4   25
      6    1    2    3    4    5    7    8    9   10   11   12   13   14   15   16   17   18   19   20   21   22   23   24   25   26   27   28   29   30    5   24
      7    1    2    3    4    5    6    8    9   10   11   12   13   14   15   16   17   18   19   20   21   22   23   24   25   26   27   28   29   30    6   23
      8    1    2    3    4    5    6    7    9   10   11   12   13   14   15   16   17   18   19   20   21   22   23   24   25   26   27   28   29   30    7   22
      9    1    2    3    4    5    6    7    8   10   11   12   13   14   15   16   17   18   19   20   21   22   23   24   25   26   27   28   29   30    8   21
     10    1    2    3    4    5    6    7    8    9   11   12   13   14   15   16   17   18   19   20   21   22   23   24   25   26   27   28   29   30    9   20
     11    1    2    3    4    5    6    7    8    9   10   12   13   14   15   16   17   18   19   20   21   22   23   24   25   26   27   28   29   30   10   19
     12    1    2    3    4    5    6    7    8    9   10   11   13   14   15   16   17   18   19   20   21   22   23   24   25   26   27   28   29   30   11   18
     13    1    2    3    4    5    6    7    8    9   10   11   12   14   15   16   17   18   19   20   21   22   23   24   25   26   27   28   29   30   12   17
     14    1    2    3    4    5    6    7    8    9   10   11   12   13   15   16   17   18   19   20   21   22   23   24   25   26   27   28   29   30   13   16
     15    1    2    3    4    5    6    7    8    9   10   11   12   13   14   16   17   18   19   20   21   22   23   24   25   26   27   28   29   30   14   15
     16    1    2    3    4    5    6    7    8    9   10   11   12   13   14   15   17   18   19   20   21   22   23   24   25   26   27   28   29   30   15   14
     17    1    2    3    4    5    6    7    8    9   10   11   12   13   14   15   16   18   19   20   21   22   23   24   25   26   27   28   29   30   16   13
     18    1    2    3    4    5    6    7    8    9   10   11   12   13   14   15   16   17   19   20   21   22   23   24   25   26   27   28   29   30   17   12
     19    1    2    3    4    5    6    7    8    9   10   11   12   13   14   15   16   17   18   20   21   22   23   24   25   26   27   28   29   30   18   11
     20    1    2    3    4    5    6    7    8    9   10   11   12   13   14   15   16   17   18   19   21   22   23   24   25   26   27   28   29   30   19   10
     21    1    2    3    4    5    6    7    8    9   10   11   12   13   14   15   16   17   18   19   20   22   23   24   25   26   27   28   29   30   20    9
     22    1    2    3    4    5    6    7    8    9   10   11   12   13   14   15   16   17   18   19   20   21   23   24   25   26   27   28   29   30   21    8
     23    1    2    3    4    5    6    7    8    9   10   11   12   13   14   15   16   17   18   19   20   21   22   24   25   26   27   28   29   30   22    7
     24    1    2    3    4    5    6    7    8    9   10   11   12   13   14   15   16   17   18   19   20   21   22   23   25   26   27   28   29   30   23    6
     25    1    2    3    4    5    6    7    8    9   10   11   12   13   14   15   16   17   18   19   20   21   22   23   24   26   27   28   29   30   24    5
     26    1    2    3    4    5    6    7    8    9   10   11   12   13   14   15   16   17   18   19   20   21   22   23   24   25   27   28   29   30   25    4
     27    1    2    3    4    5    6    7    8    9   10   11   12   13   14   15   16   17   18   19   20   21   22   23   24   25   26   28   29   30   26    3
     28    1    2    3    4    5    6    7    8    9   10   11   12   13   14   15   16   17   18   19   20   21   22   23   24   25   26   27   29   30   27    2
     29    1    2    3    4    5    6    7    8    9   10   11   12   13   14   15   16   17   18   19   20   21   22   23   24   25   26   27   28   30   28    1
     30    1    2    3    4    5    6    7    8    9   10   11   12   13   14   15   16   17   18   19   20   21   22   23   24   25   26   27   28   29   29    0

  Chemical input option:                        1

  WMA option:          Lumped

  rk average option:                        2

  Number of lumpings:                        0

  Aqueous species:

          h2o(p)         
          ca+2           
          so4-2          
          co3-2(p)       
  Minerals (name + molar volume):

          anhydrite          4.59400E-02
          calcite3           3.69340E-02
  Gases:

  Surface complexes:

  Equilibrium reactions:

          anhydrite                     

          calcite3                      

  Kinetic reactions:

  Global stoichiometric matrix:

                 -1.00000       -1.00000        0.00000        0.00000        1.00000        0.00000
                 -1.00000        0.00000       -1.00000        0.00000        0.00000        1.00000
  Equilibrium constants:

              2.02488E+04
              3.02064E+08

  Global component matrix:


  Concentration of recharge waters (in molalities): (rows -> aqueous species in the same order as before, columns -> targets)






  Activities of recharge waters:






  Concentration of boundary waters (in molalities): (rows -> aqueous species in the same order as before, columns -> targets)






  Activities of boundary waters:






  Initial concentration of aqueous species in the domain:

              5.55556E+01    5.55556E+01    5.55556E+01    5.55556E+01    5.55556E+01    5.55556E+01    5.55556E+01    5.55556E+01    5.55556E+01    5.55556E+01    5.55556E+01    5.55556E+01    5.55556E+01    5.55556E+01    5.55556E+01    5.55556E+01    5.55556E+01    5.55556E+01    5.55556E+01    5.55556E+01    5.55556E+01    5.55556E+01    5.55556E+01    5.55556E+01    5.55556E+01    5.55556E+01    5.55556E+01    5.55556E+01    5.55556E+01    5.55556E+01
              1.00000E-01    1.00000E-01    1.00000E-01    1.00000E-01    1.00000E-01    1.00000E-01    1.00000E-01    1.00000E-01    1.00000E-01    1.00000E-01    1.00000E-01    1.00000E-01    1.00000E-01    1.00000E-01    1.00000E-01    1.00000E-02    2.00000E-03    2.00000E-03    2.00000E-03    2.00000E-03    2.00000E-03    2.00000E-03    2.00000E-03    2.00000E-03    2.00000E-03    2.00000E-03    2.00000E-03    2.00000E-03    2.00000E-03    2.00000E-03
              1.00000E-06    1.00000E-06    1.00000E-06    1.00000E-06    1.00000E-06    1.00000E-06    1.00000E-06    1.00000E-06    1.00000E-06    1.00000E-06    1.00000E-06    1.00000E-06    1.00000E-06    1.00000E-06    1.00000E-06    4.93856E-03    2.46928E-02    2.46928E-02    2.46928E-02    2.46928E-02    2.46928E-02    2.46928E-02    2.46928E-02    2.46928E-02    2.46928E-02    2.46928E-02    2.46928E-02    2.46928E-02    2.46928E-02    2.46928E-02
              3.31056E-08    3.31056E-08    3.31056E-08    3.31056E-08    3.31056E-08    3.31056E-08    3.31056E-08    3.31056E-08    3.31056E-08    3.31056E-08    3.31056E-08    3.31056E-08    3.31056E-08    3.31056E-08    3.31056E-08    3.31056E-07    1.00000E-03    1.00000E-03    1.00000E-03    1.00000E-03    1.00000E-03    1.00000E-03    1.00000E-03    1.00000E-03    1.00000E-03    1.00000E-03    1.00000E-03    1.00000E-03    1.00000E-03    1.00000E-03

  Initial activities aqueous species domain:

              1.00000E+00    1.00000E+00    1.00000E+00    1.00000E+00    1.00000E+00    1.00000E+00    1.00000E+00    1.00000E+00    1.00000E+00    1.00000E+00    1.00000E+00    1.00000E+00    1.00000E+00    1.00000E+00    1.00000E+00    1.00000E+00    1.00000E+00    1.00000E+00    1.00000E+00    1.00000E+00    1.00000E+00    1.00000E+00    1.00000E+00    1.00000E+00    1.00000E+00    1.00000E+00    1.00000E+00    1.00000E+00    1.00000E+00    1.00000E+00
              1.00000E-01    1.00000E-01    1.00000E-01    1.00000E-01    1.00000E-01    1.00000E-01    1.00000E-01    1.00000E-01    1.00000E-01    1.00000E-01    1.00000E-01    1.00000E-01    1.00000E-01    1.00000E-01    1.00000E-01    1.00000E-02    2.00000E-03    2.00000E-03    2.00000E-03    2.00000E-03    2.00000E-03    2.00000E-03    2.00000E-03    2.00000E-03    2.00000E-03    2.00000E-03    2.00000E-03    2.00000E-03    2.00000E-03    2.00000E-03
              1.00000E-06    1.00000E-06    1.00000E-06    1.00000E-06    1.00000E-06    1.00000E-06    1.00000E-06    1.00000E-06    1.00000E-06    1.00000E-06    1.00000E-06    1.00000E-06    1.00000E-06    1.00000E-06    1.00000E-06    4.93856E-03    2.46928E-02    2.46928E-02    2.46928E-02    2.46928E-02    2.46928E-02    2.46928E-02    2.46928E-02    2.46928E-02    2.46928E-02    2.46928E-02    2.46928E-02    2.46928E-02    2.46928E-02    2.46928E-02
              3.31056E-08    3.31056E-08    3.31056E-08    3.31056E-08    3.31056E-08    3.31056E-08    3.31056E-08    3.31056E-08    3.31056E-08    3.31056E-08    3.31056E-08    3.31056E-08    3.31056E-08    3.31056E-08    3.31056E-08    3.31056E-07    1.00000E-03    1.00000E-03    1.00000E-03    1.00000E-03    1.00000E-03    1.00000E-03    1.00000E-03    1.00000E-03    1.00000E-03    1.00000E-03    1.00000E-03    1.00000E-03    1.00000E-03    1.00000E-03

  Final concentration of aqueous species in the domain:

              5.55556E+01    5.55556E+01    5.55556E+01    5.55556E+01    5.55556E+01    5.55556E+01    5.55556E+01    5.55556E+01    5.55556E+01    5.55556E+01    5.55556E+01    5.55556E+01    5.55556E+01    5.55556E+01    5.55556E+01    5.55556E+01    5.55556E+01    5.55556E+01    5.55556E+01    5.55556E+01    5.55556E+01    5.55556E+01    5.55556E+01    5.55556E+01    5.55556E+01    5.55556E+01    5.55556E+01    5.55556E+01    5.55556E+01    5.55556E+01
              1.00000E-01    9.64097E-02    9.27977E-02    8.91463E-02    8.54395E-02    8.16632E-02    7.78059E-02    7.38593E-02    6.98186E-02    6.56825E-02    6.14538E-02    5.71386E-02    5.27468E-02    4.82911E-02    4.37866E-02    3.82454E-02    3.40104E-02    2.96775E-02    2.54365E-02    2.13315E-02    1.74233E-02    1.37994E-02    1.05831E-02    7.91663E-03    5.88950E-03    4.46041E-03    3.48674E-03    2.81850E-03    2.34612E-03    2.00000E-03
              1.00000E-06    1.98845E-04    3.95536E-04    5.89719E-04    7.80036E-04    9.65134E-04    1.14368E-03    1.31439E-03    1.47608E-03    1.62766E-03    1.76827E-03    1.89728E-03    2.01434E-03    2.11951E-03    2.21322E-03    1.29128E-03    1.45207E-03    1.66408E-03    1.94153E-03    2.31515E-03    2.83446E-03    3.57882E-03    4.66648E-03    6.23821E-03    8.38536E-03    1.10720E-02    1.41638E-02    1.75219E-02    2.10499E-02    2.46928E-02
              3.31056E-08    3.43384E-08    3.56750E-08    3.71362E-08    3.87474E-08    4.05392E-08    4.25489E-08    4.48225E-08    4.74166E-08    5.04024E-08    5.38707E-08    5.79390E-08    6.27631E-08    6.85542E-08    7.56066E-08    8.65609E-08    2.27982E-04    2.94828E-04    3.60623E-04    4.25181E-04    4.88364E-04    5.50090E-04    6.10335E-04    6.69134E-04    7.26578E-04    7.82810E-04    8.38023E-04    8.92447E-04    9.46344E-04    1.00000E-03

  Final activities aqueous species domain:

              1.00000E+00    9.98261E-01    9.98323E-01    9.98385E-01    9.98448E-01    9.98513E-01    9.98579E-01    9.98647E-01    9.98717E-01    9.98788E-01    9.98862E-01    9.98937E-01    9.99014E-01    9.99093E-01    9.99172E-01    9.99288E-01    9.99358E-01    9.99431E-01    9.99501E-01    9.99567E-01    9.99627E-01    9.99677E-01    9.99715E-01    9.99733E-01    9.99730E-01    9.99706E-01    9.99667E-01    9.99618E-01    9.99562E-01    1.00000E+00
              1.00000E-01    9.64097E-02    9.27977E-02    8.91463E-02    8.54395E-02    8.16632E-02    7.78059E-02    7.38593E-02    6.98186E-02    6.56825E-02    6.14538E-02    5.71386E-02    5.27468E-02    4.82911E-02    4.37866E-02    3.82454E-02    3.40104E-02    2.96775E-02    2.54365E-02    2.13315E-02    1.74233E-02    1.37994E-02    1.05831E-02    7.91663E-03    5.88950E-03    4.46041E-03    3.48674E-03    2.81850E-03    2.34612E-03    2.00000E-03
              1.00000E-06    1.98845E-04    3.95536E-04    5.89719E-04    7.80036E-04    9.65134E-04    1.14368E-03    1.31439E-03    1.47608E-03    1.62766E-03    1.76827E-03    1.89728E-03    2.01434E-03    2.11951E-03    2.21322E-03    1.29128E-03    1.45207E-03    1.66408E-03    1.94153E-03    2.31515E-03    2.83446E-03    3.57882E-03    4.66648E-03    6.23821E-03    8.38536E-03    1.10720E-02    1.41638E-02    1.75219E-02    2.10499E-02    2.46928E-02
              3.31056E-08    3.43384E-08    3.56750E-08    3.71362E-08    3.87474E-08    4.05392E-08    4.25489E-08    4.48225E-08    4.74166E-08    5.04024E-08    5.38707E-08    5.79390E-08    6.27631E-08    6.85542E-08    7.56066E-08    8.65609E-08    2.27982E-04    2.94828E-04    3.60623E-04    4.25181E-04    4.88364E-04    5.50090E-04    6.10335E-04    6.69134E-04    7.26578E-04    7.82810E-04    8.38023E-04    8.92447E-04    9.46344E-04    1.00000E-03

  Initial salinity domain:

              3.99190E-03    3.99190E-03    3.99190E-03    3.99190E-03    3.99190E-03    3.99190E-03    3.99190E-03    3.99190E-03    3.99190E-03    3.99190E-03    3.99190E-03    3.99190E-03    3.99190E-03    3.99190E-03    3.99190E-03    8.74430E-04    2.44623E-03    2.44623E-03    2.44623E-03    2.44623E-03    2.44623E-03    2.44623E-03    2.44623E-03    2.44623E-03    2.44623E-03    2.44623E-03    2.44623E-03    2.44623E-03    2.44623E-03    2.44623E-03

  Final salinity domain:

              3.99190E-03    3.86799E-03    3.74308E-03    3.61633E-03    3.48698E-03    3.35432E-03    3.21778E-03    3.07690E-03    2.93137E-03    2.78103E-03    2.62590E-03    2.46616E-03    2.30218E-03    2.13445E-03    1.96363E-03    1.65410E-03    1.50030E-03    1.34745E-03    1.20450E-03    1.07617E-03    9.69638E-04    8.96043E-04    8.71666E-04    9.15708E-04    1.04048E-03    1.24084E-03    1.49812E-03    1.79296E-03    2.11169E-03    2.44623E-03

  Aqueous mean equilibrium reaction amounts:


  Initial aqueous kinetic reaction rates:


  Aqueous kinetic reaction rates:


  Aqueous mean kinetic reaction amounts:


  Aqueous estimated kinetic reaction amounts:


  Mineral zone    1:

          Minerals in equilibrium:

                    calcite3       

          Kinetic minerals:


          Mineral mean kinetic reaction amounts:


          Mineral estimated kinetic reaction amounts:


          Absolute error kinetic reaction amounts:


  Mineral zone    2:

          Minerals in equilibrium:

                    anhydrite      

                    calcite3       

          Kinetic minerals:


          Mineral mean kinetic reaction amounts:


          Mineral estimated kinetic reaction amounts:


          Absolute error kinetic reaction amounts:


  Mineral zone    3:

          Minerals in equilibrium:

                    anhydrite      

          Kinetic minerals:


          Mineral mean kinetic reaction amounts:


          Mineral estimated kinetic reaction amounts:


          Absolute error kinetic reaction amounts:


  Reactive zone    1:

          Non-flowing species:

                    calcite3       
          Number of equilibrium reactions:         1

          Se:

                 -1.00000        0.00000       -1.00000        0.00000        1.00000
          Sk:

          U*Sk^T:




          Equilibrium constants:

              3.02064E+08

          Component matrix:

                  1.00000        0.00000       -1.00000
                  0.00000        1.00000        0.00000

          Initial concentration of components:

              1.00000E-01    1.00000E-01    1.00000E-01    1.00000E-01    1.00000E-01    1.00000E-01    1.00000E-01    1.00000E-01    1.00000E-01    1.00000E-01    1.00000E-01    1.00000E-01    1.00000E-01    1.00000E-01    1.00000E-01
              1.00000E-06    1.00000E-06    1.00000E-06    1.00000E-06    1.00000E-06    1.00000E-06    1.00000E-06    1.00000E-06    1.00000E-06    1.00000E-06    1.00000E-06    1.00000E-06    1.00000E-06    1.00000E-06    1.00000E-06

          Final concentration of components:

              1.00000E-01    9.64097E-02    9.27976E-02    8.91463E-02    8.54395E-02    8.16631E-02    7.78058E-02    7.38593E-02    6.98185E-02    6.56825E-02    6.14537E-02    5.71386E-02    5.27468E-02    4.82910E-02    4.37866E-02
              1.00000E-06    1.98845E-04    3.95536E-04    5.89719E-04    7.80036E-04    9.65134E-04    1.14368E-03    1.31439E-03    1.47608E-03    1.62766E-03    1.76827E-03    1.89728E-03    2.01434E-03    2.11951E-03    2.21322E-03

          Final concentration of aqueous species:

              5.55556E+01    5.55556E+01    5.55556E+01    5.55556E+01    5.55556E+01    5.55556E+01    5.55556E+01    5.55556E+01    5.55556E+01    5.55556E+01    5.55556E+01    5.55556E+01    5.55556E+01    5.55556E+01    5.55556E+01
              1.00000E-01    9.64097E-02    9.27977E-02    8.91463E-02    8.54395E-02    8.16632E-02    7.78059E-02    7.38593E-02    6.98186E-02    6.56825E-02    6.14538E-02    5.71386E-02    5.27468E-02    4.82911E-02    4.37866E-02
              1.00000E-06    1.98845E-04    3.95536E-04    5.89719E-04    7.80036E-04    9.65134E-04    1.14368E-03    1.31439E-03    1.47608E-03    1.62766E-03    1.76827E-03    1.89728E-03    2.01434E-03    2.11951E-03    2.21322E-03
              3.31056E-08    3.43384E-08    3.56750E-08    3.71362E-08    3.87474E-08    4.05392E-08    4.25489E-08    4.48225E-08    4.74166E-08    5.04024E-08    5.38707E-08    5.79390E-08    6.27631E-08    6.85542E-08    7.56066E-08

          Final activities aqueous species:

              1.00000E+00    9.98261E-01    9.98323E-01    9.98385E-01    9.98448E-01    9.98513E-01    9.98579E-01    9.98647E-01    9.98717E-01    9.98788E-01    9.98862E-01    9.98937E-01    9.99014E-01    9.99093E-01    9.99172E-01
              1.00000E-01    9.64097E-02    9.27977E-02    8.91463E-02    8.54395E-02    8.16632E-02    7.78059E-02    7.38593E-02    6.98186E-02    6.56825E-02    6.14538E-02    5.71386E-02    5.27468E-02    4.82911E-02    4.37866E-02
              1.00000E-06    1.98845E-04    3.95536E-04    5.89719E-04    7.80036E-04    9.65134E-04    1.14368E-03    1.31439E-03    1.47608E-03    1.62766E-03    1.76827E-03    1.89728E-03    2.01434E-03    2.11951E-03    2.21322E-03
              3.31056E-08    3.43384E-08    3.56750E-08    3.71362E-08    3.87474E-08    4.05392E-08    4.25489E-08    4.48225E-08    4.74166E-08    5.04024E-08    5.38707E-08    5.79390E-08    6.27631E-08    6.85542E-08    7.56066E-08

          Initial volumetric fractions of minerals:

              5.00000E-01    5.00000E-01    5.00000E-01    5.00000E-01    5.00000E-01    5.00000E-01    5.00000E-01    5.00000E-01    5.00000E-01    5.00000E-01    5.00000E-01    5.00000E-01    5.00000E-01    5.00000E-01    5.00000E-01

          Volumetric fractions of minerals:

              5.00000E-01    5.00000E-01    5.00000E-01    5.00000E-01    5.00000E-01    5.00000E-01    5.00000E-01    5.00000E-01    5.00000E-01    5.00000E-01    5.00000E-01    5.00000E-01    5.00000E-01    5.00000E-01    5.00000E-01

          Initial concentration of minerals:

              1.00000E+00    1.00000E+00    1.00000E+00    1.00000E+00    1.00000E+00    1.00000E+00    1.00000E+00    1.00000E+00    1.00000E+00    1.00000E+00    1.00000E+00    1.00000E+00    1.00000E+00    1.00000E+00    1.00000E+00

          Concentration of minerals:

              1.00000E+00    1.00000E+00    1.00000E+00    1.00000E+00    1.00000E+00    1.00000E+00    1.00000E+00    1.00000E+00    1.00000E+00    1.00000E+00    1.00000E+00    1.00000E+00    1.00000E+00    1.00000E+00    1.00000E+00

          Initial concentration of surface complexes:


          Concentration of surface complexes:


          Initial activity of surface complexes:


          Activity of surface complexes:


          Initial concentration of gases:


          Concentration of gases:


          Initial partial pressures of gases:


          Partial pressures of gases:


          Initial volume of gas:


          Volume of gas:


          Aqueous equilibrium reaction amounts:


          Mineral mean equilibrium reaction amounts:

              0.00000E+00    5.84517E-07    1.24262E-06    2.05669E-06    3.12865E-06    4.59281E-06    6.63265E-06    9.50381E-06    1.35662E-05    1.93288E-05    2.75142E-05    3.91482E-05    5.56892E-05    7.92105E-05    1.12660E-04

          Exchange equilibrium reaction rates:


          Gas equilibrium reaction rates:


  Reactive zone    2:

          Non-flowing species:

                    anhydrite      
                    calcite3       
          Number of equilibrium reactions:         2

          Se:

                 -1.00000       -1.00000        0.00000        0.00000        1.00000        0.00000
                 -1.00000        0.00000       -1.00000        0.00000        0.00000        1.00000
          Sk:

          U*Sk^T:



          Equilibrium constants:

              2.02488E+04
              3.02064E+08

          Component matrix:

                  1.00000       -1.00000       -1.00000

          Initial concentration of components:

              5.06111E-03

          Final concentration of components:

              3.69540E-02

          Final concentration of aqueous species:

              5.55556E+01
              3.82454E-02
              1.29128E-03
              8.65609E-08

          Final activities aqueous species:

              9.99288E-01
              3.82454E-02
              1.29128E-03
              8.65609E-08

          Initial volumetric fractions of minerals:

              2.50000E-01
              2.50000E-01

          Volumetric fractions of minerals:

              2.50000E-01
              2.50000E-01

          Initial concentration of minerals:

              1.00000E+00
              1.00000E+00

          Concentration of minerals:

              1.00000E+00
              1.00000E+00

          Initial concentration of surface complexes:


          Concentration of surface complexes:


          Initial activity of surface complexes:


          Activity of surface complexes:


          Initial concentration of gases:


          Concentration of gases:


          Initial partial pressures of gases:


          Partial pressures of gases:


          Initial volume of gas:


          Volume of gas:


          Aqueous equilibrium reaction amounts:


          Mineral mean equilibrium reaction amounts:

              1.00504E-03
              1.60229E-04

          Exchange equilibrium reaction rates:


          Gas equilibrium reaction rates:


  Reactive zone    3:

          Non-flowing species:

                    anhydrite      
          Number of equilibrium reactions:         1

          Se:

                 -1.00000        0.00000       -1.00000        0.00000        1.00000
          Sk:

          U*Sk^T:




          Equilibrium constants:

              2.02488E+04

          Component matrix:

                  1.00000        0.00000       -1.00000
                  0.00000        1.00000        0.00000

          Initial concentration of components:

             -2.26928E-02   -2.26928E-02   -2.26928E-02   -2.26928E-02   -2.26928E-02   -2.26928E-02   -2.26928E-02   -2.26928E-02   -2.26928E-02   -2.26928E-02   -2.26928E-02   -2.26928E-02   -2.26928E-02   -2.26928E-02
              1.00000E-03    1.00000E-03    1.00000E-03    1.00000E-03    1.00000E-03    1.00000E-03    1.00000E-03    1.00000E-03    1.00000E-03    1.00000E-03    1.00000E-03    1.00000E-03    1.00000E-03    1.00000E-03

          Final concentration of components:

              3.25583E-02    2.80134E-02    2.34949E-02    1.90164E-02    1.45888E-02    1.02206E-02    5.91658E-03    1.67842E-03   -2.49586E-03   -6.61156E-03   -1.06771E-02   -1.47034E-02   -1.87038E-02   -2.26928E-02
              2.27982E-04    2.94828E-04    3.60623E-04    4.25181E-04    4.88364E-04    5.50090E-04    6.10335E-04    6.69134E-04    7.26578E-04    7.82810E-04    8.38023E-04    8.92447E-04    9.46344E-04    1.00000E-03

          Final concentration of aqueous species:

              5.55556E+01    5.55556E+01    5.55556E+01    5.55556E+01    5.55556E+01    5.55556E+01    5.55556E+01    5.55556E+01    5.55556E+01    5.55556E+01    5.55556E+01    5.55556E+01    5.55556E+01    5.55556E+01
              3.40104E-02    2.96775E-02    2.54365E-02    2.13315E-02    1.74233E-02    1.37994E-02    1.05831E-02    7.91663E-03    5.88950E-03    4.46041E-03    3.48674E-03    2.81850E-03    2.34612E-03    2.00000E-03
              1.45207E-03    1.66408E-03    1.94153E-03    2.31515E-03    2.83446E-03    3.57882E-03    4.66648E-03    6.23821E-03    8.38536E-03    1.10720E-02    1.41638E-02    1.75219E-02    2.10499E-02    2.46928E-02
              2.27982E-04    2.94828E-04    3.60623E-04    4.25181E-04    4.88364E-04    5.50090E-04    6.10335E-04    6.69134E-04    7.26578E-04    7.82810E-04    8.38023E-04    8.92447E-04    9.46344E-04    1.00000E-03

          Final activities aqueous species:

              9.99358E-01    9.99431E-01    9.99501E-01    9.99567E-01    9.99627E-01    9.99677E-01    9.99715E-01    9.99733E-01    9.99730E-01    9.99706E-01    9.99667E-01    9.99618E-01    9.99562E-01    1.00000E+00
              3.40104E-02    2.96775E-02    2.54365E-02    2.13315E-02    1.74233E-02    1.37994E-02    1.05831E-02    7.91663E-03    5.88950E-03    4.46041E-03    3.48674E-03    2.81850E-03    2.34612E-03    2.00000E-03
              1.45207E-03    1.66408E-03    1.94153E-03    2.31515E-03    2.83446E-03    3.57882E-03    4.66648E-03    6.23821E-03    8.38536E-03    1.10720E-02    1.41638E-02    1.75219E-02    2.10499E-02    2.46928E-02
              2.27982E-04    2.94828E-04    3.60623E-04    4.25181E-04    4.88364E-04    5.50090E-04    6.10335E-04    6.69134E-04    7.26578E-04    7.82810E-04    8.38023E-04    8.92447E-04    9.46344E-04    1.00000E-03

          Initial volumetric fractions of minerals:

              5.00000E-01    5.00000E-01    5.00000E-01    5.00000E-01    5.00000E-01    5.00000E-01    5.00000E-01    5.00000E-01    5.00000E-01    5.00000E-01    5.00000E-01    5.00000E-01    5.00000E-01    5.00000E-01

          Volumetric fractions of minerals:

              5.00000E-01    5.00000E-01    5.00000E-01    5.00000E-01    5.00000E-01    5.00000E-01    5.00000E-01    5.00000E-01    5.00000E-01    5.00000E-01    5.00000E-01    5.00000E-01    5.00000E-01    5.00000E-01

          Initial concentration of minerals:

              1.00000E+00    1.00000E+00    1.00000E+00    1.00000E+00    1.00000E+00    1.00000E+00    1.00000E+00    1.00000E+00    1.00000E+00    1.00000E+00    1.00000E+00    1.00000E+00    1.00000E+00    1.00000E+00

          Concentration of minerals:

              1.00000E+00    1.00000E+00    1.00000E+00    1.00000E+00    1.00000E+00    1.00000E+00    1.00000E+00    1.00000E+00    1.00000E+00    1.00000E+00    1.00000E+00    1.00000E+00    1.00000E+00    1.00000E+00

          Initial concentration of surface complexes:


          Concentration of surface complexes:


          Initial activity of surface complexes:


          Activity of surface complexes:


          Initial concentration of gases:


          Concentration of gases:


          Initial partial pressures of gases:


          Partial pressures of gases:


          Initial volume of gas:


          Volume of gas:


          Aqueous equilibrium reaction amounts:


          Mineral mean equilibrium reaction amounts:

              1.05312E-03    1.18127E-03    1.39038E-03    1.67450E-03    2.01748E-03    2.37947E-03    2.68236E-03    2.81601E-03    2.69745E-03    2.34142E-03    1.83629E-03    1.26231E-03    6.53215E-04    0.00000E+00

          Exchange equilibrium reaction rates:


          Gas equilibrium reaction rates:

