  Number of targets:   30

  Target coordinates:

      2.50000E-02    7.50000E-02    1.25000E-01    1.75000E-01    2.25000E-01    2.75000E-01    3.25000E-01    3.75000E-01    4.25000E-01    4.75000E-01    5.25000E-01    5.75000E-01    6.25000E-01    6.75000E-01    7.25000E-01    7.75000E-01    8.25000E-01    8.75000E-01    9.25000E-01    9.75000E-01    1.02500E+00    1.07500E+00    1.12500E+00    1.17500E+00    1.22500E+00    1.27500E+00    1.32500E+00    1.37500E+00    1.42500E+00    1.47500E+00

  Time step:

      1.00000E-03

  Final time:

      1.00000E-01


  Dimension + Mixing ratios concentrations (by rows) (including boundary and sink/source terms):

     31    9.88188E-01    7.90551E-03    3.89069E-03    1.53184E-05    6.03114E-08    2.37457E-10    9.34915E-13    3.68094E-15    1.44926E-17    5.70600E-20    2.24656E-22    8.84514E-25    3.48250E-27    1.37113E-29    5.39839E-32    2.12545E-34    8.36829E-37    3.29476E-39    1.29721E-41    5.10736E-44    2.01086E-46    7.91716E-49    3.11714E-51    1.22728E-53    4.83202E-56    1.90246E-58    7.49034E-61    2.94909E-63    1.16111E-65    4.57153E-68    1.80693E-70
     31    9.84344E-01    9.33765E-05    1.16721E-02    3.87555E-03    1.52588E-05    6.00767E-08    2.36534E-10    9.31278E-13    3.66662E-15    1.44362E-17    5.68380E-20    2.23782E-22    8.81072E-25    3.46895E-27    1.36579E-29    5.37738E-32    2.11718E-34    8.33574E-37    3.28194E-39    1.29216E-41    5.08749E-44    2.00304E-46    7.88636E-49    3.10501E-51    1.22250E-53    4.81322E-56    1.89506E-58    7.46120E-61    2.93762E-63    1.15660E-65    4.57153E-68
     31    9.84344E-01    1.10292E-06    1.37865E-04    1.16266E-02    3.87555E-03    1.52588E-05    6.00767E-08    2.36533E-10    9.31277E-13    3.66662E-15    1.44362E-17    5.68380E-20    2.23782E-22    8.81072E-25    3.46895E-27    1.36579E-29    5.37738E-32    2.11718E-34    8.33573E-37    3.28194E-39    1.29216E-41    5.08749E-44    2.00304E-46    7.88635E-49    3.10501E-51    1.22250E-53    4.81322E-56    1.89506E-58    7.46120E-61    2.93762E-63    1.16111E-65
     31    9.84344E-01    1.30273E-08    1.62841E-06    1.37329E-04    1.16266E-02    3.87555E-03    1.52588E-05    6.00767E-08    2.36533E-10    9.31277E-13    3.66662E-15    1.44362E-17    5.68380E-20    2.23782E-22    8.81072E-25    3.46895E-27    1.36579E-29    5.37738E-32    2.11718E-34    8.33573E-37    3.28194E-39    1.29216E-41    5.08749E-44    2.00304E-46    7.88635E-49    3.10501E-51    1.22250E-53    4.81322E-56    1.89506E-58    7.46120E-61    2.94909E-63
     31    9.84344E-01    1.53872E-10    1.92340E-08    1.62207E-06    1.37329E-04    1.16266E-02    3.87555E-03    1.52588E-05    6.00767E-08    2.36533E-10    9.31277E-13    3.66662E-15    1.44362E-17    5.68380E-20    2.23782E-22    8.81072E-25    3.46895E-27    1.36579E-29    5.37738E-32    2.11718E-34    8.33573E-37    3.28194E-39    1.29216E-41    5.08749E-44    2.00304E-46    7.88635E-49    3.10501E-51    1.22250E-53    4.81322E-56    1.89506E-58    7.49034E-61
     31    9.84344E-01    1.81747E-12    2.27184E-10    1.91592E-08    1.62207E-06    1.37329E-04    1.16266E-02    3.87555E-03    1.52588E-05    6.00767E-08    2.36533E-10    9.31277E-13    3.66662E-15    1.44362E-17    5.68380E-20    2.23782E-22    8.81072E-25    3.46895E-27    1.36579E-29    5.37738E-32    2.11718E-34    8.33573E-37    3.28194E-39    1.29216E-41    5.08749E-44    2.00304E-46    7.88635E-49    3.10501E-51    1.22250E-53    4.81322E-56    1.90246E-58
     31    9.84344E-01    2.14672E-14    2.68340E-12    2.26300E-10    1.91592E-08    1.62207E-06    1.37329E-04    1.16266E-02    3.87555E-03    1.52588E-05    6.00767E-08    2.36533E-10    9.31277E-13    3.66662E-15    1.44362E-17    5.68380E-20    2.23782E-22    8.81072E-25    3.46895E-27    1.36579E-29    5.37738E-32    2.11718E-34    8.33573E-37    3.28194E-39    1.29216E-41    5.08749E-44    2.00304E-46    7.88635E-49    3.10501E-51    1.22250E-53    4.83202E-56
     31    9.84344E-01    2.53562E-16    3.16952E-14    2.67296E-12    2.26300E-10    1.91592E-08    1.62207E-06    1.37329E-04    1.16266E-02    3.87555E-03    1.52588E-05    6.00767E-08    2.36533E-10    9.31277E-13    3.66662E-15    1.44362E-17    5.68380E-20    2.23782E-22    8.81072E-25    3.46895E-27    1.36579E-29    5.37738E-32    2.11718E-34    8.33573E-37    3.28194E-39    1.29216E-41    5.08749E-44    2.00304E-46    7.88635E-49    3.10501E-51    1.22728E-53
     31    9.84344E-01    2.99496E-18    3.74371E-16    3.15719E-14    2.67296E-12    2.26300E-10    1.91592E-08    1.62207E-06    1.37329E-04    1.16266E-02    3.87555E-03    1.52588E-05    6.00767E-08    2.36533E-10    9.31277E-13    3.66662E-15    1.44362E-17    5.68380E-20    2.23782E-22    8.81072E-25    3.46895E-27    1.36579E-29    5.37738E-32    2.11718E-34    8.33573E-37    3.28194E-39    1.29216E-41    5.08749E-44    2.00304E-46    7.88636E-49    3.11714E-51
     31    9.84344E-01    3.53752E-20    4.42190E-18    3.72914E-16    3.15719E-14    2.67296E-12    2.26300E-10    1.91592E-08    1.62207E-06    1.37329E-04    1.16266E-02    3.87555E-03    1.52588E-05    6.00767E-08    2.36533E-10    9.31277E-13    3.66662E-15    1.44362E-17    5.68380E-20    2.23782E-22    8.81072E-25    3.46895E-27    1.36579E-29    5.37738E-32    2.11718E-34    8.33573E-37    3.28194E-39    1.29216E-41    5.08749E-44    2.00304E-46    7.91716E-49
     31    9.84344E-01    4.17837E-22    5.22296E-20    4.40470E-18    3.72914E-16    3.15719E-14    2.67296E-12    2.26300E-10    1.91592E-08    1.62207E-06    1.37329E-04    1.16266E-02    3.87555E-03    1.52588E-05    6.00767E-08    2.36533E-10    9.31277E-13    3.66662E-15    1.44362E-17    5.68380E-20    2.23782E-22    8.81072E-25    3.46895E-27    1.36579E-29    5.37738E-32    2.11718E-34    8.33573E-37    3.28194E-39    1.29216E-41    5.08749E-44    2.01086E-46
     31    9.84344E-01    4.93531E-24    6.16914E-22    5.20264E-20    4.40470E-18    3.72914E-16    3.15719E-14    2.67296E-12    2.26300E-10    1.91592E-08    1.62207E-06    1.37329E-04    1.16266E-02    3.87555E-03    1.52588E-05    6.00767E-08    2.36533E-10    9.31277E-13    3.66662E-15    1.44362E-17    5.68380E-20    2.23782E-22    8.81072E-25    3.46895E-27    1.36579E-29    5.37738E-32    2.11718E-34    8.33573E-37    3.28194E-39    1.29216E-41    5.10736E-44
     31    9.84344E-01    5.82938E-26    7.28673E-24    6.14514E-22    5.20264E-20    4.40470E-18    3.72914E-16    3.15719E-14    2.67296E-12    2.26300E-10    1.91592E-08    1.62207E-06    1.37329E-04    1.16266E-02    3.87555E-03    1.52588E-05    6.00767E-08    2.36533E-10    9.31277E-13    3.66662E-15    1.44362E-17    5.68380E-20    2.23782E-22    8.81072E-25    3.46895E-27    1.36579E-29    5.37738E-32    2.11718E-34    8.33573E-37    3.28194E-39    1.29721E-41
     31    9.84344E-01    6.88542E-28    8.60677E-26    7.25838E-24    6.14514E-22    5.20264E-20    4.40470E-18    3.72914E-16    3.15719E-14    2.67296E-12    2.26300E-10    1.91592E-08    1.62207E-06    1.37329E-04    1.16266E-02    3.87555E-03    1.52588E-05    6.00767E-08    2.36533E-10    9.31277E-13    3.66662E-15    1.44362E-17    5.68380E-20    2.23782E-22    8.81072E-25    3.46895E-27    1.36579E-29    5.37738E-32    2.11718E-34    8.33574E-37    3.29476E-39
     31    9.84344E-01    8.13276E-30    1.01660E-27    8.57329E-26    7.25838E-24    6.14514E-22    5.20264E-20    4.40470E-18    3.72914E-16    3.15719E-14    2.67296E-12    2.26300E-10    1.91592E-08    1.62207E-06    1.37329E-04    1.16266E-02    3.87555E-03    1.52588E-05    6.00767E-08    2.36533E-10    9.31277E-13    3.66662E-15    1.44362E-17    5.68380E-20    2.23782E-22    8.81072E-25    3.46895E-27    1.36579E-29    5.37738E-32    2.11718E-34    8.36829E-37
     31    9.84344E-01    9.60607E-32    1.20076E-29    1.01264E-27    8.57328E-26    7.25838E-24    6.14514E-22    5.20264E-20    4.40470E-18    3.72914E-16    3.15719E-14    2.67296E-12    2.26300E-10    1.91592E-08    1.62207E-06    1.37329E-04    1.16266E-02    3.87555E-03    1.52588E-05    6.00767E-08    2.36533E-10    9.31277E-13    3.66662E-15    1.44362E-17    5.68380E-20    2.23782E-22    8.81072E-25    3.46895E-27    1.36579E-29    5.37738E-32    2.12545E-34
     31    9.84344E-01    1.13463E-33    1.41829E-31    1.19609E-29    1.01264E-27    8.57328E-26    7.25838E-24    6.14514E-22    5.20264E-20    4.40470E-18    3.72914E-16    3.15719E-14    2.67296E-12    2.26300E-10    1.91592E-08    1.62207E-06    1.37329E-04    1.16266E-02    3.87555E-03    1.52588E-05    6.00767E-08    2.36533E-10    9.31277E-13    3.66662E-15    1.44362E-17    5.68380E-20    2.23782E-22    8.81072E-25    3.46895E-27    1.36579E-29    5.39839E-32
     31    9.84344E-01    1.34017E-35    1.67522E-33    1.41277E-31    1.19609E-29    1.01264E-27    8.57328E-26    7.25838E-24    6.14514E-22    5.20264E-20    4.40470E-18    3.72914E-16    3.15719E-14    2.67296E-12    2.26300E-10    1.91592E-08    1.62207E-06    1.37329E-04    1.16266E-02    3.87555E-03    1.52588E-05    6.00767E-08    2.36533E-10    9.31277E-13    3.66662E-15    1.44362E-17    5.68380E-20    2.23782E-22    8.81072E-25    3.46895E-27    1.37113E-29
     31    9.84344E-01    1.58296E-37    1.97870E-35    1.66870E-33    1.41277E-31    1.19609E-29    1.01264E-27    8.57328E-26    7.25838E-24    6.14514E-22    5.20264E-20    4.40470E-18    3.72914E-16    3.15719E-14    2.67296E-12    2.26300E-10    1.91592E-08    1.62207E-06    1.37329E-04    1.16266E-02    3.87555E-03    1.52588E-05    6.00767E-08    2.36533E-10    9.31277E-13    3.66662E-15    1.44362E-17    5.68380E-20    2.23782E-22    8.81072E-25    3.48250E-27
     31    9.84344E-01    1.86972E-39    2.33715E-37    1.97100E-35    1.66870E-33    1.41277E-31    1.19609E-29    1.01264E-27    8.57328E-26    7.25838E-24    6.14514E-22    5.20264E-20    4.40470E-18    3.72914E-16    3.15719E-14    2.67296E-12    2.26300E-10    1.91592E-08    1.62207E-06    1.37329E-04    1.16266E-02    3.87555E-03    1.52588E-05    6.00767E-08    2.36533E-10    9.31277E-13    3.66662E-15    1.44362E-17    5.68380E-20    2.23782E-22    8.84514E-25
     31    9.84344E-01    2.20843E-41    2.76054E-39    2.32806E-37    1.97100E-35    1.66870E-33    1.41277E-31    1.19609E-29    1.01264E-27    8.57328E-26    7.25838E-24    6.14514E-22    5.20264E-20    4.40470E-18    3.72914E-16    3.15719E-14    2.67296E-12    2.26300E-10    1.91592E-08    1.62207E-06    1.37329E-04    1.16266E-02    3.87555E-03    1.52588E-05    6.00767E-08    2.36533E-10    9.31277E-13    3.66662E-15    1.44362E-17    5.68380E-20    2.24656E-22
     31    9.84344E-01    2.60851E-43    3.26063E-41    2.74980E-39    2.32806E-37    1.97100E-35    1.66870E-33    1.41277E-31    1.19609E-29    1.01264E-27    8.57328E-26    7.25838E-24    6.14514E-22    5.20264E-20    4.40470E-18    3.72914E-16    3.15719E-14    2.67296E-12    2.26300E-10    1.91592E-08    1.62207E-06    1.37329E-04    1.16266E-02    3.87555E-03    1.52588E-05    6.00767E-08    2.36533E-10    9.31277E-13    3.66662E-15    1.44362E-17    5.70600E-20
     31    9.84344E-01    3.08106E-45    3.85132E-43    3.24795E-41    2.74980E-39    2.32806E-37    1.97100E-35    1.66870E-33    1.41277E-31    1.19609E-29    1.01264E-27    8.57328E-26    7.25838E-24    6.14514E-22    5.20264E-20    4.40470E-18    3.72914E-16    3.15719E-14    2.67296E-12    2.26300E-10    1.91592E-08    1.62207E-06    1.37329E-04    1.16266E-02    3.87555E-03    1.52588E-05    6.00767E-08    2.36533E-10    9.31277E-13    3.66662E-15    1.44926E-17
     31    9.84344E-01    3.63921E-47    4.54902E-45    3.83634E-43    3.24795E-41    2.74980E-39    2.32806E-37    1.97100E-35    1.66870E-33    1.41277E-31    1.19609E-29    1.01264E-27    8.57328E-26    7.25838E-24    6.14514E-22    5.20264E-20    4.40470E-18    3.72914E-16    3.15719E-14    2.67296E-12    2.26300E-10    1.91592E-08    1.62207E-06    1.37329E-04    1.16266E-02    3.87555E-03    1.52588E-05    6.00767E-08    2.36533E-10    9.31278E-13    3.68094E-15
     31    9.84344E-01    4.29848E-49    5.37311E-47    4.53132E-45    3.83634E-43    3.24795E-41    2.74980E-39    2.32806E-37    1.97100E-35    1.66870E-33    1.41277E-31    1.19609E-29    1.01264E-27    8.57328E-26    7.25838E-24    6.14514E-22    5.20264E-20    4.40470E-18    3.72914E-16    3.15719E-14    2.67296E-12    2.26300E-10    1.91592E-08    1.62207E-06    1.37329E-04    1.16266E-02    3.87555E-03    1.52588E-05    6.00767E-08    2.36534E-10    9.34915E-13
     31    9.84344E-01    5.07719E-51    6.34648E-49    5.35220E-47    4.53132E-45    3.83634E-43    3.24795E-41    2.74980E-39    2.32806E-37    1.97100E-35    1.66870E-33    1.41277E-31    1.19609E-29    1.01264E-27    8.57328E-26    7.25838E-24    6.14514E-22    5.20264E-20    4.40470E-18    3.72914E-16    3.15719E-14    2.67296E-12    2.26300E-10    1.91592E-08    1.62207E-06    1.37329E-04    1.16266E-02    3.87555E-03    1.52588E-05    6.00767E-08    2.37457E-10
     31    9.84344E-01    5.99696E-53    7.49619E-51    6.32179E-49    5.35220E-47    4.53132E-45    3.83634E-43    3.24795E-41    2.74980E-39    2.32806E-37    1.97100E-35    1.66870E-33    1.41277E-31    1.19609E-29    1.01264E-27    8.57328E-26    7.25838E-24    6.14514E-22    5.20264E-20    4.40470E-18    3.72914E-16    3.15719E-14    2.67296E-12    2.26300E-10    1.91592E-08    1.62207E-06    1.37329E-04    1.16266E-02    3.87555E-03    1.52588E-05    6.03114E-08
     31    9.84344E-01    7.08335E-55    8.85418E-53    7.46703E-51    6.32179E-49    5.35220E-47    4.53132E-45    3.83634E-43    3.24795E-41    2.74980E-39    2.32806E-37    1.97100E-35    1.66870E-33    1.41277E-31    1.19609E-29    1.01264E-27    8.57328E-26    7.25838E-24    6.14514E-22    5.20264E-20    4.40470E-18    3.72914E-16    3.15719E-14    2.67296E-12    2.26300E-10    1.91592E-08    1.62207E-06    1.37329E-04    1.16266E-02    3.87555E-03    1.53184E-05
     31    9.84344E-01    8.36655E-57    1.04582E-54    8.81974E-53    7.46703E-51    6.32179E-49    5.35220E-47    4.53132E-45    3.83634E-43    3.24795E-41    2.74980E-39    2.32806E-37    1.97100E-35    1.66870E-33    1.41277E-31    1.19609E-29    1.01264E-27    8.57329E-26    7.25838E-24    6.14514E-22    5.20264E-20    4.40470E-18    3.72914E-16    3.15719E-14    2.67296E-12    2.26300E-10    1.91592E-08    1.62207E-06    1.37329E-04    1.16266E-02    3.89069E-03
     31    9.88188E-01    9.92081E-59    1.24010E-56    1.04582E-54    8.85418E-53    7.49619E-51    6.34648E-49    5.37311E-47    4.54902E-45    3.85132E-43    3.26063E-41    2.76054E-39    2.33715E-37    1.97870E-35    1.67522E-33    1.41829E-31    1.20076E-29    1.01660E-27    8.60677E-26    7.28673E-24    6.16914E-22    5.22296E-20    4.42190E-18    3.74371E-16    3.16952E-14    2.68340E-12    2.27184E-10    1.92340E-08    1.62841E-06    1.37865E-04    1.16721E-02

  Initial mixing ratios reaction amounts (by rows):

      9.88188E-01    3.89069E-03    1.53184E-05    6.03114E-08    2.37457E-10    9.34915E-13    3.68094E-15    1.44926E-17    5.70600E-20    2.24656E-22    8.84514E-25    3.48250E-27    1.37113E-29    5.39839E-32    2.12545E-34    8.36829E-37    3.29476E-39    1.29721E-41    5.10736E-44    2.01086E-46    7.91716E-49    3.11714E-51    1.22728E-53    4.83202E-56    1.90246E-58    7.49034E-61    2.94909E-63    1.16111E-65    4.57153E-68    1.80693E-70
      9.84344E-01    1.16721E-02    3.87555E-03    1.52588E-05    6.00767E-08    2.36534E-10    9.31278E-13    3.66662E-15    1.44362E-17    5.68380E-20    2.23782E-22    8.81072E-25    3.46895E-27    1.36579E-29    5.37738E-32    2.11718E-34    8.33574E-37    3.28194E-39    1.29216E-41    5.08749E-44    2.00304E-46    7.88636E-49    3.10501E-51    1.22250E-53    4.81322E-56    1.89506E-58    7.46120E-61    2.93762E-63    1.15660E-65    4.57153E-68
      9.84344E-01    1.37865E-04    1.16266E-02    3.87555E-03    1.52588E-05    6.00767E-08    2.36533E-10    9.31277E-13    3.66662E-15    1.44362E-17    5.68380E-20    2.23782E-22    8.81072E-25    3.46895E-27    1.36579E-29    5.37738E-32    2.11718E-34    8.33573E-37    3.28194E-39    1.29216E-41    5.08749E-44    2.00304E-46    7.88635E-49    3.10501E-51    1.22250E-53    4.81322E-56    1.89506E-58    7.46120E-61    2.93762E-63    1.16111E-65
      9.84344E-01    1.62841E-06    1.37329E-04    1.16266E-02    3.87555E-03    1.52588E-05    6.00767E-08    2.36533E-10    9.31277E-13    3.66662E-15    1.44362E-17    5.68380E-20    2.23782E-22    8.81072E-25    3.46895E-27    1.36579E-29    5.37738E-32    2.11718E-34    8.33573E-37    3.28194E-39    1.29216E-41    5.08749E-44    2.00304E-46    7.88635E-49    3.10501E-51    1.22250E-53    4.81322E-56    1.89506E-58    7.46120E-61    2.94909E-63
      9.84344E-01    1.92340E-08    1.62207E-06    1.37329E-04    1.16266E-02    3.87555E-03    1.52588E-05    6.00767E-08    2.36533E-10    9.31277E-13    3.66662E-15    1.44362E-17    5.68380E-20    2.23782E-22    8.81072E-25    3.46895E-27    1.36579E-29    5.37738E-32    2.11718E-34    8.33573E-37    3.28194E-39    1.29216E-41    5.08749E-44    2.00304E-46    7.88635E-49    3.10501E-51    1.22250E-53    4.81322E-56    1.89506E-58    7.49034E-61
      9.84344E-01    2.27184E-10    1.91592E-08    1.62207E-06    1.37329E-04    1.16266E-02    3.87555E-03    1.52588E-05    6.00767E-08    2.36533E-10    9.31277E-13    3.66662E-15    1.44362E-17    5.68380E-20    2.23782E-22    8.81072E-25    3.46895E-27    1.36579E-29    5.37738E-32    2.11718E-34    8.33573E-37    3.28194E-39    1.29216E-41    5.08749E-44    2.00304E-46    7.88635E-49    3.10501E-51    1.22250E-53    4.81322E-56    1.90246E-58
      9.84344E-01    2.68340E-12    2.26300E-10    1.91592E-08    1.62207E-06    1.37329E-04    1.16266E-02    3.87555E-03    1.52588E-05    6.00767E-08    2.36533E-10    9.31277E-13    3.66662E-15    1.44362E-17    5.68380E-20    2.23782E-22    8.81072E-25    3.46895E-27    1.36579E-29    5.37738E-32    2.11718E-34    8.33573E-37    3.28194E-39    1.29216E-41    5.08749E-44    2.00304E-46    7.88635E-49    3.10501E-51    1.22250E-53    4.83202E-56
      9.84344E-01    3.16952E-14    2.67296E-12    2.26300E-10    1.91592E-08    1.62207E-06    1.37329E-04    1.16266E-02    3.87555E-03    1.52588E-05    6.00767E-08    2.36533E-10    9.31277E-13    3.66662E-15    1.44362E-17    5.68380E-20    2.23782E-22    8.81072E-25    3.46895E-27    1.36579E-29    5.37738E-32    2.11718E-34    8.33573E-37    3.28194E-39    1.29216E-41    5.08749E-44    2.00304E-46    7.88635E-49    3.10501E-51    1.22728E-53
      9.84344E-01    3.74371E-16    3.15719E-14    2.67296E-12    2.26300E-10    1.91592E-08    1.62207E-06    1.37329E-04    1.16266E-02    3.87555E-03    1.52588E-05    6.00767E-08    2.36533E-10    9.31277E-13    3.66662E-15    1.44362E-17    5.68380E-20    2.23782E-22    8.81072E-25    3.46895E-27    1.36579E-29    5.37738E-32    2.11718E-34    8.33573E-37    3.28194E-39    1.29216E-41    5.08749E-44    2.00304E-46    7.88636E-49    3.11714E-51
      9.84344E-01    4.42190E-18    3.72914E-16    3.15719E-14    2.67296E-12    2.26300E-10    1.91592E-08    1.62207E-06    1.37329E-04    1.16266E-02    3.87555E-03    1.52588E-05    6.00767E-08    2.36533E-10    9.31277E-13    3.66662E-15    1.44362E-17    5.68380E-20    2.23782E-22    8.81072E-25    3.46895E-27    1.36579E-29    5.37738E-32    2.11718E-34    8.33573E-37    3.28194E-39    1.29216E-41    5.08749E-44    2.00304E-46    7.91716E-49
      9.84344E-01    5.22296E-20    4.40470E-18    3.72914E-16    3.15719E-14    2.67296E-12    2.26300E-10    1.91592E-08    1.62207E-06    1.37329E-04    1.16266E-02    3.87555E-03    1.52588E-05    6.00767E-08    2.36533E-10    9.31277E-13    3.66662E-15    1.44362E-17    5.68380E-20    2.23782E-22    8.81072E-25    3.46895E-27    1.36579E-29    5.37738E-32    2.11718E-34    8.33573E-37    3.28194E-39    1.29216E-41    5.08749E-44    2.01086E-46
      9.84344E-01    6.16914E-22    5.20264E-20    4.40470E-18    3.72914E-16    3.15719E-14    2.67296E-12    2.26300E-10    1.91592E-08    1.62207E-06    1.37329E-04    1.16266E-02    3.87555E-03    1.52588E-05    6.00767E-08    2.36533E-10    9.31277E-13    3.66662E-15    1.44362E-17    5.68380E-20    2.23782E-22    8.81072E-25    3.46895E-27    1.36579E-29    5.37738E-32    2.11718E-34    8.33573E-37    3.28194E-39    1.29216E-41    5.10736E-44
      9.84344E-01    7.28673E-24    6.14514E-22    5.20264E-20    4.40470E-18    3.72914E-16    3.15719E-14    2.67296E-12    2.26300E-10    1.91592E-08    1.62207E-06    1.37329E-04    1.16266E-02    3.87555E-03    1.52588E-05    6.00767E-08    2.36533E-10    9.31277E-13    3.66662E-15    1.44362E-17    5.68380E-20    2.23782E-22    8.81072E-25    3.46895E-27    1.36579E-29    5.37738E-32    2.11718E-34    8.33573E-37    3.28194E-39    1.29721E-41
      9.84344E-01    8.60677E-26    7.25838E-24    6.14514E-22    5.20264E-20    4.40470E-18    3.72914E-16    3.15719E-14    2.67296E-12    2.26300E-10    1.91592E-08    1.62207E-06    1.37329E-04    1.16266E-02    3.87555E-03    1.52588E-05    6.00767E-08    2.36533E-10    9.31277E-13    3.66662E-15    1.44362E-17    5.68380E-20    2.23782E-22    8.81072E-25    3.46895E-27    1.36579E-29    5.37738E-32    2.11718E-34    8.33574E-37    3.29476E-39
      9.84344E-01    1.01660E-27    8.57329E-26    7.25838E-24    6.14514E-22    5.20264E-20    4.40470E-18    3.72914E-16    3.15719E-14    2.67296E-12    2.26300E-10    1.91592E-08    1.62207E-06    1.37329E-04    1.16266E-02    3.87555E-03    1.52588E-05    6.00767E-08    2.36533E-10    9.31277E-13    3.66662E-15    1.44362E-17    5.68380E-20    2.23782E-22    8.81072E-25    3.46895E-27    1.36579E-29    5.37738E-32    2.11718E-34    8.36829E-37
      9.84344E-01    1.20076E-29    1.01264E-27    8.57328E-26    7.25838E-24    6.14514E-22    5.20264E-20    4.40470E-18    3.72914E-16    3.15719E-14    2.67296E-12    2.26300E-10    1.91592E-08    1.62207E-06    1.37329E-04    1.16266E-02    3.87555E-03    1.52588E-05    6.00767E-08    2.36533E-10    9.31277E-13    3.66662E-15    1.44362E-17    5.68380E-20    2.23782E-22    8.81072E-25    3.46895E-27    1.36579E-29    5.37738E-32    2.12545E-34
      9.84344E-01    1.41829E-31    1.19609E-29    1.01264E-27    8.57328E-26    7.25838E-24    6.14514E-22    5.20264E-20    4.40470E-18    3.72914E-16    3.15719E-14    2.67296E-12    2.26300E-10    1.91592E-08    1.62207E-06    1.37329E-04    1.16266E-02    3.87555E-03    1.52588E-05    6.00767E-08    2.36533E-10    9.31277E-13    3.66662E-15    1.44362E-17    5.68380E-20    2.23782E-22    8.81072E-25    3.46895E-27    1.36579E-29    5.39839E-32
      9.84344E-01    1.67522E-33    1.41277E-31    1.19609E-29    1.01264E-27    8.57328E-26    7.25838E-24    6.14514E-22    5.20264E-20    4.40470E-18    3.72914E-16    3.15719E-14    2.67296E-12    2.26300E-10    1.91592E-08    1.62207E-06    1.37329E-04    1.16266E-02    3.87555E-03    1.52588E-05    6.00767E-08    2.36533E-10    9.31277E-13    3.66662E-15    1.44362E-17    5.68380E-20    2.23782E-22    8.81072E-25    3.46895E-27    1.37113E-29
      9.84344E-01    1.97870E-35    1.66870E-33    1.41277E-31    1.19609E-29    1.01264E-27    8.57328E-26    7.25838E-24    6.14514E-22    5.20264E-20    4.40470E-18    3.72914E-16    3.15719E-14    2.67296E-12    2.26300E-10    1.91592E-08    1.62207E-06    1.37329E-04    1.16266E-02    3.87555E-03    1.52588E-05    6.00767E-08    2.36533E-10    9.31277E-13    3.66662E-15    1.44362E-17    5.68380E-20    2.23782E-22    8.81072E-25    3.48250E-27
      9.84344E-01    2.33715E-37    1.97100E-35    1.66870E-33    1.41277E-31    1.19609E-29    1.01264E-27    8.57328E-26    7.25838E-24    6.14514E-22    5.20264E-20    4.40470E-18    3.72914E-16    3.15719E-14    2.67296E-12    2.26300E-10    1.91592E-08    1.62207E-06    1.37329E-04    1.16266E-02    3.87555E-03    1.52588E-05    6.00767E-08    2.36533E-10    9.31277E-13    3.66662E-15    1.44362E-17    5.68380E-20    2.23782E-22    8.84514E-25
      9.84344E-01    2.76054E-39    2.32806E-37    1.97100E-35    1.66870E-33    1.41277E-31    1.19609E-29    1.01264E-27    8.57328E-26    7.25838E-24    6.14514E-22    5.20264E-20    4.40470E-18    3.72914E-16    3.15719E-14    2.67296E-12    2.26300E-10    1.91592E-08    1.62207E-06    1.37329E-04    1.16266E-02    3.87555E-03    1.52588E-05    6.00767E-08    2.36533E-10    9.31277E-13    3.66662E-15    1.44362E-17    5.68380E-20    2.24656E-22
      9.84344E-01    3.26063E-41    2.74980E-39    2.32806E-37    1.97100E-35    1.66870E-33    1.41277E-31    1.19609E-29    1.01264E-27    8.57328E-26    7.25838E-24    6.14514E-22    5.20264E-20    4.40470E-18    3.72914E-16    3.15719E-14    2.67296E-12    2.26300E-10    1.91592E-08    1.62207E-06    1.37329E-04    1.16266E-02    3.87555E-03    1.52588E-05    6.00767E-08    2.36533E-10    9.31277E-13    3.66662E-15    1.44362E-17    5.70600E-20
      9.84344E-01    3.85132E-43    3.24795E-41    2.74980E-39    2.32806E-37    1.97100E-35    1.66870E-33    1.41277E-31    1.19609E-29    1.01264E-27    8.57328E-26    7.25838E-24    6.14514E-22    5.20264E-20    4.40470E-18    3.72914E-16    3.15719E-14    2.67296E-12    2.26300E-10    1.91592E-08    1.62207E-06    1.37329E-04    1.16266E-02    3.87555E-03    1.52588E-05    6.00767E-08    2.36533E-10    9.31277E-13    3.66662E-15    1.44926E-17
      9.84344E-01    4.54902E-45    3.83634E-43    3.24795E-41    2.74980E-39    2.32806E-37    1.97100E-35    1.66870E-33    1.41277E-31    1.19609E-29    1.01264E-27    8.57328E-26    7.25838E-24    6.14514E-22    5.20264E-20    4.40470E-18    3.72914E-16    3.15719E-14    2.67296E-12    2.26300E-10    1.91592E-08    1.62207E-06    1.37329E-04    1.16266E-02    3.87555E-03    1.52588E-05    6.00767E-08    2.36533E-10    9.31278E-13    3.68094E-15
      9.84344E-01    5.37311E-47    4.53132E-45    3.83634E-43    3.24795E-41    2.74980E-39    2.32806E-37    1.97100E-35    1.66870E-33    1.41277E-31    1.19609E-29    1.01264E-27    8.57328E-26    7.25838E-24    6.14514E-22    5.20264E-20    4.40470E-18    3.72914E-16    3.15719E-14    2.67296E-12    2.26300E-10    1.91592E-08    1.62207E-06    1.37329E-04    1.16266E-02    3.87555E-03    1.52588E-05    6.00767E-08    2.36534E-10    9.34915E-13
      9.84344E-01    6.34648E-49    5.35220E-47    4.53132E-45    3.83634E-43    3.24795E-41    2.74980E-39    2.32806E-37    1.97100E-35    1.66870E-33    1.41277E-31    1.19609E-29    1.01264E-27    8.57328E-26    7.25838E-24    6.14514E-22    5.20264E-20    4.40470E-18    3.72914E-16    3.15719E-14    2.67296E-12    2.26300E-10    1.91592E-08    1.62207E-06    1.37329E-04    1.16266E-02    3.87555E-03    1.52588E-05    6.00767E-08    2.37457E-10
      9.84344E-01    7.49619E-51    6.32179E-49    5.35220E-47    4.53132E-45    3.83634E-43    3.24795E-41    2.74980E-39    2.32806E-37    1.97100E-35    1.66870E-33    1.41277E-31    1.19609E-29    1.01264E-27    8.57328E-26    7.25838E-24    6.14514E-22    5.20264E-20    4.40470E-18    3.72914E-16    3.15719E-14    2.67296E-12    2.26300E-10    1.91592E-08    1.62207E-06    1.37329E-04    1.16266E-02    3.87555E-03    1.52588E-05    6.03114E-08
      9.84344E-01    8.85418E-53    7.46703E-51    6.32179E-49    5.35220E-47    4.53132E-45    3.83634E-43    3.24795E-41    2.74980E-39    2.32806E-37    1.97100E-35    1.66870E-33    1.41277E-31    1.19609E-29    1.01264E-27    8.57328E-26    7.25838E-24    6.14514E-22    5.20264E-20    4.40470E-18    3.72914E-16    3.15719E-14    2.67296E-12    2.26300E-10    1.91592E-08    1.62207E-06    1.37329E-04    1.16266E-02    3.87555E-03    1.53184E-05
      9.84344E-01    1.04582E-54    8.81974E-53    7.46703E-51    6.32179E-49    5.35220E-47    4.53132E-45    3.83634E-43    3.24795E-41    2.74980E-39    2.32806E-37    1.97100E-35    1.66870E-33    1.41277E-31    1.19609E-29    1.01264E-27    8.57329E-26    7.25838E-24    6.14514E-22    5.20264E-20    4.40470E-18    3.72914E-16    3.15719E-14    2.67296E-12    2.26300E-10    1.91592E-08    1.62207E-06    1.37329E-04    1.16266E-02    3.89069E-03
      9.88188E-01    1.24010E-56    1.04582E-54    8.85418E-53    7.49619E-51    6.34648E-49    5.37311E-47    4.54902E-45    3.85132E-43    3.26063E-41    2.76054E-39    2.33715E-37    1.97870E-35    1.67522E-33    1.41829E-31    1.20076E-29    1.01660E-27    8.60677E-26    7.28673E-24    6.16914E-22    5.22296E-20    4.42190E-18    3.74371E-16    3.16952E-14    2.68340E-12    2.27184E-10    1.92340E-08    1.62841E-06    1.37865E-04    1.16721E-02

  Final mixing ratios reaction amounts (by rows):

      9.88188E-01
      9.84344E-01
      9.84344E-01
      9.84344E-01
      9.84344E-01
      9.84344E-01
      9.84344E-01
      9.84344E-01
      9.84344E-01
      9.84344E-01
      9.84344E-01
      9.84344E-01
      9.84344E-01
      9.84344E-01
      9.84344E-01
      9.84344E-01
      9.84344E-01
      9.84344E-01
      9.84344E-01
      9.84344E-01
      9.84344E-01
      9.84344E-01
      9.84344E-01
      9.84344E-01
      9.84344E-01
      9.84344E-01
      9.84344E-01
      9.84344E-01
      9.84344E-01
      9.88188E-01

  Mixing waters indices + no. upstream waters + no. downstream waters:

      2    1    3    4    5    6    7    8    9   10   11   12   13   14   15   16   17   18   19   20   21   22   23   24   25   26   27   28   29   30   31    1   29
      3    1    2    4    5    6    7    8    9   10   11   12   13   14   15   16   17   18   19   20   21   22   23   24   25   26   27   28   29   30   31    2   28
      4    1    2    3    5    6    7    8    9   10   11   12   13   14   15   16   17   18   19   20   21   22   23   24   25   26   27   28   29   30   31    3   27
      5    1    2    3    4    6    7    8    9   10   11   12   13   14   15   16   17   18   19   20   21   22   23   24   25   26   27   28   29   30   31    4   26
      6    1    2    3    4    5    7    8    9   10   11   12   13   14   15   16   17   18   19   20   21   22   23   24   25   26   27   28   29   30   31    5   25
      7    1    2    3    4    5    6    8    9   10   11   12   13   14   15   16   17   18   19   20   21   22   23   24   25   26   27   28   29   30   31    6   24
      8    1    2    3    4    5    6    7    9   10   11   12   13   14   15   16   17   18   19   20   21   22   23   24   25   26   27   28   29   30   31    7   23
      9    1    2    3    4    5    6    7    8   10   11   12   13   14   15   16   17   18   19   20   21   22   23   24   25   26   27   28   29   30   31    8   22
     10    1    2    3    4    5    6    7    8    9   11   12   13   14   15   16   17   18   19   20   21   22   23   24   25   26   27   28   29   30   31    9   21
     11    1    2    3    4    5    6    7    8    9   10   12   13   14   15   16   17   18   19   20   21   22   23   24   25   26   27   28   29   30   31   10   20
     12    1    2    3    4    5    6    7    8    9   10   11   13   14   15   16   17   18   19   20   21   22   23   24   25   26   27   28   29   30   31   11   19
     13    1    2    3    4    5    6    7    8    9   10   11   12   14   15   16   17   18   19   20   21   22   23   24   25   26   27   28   29   30   31   12   18
     14    1    2    3    4    5    6    7    8    9   10   11   12   13   15   16   17   18   19   20   21   22   23   24   25   26   27   28   29   30   31   13   17
     15    1    2    3    4    5    6    7    8    9   10   11   12   13   14   16   17   18   19   20   21   22   23   24   25   26   27   28   29   30   31   14   16
     16    1    2    3    4    5    6    7    8    9   10   11   12   13   14   15   17   18   19   20   21   22   23   24   25   26   27   28   29   30   31   15   15
     17    1    2    3    4    5    6    7    8    9   10   11   12   13   14   15   16   18   19   20   21   22   23   24   25   26   27   28   29   30   31   16   14
     18    1    2    3    4    5    6    7    8    9   10   11   12   13   14   15   16   17   19   20   21   22   23   24   25   26   27   28   29   30   31   17   13
     19    1    2    3    4    5    6    7    8    9   10   11   12   13   14   15   16   17   18   20   21   22   23   24   25   26   27   28   29   30   31   18   12
     20    1    2    3    4    5    6    7    8    9   10   11   12   13   14   15   16   17   18   19   21   22   23   24   25   26   27   28   29   30   31   19   11
     21    1    2    3    4    5    6    7    8    9   10   11   12   13   14   15   16   17   18   19   20   22   23   24   25   26   27   28   29   30   31   20   10
     22    1    2    3    4    5    6    7    8    9   10   11   12   13   14   15   16   17   18   19   20   21   23   24   25   26   27   28   29   30   31   21    9
     23    1    2    3    4    5    6    7    8    9   10   11   12   13   14   15   16   17   18   19   20   21   22   24   25   26   27   28   29   30   31   22    8
     24    1    2    3    4    5    6    7    8    9   10   11   12   13   14   15   16   17   18   19   20   21   22   23   25   26   27   28   29   30   31   23    7
     25    1    2    3    4    5    6    7    8    9   10   11   12   13   14   15   16   17   18   19   20   21   22   23   24   26   27   28   29   30   31   24    6
     26    1    2    3    4    5    6    7    8    9   10   11   12   13   14   15   16   17   18   19   20   21   22   23   24   25   27   28   29   30   31   25    5
     27    1    2    3    4    5    6    7    8    9   10   11   12   13   14   15   16   17   18   19   20   21   22   23   24   25   26   28   29   30   31   26    4
     28    1    2    3    4    5    6    7    8    9   10   11   12   13   14   15   16   17   18   19   20   21   22   23   24   25   26   27   29   30   31   27    3
     29    1    2    3    4    5    6    7    8    9   10   11   12   13   14   15   16   17   18   19   20   21   22   23   24   25   26   27   28   30   31   28    2
     30    1    2    3    4    5    6    7    8    9   10   11   12   13   14   15   16   17   18   19   20   21   22   23   24   25   26   27   28   29   31   29    1
     31    1    2    3    4    5    6    7    8    9   10   11   12   13   14   15   16   17   18   19   20   21   22   23   24   25   26   27   28   29   30   30    0

  Reaction mixing waters indices + no. upstream waters + no. downstream waters:

      2    3    4    5    6    7    8    9   10   11   12   13   14   15   16   17   18   19   20   21   22   23   24   25   26   27   28   29   30   31    0   29
      3    2    4    5    6    7    8    9   10   11   12   13   14   15   16   17   18   19   20   21   22   23   24   25   26   27   28   29   30   31    1   28
      4    2    3    5    6    7    8    9   10   11   12   13   14   15   16   17   18   19   20   21   22   23   24   25   26   27   28   29   30   31    2   27
      5    2    3    4    6    7    8    9   10   11   12   13   14   15   16   17   18   19   20   21   22   23   24   25   26   27   28   29   30   31    3   26
      6    2    3    4    5    7    8    9   10   11   12   13   14   15   16   17   18   19   20   21   22   23   24   25   26   27   28   29   30   31    4   25
      7    2    3    4    5    6    8    9   10   11   12   13   14   15   16   17   18   19   20   21   22   23   24   25   26   27   28   29   30   31    5   24
      8    2    3    4    5    6    7    9   10   11   12   13   14   15   16   17   18   19   20   21   22   23   24   25   26   27   28   29   30   31    6   23
      9    2    3    4    5    6    7    8   10   11   12   13   14   15   16   17   18   19   20   21   22   23   24   25   26   27   28   29   30   31    7   22
     10    2    3    4    5    6    7    8    9   11   12   13   14   15   16   17   18   19   20   21   22   23   24   25   26   27   28   29   30   31    8   21
     11    2    3    4    5    6    7    8    9   10   12   13   14   15   16   17   18   19   20   21   22   23   24   25   26   27   28   29   30   31    9   20
     12    2    3    4    5    6    7    8    9   10   11   13   14   15   16   17   18   19   20   21   22   23   24   25   26   27   28   29   30   31   10   19
     13    2    3    4    5    6    7    8    9   10   11   12   14   15   16   17   18   19   20   21   22   23   24   25   26   27   28   29   30   31   11   18
     14    2    3    4    5    6    7    8    9   10   11   12   13   15   16   17   18   19   20   21   22   23   24   25   26   27   28   29   30   31   12   17
     15    2    3    4    5    6    7    8    9   10   11   12   13   14   16   17   18   19   20   21   22   23   24   25   26   27   28   29   30   31   13   16
     16    2    3    4    5    6    7    8    9   10   11   12   13   14   15   17   18   19   20   21   22   23   24   25   26   27   28   29   30   31   14   15
     17    2    3    4    5    6    7    8    9   10   11   12   13   14   15   16   18   19   20   21   22   23   24   25   26   27   28   29   30   31   15   14
     18    2    3    4    5    6    7    8    9   10   11   12   13   14   15   16   17   19   20   21   22   23   24   25   26   27   28   29   30   31   16   13
     19    2    3    4    5    6    7    8    9   10   11   12   13   14   15   16   17   18   20   21   22   23   24   25   26   27   28   29   30   31   17   12
     20    2    3    4    5    6    7    8    9   10   11   12   13   14   15   16   17   18   19   21   22   23   24   25   26   27   28   29   30   31   18   11
     21    2    3    4    5    6    7    8    9   10   11   12   13   14   15   16   17   18   19   20   22   23   24   25   26   27   28   29   30   31   19   10
     22    2    3    4    5    6    7    8    9   10   11   12   13   14   15   16   17   18   19   20   21   23   24   25   26   27   28   29   30   31   20    9
     23    2    3    4    5    6    7    8    9   10   11   12   13   14   15   16   17   18   19   20   21   22   24   25   26   27   28   29   30   31   21    8
     24    2    3    4    5    6    7    8    9   10   11   12   13   14   15   16   17   18   19   20   21   22   23   25   26   27   28   29   30   31   22    7
     25    2    3    4    5    6    7    8    9   10   11   12   13   14   15   16   17   18   19   20   21   22   23   24   26   27   28   29   30   31   23    6
     26    2    3    4    5    6    7    8    9   10   11   12   13   14   15   16   17   18   19   20   21   22   23   24   25   27   28   29   30   31   24    5
     27    2    3    4    5    6    7    8    9   10   11   12   13   14   15   16   17   18   19   20   21   22   23   24   25   26   28   29   30   31   25    4
     28    2    3    4    5    6    7    8    9   10   11   12   13   14   15   16   17   18   19   20   21   22   23   24   25   26   27   29   30   31   26    3
     29    2    3    4    5    6    7    8    9   10   11   12   13   14   15   16   17   18   19   20   21   22   23   24   25   26   27   28   30   31   27    2
     30    2    3    4    5    6    7    8    9   10   11   12   13   14   15   16   17   18   19   20   21   22   23   24   25   26   27   28   29   31   28    1
     31    2    3    4    5    6    7    8    9   10   11   12   13   14   15   16   17   18   19   20   21   22   23   24   25   26   27   28   29   30   29    0

  Chemical input option:                        1

  WMA option:          Lumped

  rk average option:                        2

  Number of lumpings:                        0

  Aqueous species:

          h2o(p)         
          h+             
          cl-            
          n2(aq)(p)      
          ch2o(aq)       
          hco3-          
          o2(aq)         
          no3-           
          co3-2          
  Minerals (name + molar volume):

  Gases:

          co2(g)         
          o2(g)          
          n2(g)          
  Surface complexes:

  Equilibrium reactions:

          co2(g)                        

          o2(g)                         

          n2(g)                         

          co3-2                         

  Kinetic reactions:

          aerobic oxidation of DOC      

              4

              4

              0.00000E+00

 
          denitrification               

              4

              6

              0.00000E+00

  1.000000000000000E-006
  Global stoichiometric matrix:

                 -1.00000        0.00000        0.00000        0.00000       -1.00000        0.00000        0.00000        0.00000        1.00000        1.00000        0.00000        0.00000
                  0.00000        0.00000        0.00000        0.00000        0.00000       -1.00000        0.00000        0.00000        0.00000        0.00000        1.00000        0.00000
                 -2.00000        0.00000        0.00000        0.00000        0.00000        0.00000       -2.00000        0.00000        1.00000        0.00000        2.50000        1.00000
                  1.00000        0.00000        0.00000        0.00000       -1.00000        0.00000        0.00000        1.00000        0.00000        0.00000        0.00000        0.00000
                  1.00000        0.00000        0.00000       -1.00000        1.00000       -1.00000        0.00000        0.00000        0.00000        0.00000        0.00000        0.00000
                  0.20000        0.00000        0.40000       -1.00000        1.00000        0.00000       -0.80000        0.00000        0.40000        0.00000        0.00000        0.00000
  Equilibrium constants:

              6.51028E+07
              7.90679E+02
              4.93060E+02
              4.69029E-11

  Global component matrix:


  Concentration of recharge waters (in molalities): (rows -> aqueous species in the same order as before, columns -> targets)











  Activities of recharge waters:











  Concentration of boundary waters (in molalities): (rows -> aqueous species in the same order as before, columns -> targets)

              5.55556E+01
              1.00000E-08
              1.00000E-03
              5.00000E-04
              2.00000E-03
              5.37611E-04
              2.52947E-04
              1.00000E-03
              2.52155E-06

  Activities of boundary waters:

              1.00000E+00
              1.00000E-08
              1.00000E-03
              5.00000E-04
              2.00000E-03
              5.37611E-04
              2.52947E-04
              1.00000E-03
              2.52155E-06

  Initial concentration of aqueous species in the domain:

              5.55556E+01    5.55556E+01    5.55556E+01    5.55556E+01    5.55556E+01    5.55556E+01    5.55556E+01    5.55556E+01    5.55556E+01    5.55556E+01    5.55556E+01    5.55556E+01    5.55556E+01    5.55556E+01    5.55556E+01    5.55556E+01    5.55556E+01    5.55556E+01    5.55556E+01    5.55556E+01    5.55556E+01    5.55556E+01    5.55556E+01    5.55556E+01    5.55556E+01    5.55556E+01    5.55556E+01    5.55556E+01    5.55556E+01    5.55556E+01
              1.00000E-07    1.00000E-07    1.00000E-07    1.00000E-07    1.00000E-07    1.00000E-07    1.00000E-07    1.00000E-07    1.00000E-07    1.00000E-07    1.00000E-07    1.00000E-07    1.00000E-07    1.00000E-07    1.00000E-07    1.00000E-07    1.00000E-07    1.00000E-07    1.00000E-07    1.00000E-07    1.00000E-07    1.00000E-07    1.00000E-07    1.00000E-07    1.00000E-07    1.00000E-07    1.00000E-07    1.00000E-07    1.00000E-07    1.00000E-07
              1.00000E-16    1.00000E-16    1.00000E-16    1.00000E-16    1.00000E-16    1.00000E-16    1.00000E-16    1.00000E-16    1.00000E-16    1.00000E-16    1.00000E-16    1.00000E-16    1.00000E-16    1.00000E-16    1.00000E-16    1.00000E-16    1.00000E-16    1.00000E-16    1.00000E-16    1.00000E-16    1.00000E-16    1.00000E-16    1.00000E-16    1.00000E-16    1.00000E-16    1.00000E-16    1.00000E-16    1.00000E-16    1.00000E-16    1.00000E-16
              5.00000E-04    5.00000E-04    5.00000E-04    5.00000E-04    5.00000E-04    5.00000E-04    5.00000E-04    5.00000E-04    5.00000E-04    5.00000E-04    5.00000E-04    5.00000E-04    5.00000E-04    5.00000E-04    5.00000E-04    5.00000E-04    5.00000E-04    5.00000E-04    5.00000E-04    5.00000E-04    5.00000E-04    5.00000E-04    5.00000E-04    5.00000E-04    5.00000E-04    5.00000E-04    5.00000E-04    5.00000E-04    5.00000E-04    5.00000E-04
              1.00000E-05    1.00000E-05    1.00000E-05    1.00000E-05    1.00000E-05    1.00000E-05    1.00000E-05    1.00000E-05    1.00000E-05    1.00000E-05    1.00000E-05    1.00000E-05    1.00000E-05    1.00000E-05    1.00000E-05    1.00000E-05    1.00000E-05    1.00000E-05    1.00000E-05    1.00000E-05    1.00000E-05    1.00000E-05    1.00000E-05    1.00000E-05    1.00000E-05    1.00000E-05    1.00000E-05    1.00000E-05    1.00000E-05    1.00000E-05
              1.00000E-03    1.00000E-03    1.00000E-03    1.00000E-03    1.00000E-03    1.00000E-03    1.00000E-03    1.00000E-03    1.00000E-03    1.00000E-03    1.00000E-03    1.00000E-03    1.00000E-03    1.00000E-03    1.00000E-03    1.00000E-03    1.00000E-03    1.00000E-03    1.00000E-03    1.00000E-03    1.00000E-03    1.00000E-03    1.00000E-03    1.00000E-03    1.00000E-03    1.00000E-03    1.00000E-03    1.00000E-03    1.00000E-03    1.00000E-03
              1.00000E-06    1.00000E-06    1.00000E-06    1.00000E-06    1.00000E-06    1.00000E-06    1.00000E-06    1.00000E-06    1.00000E-06    1.00000E-06    1.00000E-06    1.00000E-06    1.00000E-06    1.00000E-06    1.00000E-06    1.00000E-06    1.00000E-06    1.00000E-06    1.00000E-06    1.00000E-06    1.00000E-06    1.00000E-06    1.00000E-06    1.00000E-06    1.00000E-06    1.00000E-06    1.00000E-06    1.00000E-06    1.00000E-06    1.00000E-06
              1.00000E-05    1.00000E-05    1.00000E-05    1.00000E-05    1.00000E-05    1.00000E-05    1.00000E-05    1.00000E-05    1.00000E-05    1.00000E-05    1.00000E-05    1.00000E-05    1.00000E-05    1.00000E-05    1.00000E-05    1.00000E-05    1.00000E-05    1.00000E-05    1.00000E-05    1.00000E-05    1.00000E-05    1.00000E-05    1.00000E-05    1.00000E-05    1.00000E-05    1.00000E-05    1.00000E-05    1.00000E-05    1.00000E-05    1.00000E-05
              4.69029E-07    4.69029E-07    4.69029E-07    4.69029E-07    4.69029E-07    4.69029E-07    4.69029E-07    4.69029E-07    4.69029E-07    4.69029E-07    4.69029E-07    4.69029E-07    4.69029E-07    4.69029E-07    4.69029E-07    4.69029E-07    4.69029E-07    4.69029E-07    4.69029E-07    4.69029E-07    4.69029E-07    4.69029E-07    4.69029E-07    4.69029E-07    4.69029E-07    4.69029E-07    4.69029E-07    4.69029E-07    4.69029E-07    4.69029E-07

  Initial activities aqueous species domain:

              1.00000E+00    1.00000E+00    1.00000E+00    1.00000E+00    1.00000E+00    1.00000E+00    1.00000E+00    1.00000E+00    1.00000E+00    1.00000E+00    1.00000E+00    1.00000E+00    1.00000E+00    1.00000E+00    1.00000E+00    1.00000E+00    1.00000E+00    1.00000E+00    1.00000E+00    1.00000E+00    1.00000E+00    1.00000E+00    1.00000E+00    1.00000E+00    1.00000E+00    1.00000E+00    1.00000E+00    1.00000E+00    1.00000E+00    1.00000E+00
              1.00000E-07    1.00000E-07    1.00000E-07    1.00000E-07    1.00000E-07    1.00000E-07    1.00000E-07    1.00000E-07    1.00000E-07    1.00000E-07    1.00000E-07    1.00000E-07    1.00000E-07    1.00000E-07    1.00000E-07    1.00000E-07    1.00000E-07    1.00000E-07    1.00000E-07    1.00000E-07    1.00000E-07    1.00000E-07    1.00000E-07    1.00000E-07    1.00000E-07    1.00000E-07    1.00000E-07    1.00000E-07    1.00000E-07    1.00000E-07
              1.00000E-16    1.00000E-16    1.00000E-16    1.00000E-16    1.00000E-16    1.00000E-16    1.00000E-16    1.00000E-16    1.00000E-16    1.00000E-16    1.00000E-16    1.00000E-16    1.00000E-16    1.00000E-16    1.00000E-16    1.00000E-16    1.00000E-16    1.00000E-16    1.00000E-16    1.00000E-16    1.00000E-16    1.00000E-16    1.00000E-16    1.00000E-16    1.00000E-16    1.00000E-16    1.00000E-16    1.00000E-16    1.00000E-16    1.00000E-16
              5.00000E-04    5.00000E-04    5.00000E-04    5.00000E-04    5.00000E-04    5.00000E-04    5.00000E-04    5.00000E-04    5.00000E-04    5.00000E-04    5.00000E-04    5.00000E-04    5.00000E-04    5.00000E-04    5.00000E-04    5.00000E-04    5.00000E-04    5.00000E-04    5.00000E-04    5.00000E-04    5.00000E-04    5.00000E-04    5.00000E-04    5.00000E-04    5.00000E-04    5.00000E-04    5.00000E-04    5.00000E-04    5.00000E-04    5.00000E-04
              1.00000E-05    1.00000E-05    1.00000E-05    1.00000E-05    1.00000E-05    1.00000E-05    1.00000E-05    1.00000E-05    1.00000E-05    1.00000E-05    1.00000E-05    1.00000E-05    1.00000E-05    1.00000E-05    1.00000E-05    1.00000E-05    1.00000E-05    1.00000E-05    1.00000E-05    1.00000E-05    1.00000E-05    1.00000E-05    1.00000E-05    1.00000E-05    1.00000E-05    1.00000E-05    1.00000E-05    1.00000E-05    1.00000E-05    1.00000E-05
              1.00000E-03    1.00000E-03    1.00000E-03    1.00000E-03    1.00000E-03    1.00000E-03    1.00000E-03    1.00000E-03    1.00000E-03    1.00000E-03    1.00000E-03    1.00000E-03    1.00000E-03    1.00000E-03    1.00000E-03    1.00000E-03    1.00000E-03    1.00000E-03    1.00000E-03    1.00000E-03    1.00000E-03    1.00000E-03    1.00000E-03    1.00000E-03    1.00000E-03    1.00000E-03    1.00000E-03    1.00000E-03    1.00000E-03    1.00000E-03
              1.00000E-06    1.00000E-06    1.00000E-06    1.00000E-06    1.00000E-06    1.00000E-06    1.00000E-06    1.00000E-06    1.00000E-06    1.00000E-06    1.00000E-06    1.00000E-06    1.00000E-06    1.00000E-06    1.00000E-06    1.00000E-06    1.00000E-06    1.00000E-06    1.00000E-06    1.00000E-06    1.00000E-06    1.00000E-06    1.00000E-06    1.00000E-06    1.00000E-06    1.00000E-06    1.00000E-06    1.00000E-06    1.00000E-06    1.00000E-06
              1.00000E-05    1.00000E-05    1.00000E-05    1.00000E-05    1.00000E-05    1.00000E-05    1.00000E-05    1.00000E-05    1.00000E-05    1.00000E-05    1.00000E-05    1.00000E-05    1.00000E-05    1.00000E-05    1.00000E-05    1.00000E-05    1.00000E-05    1.00000E-05    1.00000E-05    1.00000E-05    1.00000E-05    1.00000E-05    1.00000E-05    1.00000E-05    1.00000E-05    1.00000E-05    1.00000E-05    1.00000E-05    1.00000E-05    1.00000E-05
              2.58444+185    2.58444+185    2.58444+185    2.58444+185    2.58444+185    2.58444+185    2.58444+185    2.58444+185    2.58444+185    2.58444+185    2.58444+185    2.58444+185    2.58444+185    2.58444+185    2.58444+185    2.58444+185    2.58444+185    2.58444+185    2.58444+185    2.58444+185    2.58444+185    2.58444+185    2.58444+185    2.58444+185    2.58444+185    2.58444+185    2.58444+185    2.58444+185    2.58444+185    2.58444+185

  Final concentration of aqueous species in the domain:

              5.55556E+01    5.55556E+01    5.55556E+01    5.55556E+01    5.55556E+01    5.55556E+01    5.55556E+01    5.55556E+01    5.55556E+01    5.55556E+01    5.55556E+01    5.55556E+01    5.55556E+01    5.55556E+01    5.55556E+01    5.55556E+01    5.55556E+01    5.55556E+01    5.55556E+01    5.55556E+01    5.55556E+01    5.55556E+01    5.55556E+01    5.55556E+01    5.55556E+01    5.55556E+01    5.55556E+01    5.55556E+01    5.55556E+01    5.55556E+01
              1.99096E-05    1.34098E-05    4.88583E-06    1.08159E-06    2.12940E-07    1.31710E-07    1.21693E-07    1.20179E-07    1.19960E-07    1.19930E-07    1.19927E-07    1.19706E-07    1.19706E-07    1.19706E-07    1.19706E-07    1.19706E-07    1.19706E-07    1.19706E-07    1.19706E-07    1.19706E-07    1.19706E-07    1.19706E-07    1.19706E-07    1.19706E-07    1.19706E-07    1.19706E-07    1.19706E-07    1.19706E-07    1.19706E-07    1.19706E-07
              4.90118E-04    2.13214E-04    7.17053E-05    1.94886E-05    4.43179E-06    8.65915E-07    1.48378E-07    2.26602E-08    3.12445E-09    3.93079E-10    4.55183E-11    4.41762E-12    4.38775E-13    4.09690E-14    3.68899E-15    3.98310E-16    1.23554E-16    1.01772E-16    1.00127E-16    1.00009E-16    1.00001E-16    1.00000E-16    1.00000E-16    1.00000E-16    1.00000E-16    1.00000E-16    1.00000E-16    1.00000E-16    1.00000E-16    1.00000E-16
              5.00566E-04    5.00433E-04    5.00207E-04    5.00082E-04    5.00039E-04    5.00027E-04    5.00025E-04    5.00024E-04    5.00024E-04    5.00024E-04    5.00024E-04    5.00024E-04    5.00024E-04    5.00024E-04    5.00024E-04    5.00024E-04    5.00024E-04    5.00024E-04    5.00024E-04    5.00024E-04    5.00024E-04    5.00024E-04    5.00024E-04    5.00024E-04    5.00024E-04    5.00024E-04    5.00024E-04    5.00024E-04    5.00024E-04    5.00024E-04
              9.62872E-04    4.19190E-04    1.46866E-04    4.71519E-05    1.83636E-05    1.15211E-05    1.01399E-05    9.89731E-06    9.85954E-06    9.85425E-06    9.85357E-06    9.85493E-06    9.85492E-06    9.85492E-06    9.85492E-06    9.85492E-06    9.85492E-06    9.85492E-06    9.85492E-06    9.85492E-06    9.85492E-06    9.85492E-06    9.85492E-06    9.85492E-06    9.85492E-06    9.85492E-06    9.85492E-06    9.85492E-06    9.85492E-06    9.85492E-06
              7.97314E-04    9.17430E-04    9.73295E-04    9.93104E-04    9.98673E-04    9.99918E-04    1.00017E-03    1.00022E-03    1.00022E-03    1.00022E-03    1.00022E-03    1.00022E-03    1.00022E-03    1.00022E-03    1.00022E-03    1.00022E-03    1.00022E-03    1.00022E-03    1.00022E-03    1.00022E-03    1.00022E-03    1.00022E-03    1.00022E-03    1.00022E-03    1.00022E-03    1.00022E-03    1.00022E-03    1.00022E-03    1.00022E-03    1.00022E-03
              1.03437E-04    4.06953E-05    1.37545E-05    4.48356E-06    1.75650E-06    1.08373E-06    9.43903E-07    9.18840E-07    9.14881E-07    9.14321E-07    9.14249E-07    9.15058E-07    9.15057E-07    9.15057E-07    9.15057E-07    9.15057E-07    9.15057E-07    9.15057E-07    9.15057E-07    9.15057E-07    9.15057E-07    9.15057E-07    9.15057E-07    9.15057E-07    9.15057E-07    9.15057E-07    9.15057E-07    9.15057E-07    9.15057E-07    9.15057E-07
              4.94084E-04    2.20216E-04    8.05749E-05    2.91304E-05    1.43108E-05    1.08030E-05    1.00973E-05    9.97369E-06    9.95447E-06    9.95178E-06    9.95144E-06    9.95189E-06    9.95189E-06    9.95189E-06    9.95189E-06    9.95189E-06    9.95189E-06    9.95189E-06    9.95189E-06    9.95189E-06    9.95189E-06    9.95189E-06    9.95189E-06    9.95189E-06    9.95189E-06    9.95189E-06    9.95189E-06    9.95189E-06    9.95189E-06    9.95189E-06
              1.87831E-09    3.20886E-09    9.34342E-09    4.30659E-08    2.19971E-07    3.56079E-07    3.85486E-07    3.90361E-07    3.91077E-07    3.91173E-07    3.91184E-07    3.91904E-07    3.91905E-07    3.91905E-07    3.91905E-07    3.91905E-07    3.91905E-07    3.91905E-07    3.91905E-07    3.91905E-07    3.91905E-07    3.91905E-07    3.91905E-07    3.91905E-07    3.91905E-07    3.91905E-07    3.91905E-07    3.91905E-07    3.91905E-07    3.91905E-07

  Final activities aqueous species domain:

              9.99939E-01    9.99958E-01    9.99968E-01    9.99971E-01    9.99972E-01    9.99973E-01    9.99973E-01    9.99973E-01    9.99973E-01    9.99973E-01    9.99973E-01    9.99973E-01    9.99973E-01    9.99973E-01    9.99973E-01    9.99973E-01    9.99973E-01    9.99973E-01    9.99973E-01    9.99973E-01    9.99973E-01    9.99973E-01    9.99973E-01    9.99973E-01    9.99973E-01    9.99973E-01    9.99973E-01    9.99973E-01    9.99973E-01    9.99973E-01
              1.99096E-05    1.34098E-05    4.88583E-06    1.08159E-06    2.12940E-07    1.31710E-07    1.21693E-07    1.20179E-07    1.19960E-07    1.19930E-07    1.19927E-07    1.19706E-07    1.19706E-07    1.19706E-07    1.19706E-07    1.19706E-07    1.19706E-07    1.19706E-07    1.19706E-07    1.19706E-07    1.19706E-07    1.19706E-07    1.19706E-07    1.19706E-07    1.19706E-07    1.19706E-07    1.19706E-07    1.19706E-07    1.19706E-07    1.19706E-07
              4.90118E-04    2.13214E-04    7.17053E-05    1.94886E-05    4.43179E-06    8.65915E-07    1.48378E-07    2.26602E-08    3.12445E-09    3.93079E-10    4.55183E-11    4.41762E-12    4.38775E-13    4.09690E-14    3.68899E-15    3.98310E-16    1.23554E-16    1.01772E-16    1.00127E-16    1.00009E-16    1.00001E-16    1.00000E-16    1.00000E-16    1.00000E-16    1.00000E-16    1.00000E-16    1.00000E-16    1.00000E-16    1.00000E-16    1.00000E-16
              5.00566E-04    5.00433E-04    5.00207E-04    5.00082E-04    5.00039E-04    5.00027E-04    5.00025E-04    5.00024E-04    5.00024E-04    5.00024E-04    5.00024E-04    5.00024E-04    5.00024E-04    5.00024E-04    5.00024E-04    5.00024E-04    5.00024E-04    5.00024E-04    5.00024E-04    5.00024E-04    5.00024E-04    5.00024E-04    5.00024E-04    5.00024E-04    5.00024E-04    5.00024E-04    5.00024E-04    5.00024E-04    5.00024E-04    5.00024E-04
              9.62872E-04    4.19190E-04    1.46866E-04    4.71519E-05    1.83636E-05    1.15211E-05    1.01399E-05    9.89731E-06    9.85954E-06    9.85425E-06    9.85357E-06    9.85493E-06    9.85492E-06    9.85492E-06    9.85492E-06    9.85492E-06    9.85492E-06    9.85492E-06    9.85492E-06    9.85492E-06    9.85492E-06    9.85492E-06    9.85492E-06    9.85492E-06    9.85492E-06    9.85492E-06    9.85492E-06    9.85492E-06    9.85492E-06    9.85492E-06
              7.97314E-04    9.17430E-04    9.73295E-04    9.93104E-04    9.98673E-04    9.99918E-04    1.00017E-03    1.00022E-03    1.00022E-03    1.00022E-03    1.00022E-03    1.00022E-03    1.00022E-03    1.00022E-03    1.00022E-03    1.00022E-03    1.00022E-03    1.00022E-03    1.00022E-03    1.00022E-03    1.00022E-03    1.00022E-03    1.00022E-03    1.00022E-03    1.00022E-03    1.00022E-03    1.00022E-03    1.00022E-03    1.00022E-03    1.00022E-03
              1.03437E-04    4.06953E-05    1.37545E-05    4.48356E-06    1.75650E-06    1.08373E-06    9.43903E-07    9.18840E-07    9.14881E-07    9.14321E-07    9.14249E-07    9.15058E-07    9.15057E-07    9.15057E-07    9.15057E-07    9.15057E-07    9.15057E-07    9.15057E-07    9.15057E-07    9.15057E-07    9.15057E-07    9.15057E-07    9.15057E-07    9.15057E-07    9.15057E-07    9.15057E-07    9.15057E-07    9.15057E-07    9.15057E-07    9.15057E-07
              4.94084E-04    2.20216E-04    8.05749E-05    2.91304E-05    1.43108E-05    1.08030E-05    1.00973E-05    9.97369E-06    9.95447E-06    9.95178E-06    9.95144E-06    9.95189E-06    9.95189E-06    9.95189E-06    9.95189E-06    9.95189E-06    9.95189E-06    9.95189E-06    9.95189E-06    9.95189E-06    9.95189E-06    9.95189E-06    9.95189E-06    9.95189E-06    9.95189E-06    9.95189E-06    9.95189E-06    9.95189E-06    9.95189E-06    9.95189E-06
              1.87831E-09    3.20886E-09    9.34342E-09    4.30659E-08    2.19971E-07    3.56079E-07    3.85486E-07    3.90361E-07    3.91077E-07    3.91173E-07    3.91184E-07    3.91904E-07    3.91905E-07    3.91905E-07    3.91905E-07    3.91905E-07    3.91905E-07    3.91905E-07    3.91905E-07    3.91905E-07    3.91905E-07    3.91905E-07    3.91905E-07    3.91905E-07    3.91905E-07    3.91905E-07    3.91905E-07    3.91905E-07    3.91905E-07    3.91905E-07

  Initial salinity domain:

              0.00000E+00    0.00000E+00    0.00000E+00    0.00000E+00    0.00000E+00    0.00000E+00    0.00000E+00    0.00000E+00    0.00000E+00    0.00000E+00    0.00000E+00    0.00000E+00    0.00000E+00    0.00000E+00    0.00000E+00    0.00000E+00    0.00000E+00    0.00000E+00    0.00000E+00    0.00000E+00    0.00000E+00    0.00000E+00    0.00000E+00    0.00000E+00    0.00000E+00    0.00000E+00    0.00000E+00    0.00000E+00    0.00000E+00    0.00000E+00

  Final salinity domain:

              9.82573E-05    7.74343E-05    6.67802E-05    6.28437E-05    6.16973E-05    6.14198E-05    6.13638E-05    6.13540E-05    6.13525E-05    6.13523E-05    6.13523E-05    6.13522E-05    6.13522E-05    6.13522E-05    6.13522E-05    6.13522E-05    6.13522E-05    6.13522E-05    6.13522E-05    6.13522E-05    6.13522E-05    6.13522E-05    6.13522E-05    6.13522E-05    6.13522E-05    6.13522E-05    6.13522E-05    6.13522E-05    6.13522E-05    6.13522E-05

  Initial pH domain:

              0.00000E+00    0.00000E+00    0.00000E+00    0.00000E+00    0.00000E+00    0.00000E+00    0.00000E+00    0.00000E+00    0.00000E+00    0.00000E+00    0.00000E+00    0.00000E+00    0.00000E+00    0.00000E+00    0.00000E+00    0.00000E+00    0.00000E+00    0.00000E+00    0.00000E+00    0.00000E+00    0.00000E+00    0.00000E+00    0.00000E+00    0.00000E+00    0.00000E+00    0.00000E+00    0.00000E+00    0.00000E+00    0.00000E+00    0.00000E+00

  Final pH domain:

              0.00000E+00    0.00000E+00    0.00000E+00    0.00000E+00    0.00000E+00    0.00000E+00    0.00000E+00    0.00000E+00    0.00000E+00    0.00000E+00    0.00000E+00    0.00000E+00    0.00000E+00    0.00000E+00    0.00000E+00    0.00000E+00    0.00000E+00    0.00000E+00    0.00000E+00    0.00000E+00    0.00000E+00    0.00000E+00    0.00000E+00    0.00000E+00    0.00000E+00    0.00000E+00    0.00000E+00    0.00000E+00    0.00000E+00    0.00000E+00

  Aqueous mean equilibrium reaction amounts:

             -1.99513E-08    0.00000E+00    0.00000E+00   -2.53313E-09   -5.71231E-09   -1.22238E-09    0.00000E+00    0.00000E+00    0.00000E+00    0.00000E+00    0.00000E+00    0.00000E+00    0.00000E+00    0.00000E+00    0.00000E+00    0.00000E+00    0.00000E+00    0.00000E+00    0.00000E+00    0.00000E+00    0.00000E+00    0.00000E+00    0.00000E+00    0.00000E+00    0.00000E+00    0.00000E+00    0.00000E+00    0.00000E+00    0.00000E+00    0.00000E+00

  Initial aqueous kinetic reaction rates:

              9.00090E-07    9.00090E-07    9.00090E-07    9.00090E-07    9.00090E-07    9.00090E-07    9.00090E-07    9.00090E-07    9.00090E-07    9.00090E-07    9.00090E-07    9.00090E-07    9.00090E-07    9.00090E-07    9.00090E-07    9.00090E-07    9.00090E-07    9.00090E-07    9.00090E-07    9.00090E-07    9.00090E-07    9.00090E-07    9.00090E-07    9.00090E-07    9.00090E-07    9.00090E-07    9.00090E-07    9.00090E-07    9.00090E-07    9.00090E-07
              6.00017E-07    6.00017E-07    6.00017E-07    6.00017E-07    6.00017E-07    6.00017E-07    6.00017E-07    6.00017E-07    6.00017E-07    6.00017E-07    6.00017E-07    6.00017E-07    6.00017E-07    6.00017E-07    6.00017E-07    6.00017E-07    6.00017E-07    6.00017E-07    6.00017E-07    6.00017E-07    6.00017E-07    6.00017E-07    6.00017E-07    6.00017E-07    6.00017E-07    6.00017E-07    6.00017E-07    6.00017E-07    6.00017E-07    6.00017E-07

  Aqueous kinetic reaction rates:

              4.47299E-04    2.37108E-04    7.41492E-05    1.39392E-05    2.69417E-06    1.11366E-06    8.65779E-07    8.24714E-07    8.18354E-07    8.17461E-07    8.17346E-07    8.18120E-07    8.18118E-07    8.18118E-07    8.18118E-07    8.18118E-07    8.18118E-07    8.18118E-07    8.18118E-07    8.18118E-07    8.18118E-07    8.18118E-07    8.18118E-07    8.18118E-07    8.18118E-07    8.18118E-07    8.18118E-07    8.18118E-07    8.18118E-07    8.18118E-07
              3.01507E-05    1.98851E-05    8.66961E-06    2.91929E-06    1.13650E-06    7.15914E-07    6.31988E-07    6.17393E-07    6.15139E-07    6.14825E-07    6.14785E-07    6.14637E-07    6.14637E-07    6.14637E-07    6.14637E-07    6.14637E-07    6.14637E-07    6.14637E-07    6.14637E-07    6.14637E-07    6.14637E-07    6.14637E-07    6.14637E-07    6.14637E-07    6.14637E-07    6.14637E-07    6.14637E-07    6.14637E-07    6.14637E-07    6.14637E-07

  Aqueous mean kinetic reaction amounts:

              4.47299E-07    2.37108E-07    7.41492E-08    1.39392E-08    2.69417E-09    1.11366E-09    8.65779E-10    8.24714E-10    8.18354E-10    8.17461E-10    8.17346E-10    8.18120E-10    8.18118E-10    8.18118E-10    8.18118E-10    8.18118E-10    8.18118E-10    8.18118E-10    8.18118E-10    8.18118E-10    8.18118E-10    8.18118E-10    8.18118E-10    8.18118E-10    8.18118E-10    8.18118E-10    8.18118E-10    8.18118E-10    8.18118E-10    8.18118E-10
              3.01507E-08    1.98851E-08    8.66961E-09    2.91929E-09    1.13650E-09    7.15914E-10    6.31988E-10    6.17393E-10    6.15139E-10    6.14825E-10    6.14785E-10    6.14637E-10    6.14637E-10    6.14637E-10    6.14637E-10    6.14637E-10    6.14637E-10    6.14637E-10    6.14637E-10    6.14637E-10    6.14637E-10    6.14637E-10    6.14637E-10    6.14637E-10    6.14637E-10    6.14637E-10    6.14637E-10    6.14637E-10    6.14637E-10    6.14637E-10

  Aqueous estimated kinetic reaction amounts:

              0.00000E+00    0.00000E+00    0.00000E+00    0.00000E+00    0.00000E+00    0.00000E+00    0.00000E+00    0.00000E+00    0.00000E+00    0.00000E+00    0.00000E+00    0.00000E+00    0.00000E+00    0.00000E+00    0.00000E+00    0.00000E+00    0.00000E+00    0.00000E+00    0.00000E+00    0.00000E+00    0.00000E+00    0.00000E+00    0.00000E+00    0.00000E+00    0.00000E+00    0.00000E+00    0.00000E+00    0.00000E+00    0.00000E+00    0.00000E+00
              0.00000E+00    0.00000E+00    0.00000E+00    0.00000E+00    0.00000E+00    0.00000E+00    0.00000E+00    0.00000E+00    0.00000E+00    0.00000E+00    0.00000E+00    0.00000E+00    0.00000E+00    0.00000E+00    0.00000E+00    0.00000E+00    0.00000E+00    0.00000E+00    0.00000E+00    0.00000E+00    0.00000E+00    0.00000E+00    0.00000E+00    0.00000E+00    0.00000E+00    0.00000E+00    0.00000E+00    0.00000E+00    0.00000E+00    0.00000E+00

  Mineral zone    1:

          Minerals in equilibrium:

          Kinetic minerals:


          Mineral mean kinetic reaction amounts:


          Mineral estimated kinetic reaction amounts:


          Absolute error kinetic reaction amounts:


  Reactive zone    2:

          Non-flowing species:

          Number of equilibrium reactions:         1

          Se:

                  1.00000        0.00000        0.00000        0.00000       -1.00000        0.00000        0.00000        1.00000        0.00000
          Sk:

                  1.00000        0.00000        0.00000       -1.00000        1.00000       -1.00000        0.00000        0.00000        0.00000        0.00000        0.00000        0.00000
                  0.20000        0.00000        0.40000       -1.00000        1.00000        0.00000       -0.80000        0.00000        0.40000        0.00000        0.00000        0.00000
          U*Sk^T:

                  1.00000        0.20000
                  0.00000        0.00000
                  0.00000        0.40000
                 -1.00000       -1.00000
                  1.00000        1.00000
                 -1.00000        0.00000
                  0.00000       -0.80000

          Equilibrium constants:

              4.69029E-11

          Component matrix:

                  1.00000        0.00000        0.00000        0.00000        0.00000        0.00000        0.00000       -1.00000
                  0.00000        1.00000        0.00000        0.00000        0.00000        0.00000        0.00000        0.00000
                  0.00000        0.00000        1.00000        0.00000        0.00000        0.00000        0.00000        0.00000
                  0.00000        0.00000        0.00000        1.00000        0.00000        0.00000        0.00000        0.00000
                  0.00000        0.00000        0.00000        0.00000        1.00000        0.00000        0.00000        1.00000
                  0.00000        0.00000        0.00000        0.00000        0.00000        1.00000        0.00000        0.00000
                  0.00000        0.00000        0.00000        0.00000        0.00000        0.00000        1.00000        0.00000

          Initial concentration of components:

             -3.69029E-07   -3.69029E-07   -3.69029E-07   -3.69029E-07   -3.69029E-07   -3.69029E-07   -3.69029E-07   -3.69029E-07   -3.69029E-07   -3.69029E-07   -3.69029E-07   -3.69029E-07   -3.69029E-07   -3.69029E-07   -3.69029E-07   -3.69029E-07   -3.69029E-07   -3.69029E-07   -3.69029E-07   -3.69029E-07   -3.69029E-07   -3.69029E-07   -3.69029E-07   -3.69029E-07   -3.69029E-07   -3.69029E-07   -3.69029E-07   -3.69029E-07   -3.69029E-07   -3.69029E-07
              1.00000E-16    1.00000E-16    1.00000E-16    1.00000E-16    1.00000E-16    1.00000E-16    1.00000E-16    1.00000E-16    1.00000E-16    1.00000E-16    1.00000E-16    1.00000E-16    1.00000E-16    1.00000E-16    1.00000E-16    1.00000E-16    1.00000E-16    1.00000E-16    1.00000E-16    1.00000E-16    1.00000E-16    1.00000E-16    1.00000E-16    1.00000E-16    1.00000E-16    1.00000E-16    1.00000E-16    1.00000E-16    1.00000E-16    1.00000E-16
              5.00000E-04    5.00000E-04    5.00000E-04    5.00000E-04    5.00000E-04    5.00000E-04    5.00000E-04    5.00000E-04    5.00000E-04    5.00000E-04    5.00000E-04    5.00000E-04    5.00000E-04    5.00000E-04    5.00000E-04    5.00000E-04    5.00000E-04    5.00000E-04    5.00000E-04    5.00000E-04    5.00000E-04    5.00000E-04    5.00000E-04    5.00000E-04    5.00000E-04    5.00000E-04    5.00000E-04    5.00000E-04    5.00000E-04    5.00000E-04
              1.00000E-05    1.00000E-05    1.00000E-05    1.00000E-05    1.00000E-05    1.00000E-05    1.00000E-05    1.00000E-05    1.00000E-05    1.00000E-05    1.00000E-05    1.00000E-05    1.00000E-05    1.00000E-05    1.00000E-05    1.00000E-05    1.00000E-05    1.00000E-05    1.00000E-05    1.00000E-05    1.00000E-05    1.00000E-05    1.00000E-05    1.00000E-05    1.00000E-05    1.00000E-05    1.00000E-05    1.00000E-05    1.00000E-05    1.00000E-05
              1.00047E-03    1.00047E-03    1.00047E-03    1.00047E-03    1.00047E-03    1.00047E-03    1.00047E-03    1.00047E-03    1.00047E-03    1.00047E-03    1.00047E-03    1.00047E-03    1.00047E-03    1.00047E-03    1.00047E-03    1.00047E-03    1.00047E-03    1.00047E-03    1.00047E-03    1.00047E-03    1.00047E-03    1.00047E-03    1.00047E-03    1.00047E-03    1.00047E-03    1.00047E-03    1.00047E-03    1.00047E-03    1.00047E-03    1.00047E-03
              1.00000E-06    1.00000E-06    1.00000E-06    1.00000E-06    1.00000E-06    1.00000E-06    1.00000E-06    1.00000E-06    1.00000E-06    1.00000E-06    1.00000E-06    1.00000E-06    1.00000E-06    1.00000E-06    1.00000E-06    1.00000E-06    1.00000E-06    1.00000E-06    1.00000E-06    1.00000E-06    1.00000E-06    1.00000E-06    1.00000E-06    1.00000E-06    1.00000E-06    1.00000E-06    1.00000E-06    1.00000E-06    1.00000E-06    1.00000E-06
              1.00000E-05    1.00000E-05    1.00000E-05    1.00000E-05    1.00000E-05    1.00000E-05    1.00000E-05    1.00000E-05    1.00000E-05    1.00000E-05    1.00000E-05    1.00000E-05    1.00000E-05    1.00000E-05    1.00000E-05    1.00000E-05    1.00000E-05    1.00000E-05    1.00000E-05    1.00000E-05    1.00000E-05    1.00000E-05    1.00000E-05    1.00000E-05    1.00000E-05    1.00000E-05    1.00000E-05    1.00000E-05    1.00000E-05    1.00000E-05

          Final concentration of components:

              1.99077E-05    1.34066E-05    4.87649E-06    1.03852E-06   -7.03053E-09   -2.24369E-07   -2.63793E-07   -2.70182E-07   -2.71117E-07   -2.71242E-07   -2.71258E-07   -2.72198E-07   -2.72198E-07   -2.72198E-07   -2.72198E-07   -2.72198E-07   -2.72198E-07   -2.72198E-07   -2.72198E-07   -2.72198E-07   -2.72198E-07   -2.72198E-07   -2.72198E-07   -2.72198E-07   -2.72198E-07   -2.72198E-07   -2.72198E-07   -2.72198E-07   -2.72198E-07   -2.72198E-07
              4.90118E-04    2.13214E-04    7.17053E-05    1.94886E-05    4.43179E-06    8.65915E-07    1.48378E-07    2.26602E-08    3.12445E-09    3.93079E-10    4.55183E-11    4.41762E-12    4.38775E-13    4.09690E-14    3.68899E-15    3.98310E-16    1.23554E-16    1.01772E-16    1.00127E-16    1.00009E-16    1.00001E-16    1.00000E-16    1.00000E-16    1.00000E-16    1.00000E-16    1.00000E-16    1.00000E-16    1.00000E-16    1.00000E-16    1.00000E-16
              5.00566E-04    5.00433E-04    5.00207E-04    5.00082E-04    5.00039E-04    5.00027E-04    5.00025E-04    5.00024E-04    5.00024E-04    5.00024E-04    5.00024E-04    5.00024E-04    5.00024E-04    5.00024E-04    5.00024E-04    5.00024E-04    5.00024E-04    5.00024E-04    5.00024E-04    5.00024E-04    5.00024E-04    5.00024E-04    5.00024E-04    5.00024E-04    5.00024E-04    5.00024E-04    5.00024E-04    5.00024E-04    5.00024E-04    5.00024E-04
              9.62872E-04    4.19190E-04    1.46866E-04    4.71519E-05    1.83636E-05    1.15211E-05    1.01399E-05    9.89731E-06    9.85954E-06    9.85425E-06    9.85357E-06    9.85493E-06    9.85492E-06    9.85492E-06    9.85492E-06    9.85492E-06    9.85492E-06    9.85492E-06    9.85492E-06    9.85492E-06    9.85492E-06    9.85492E-06    9.85492E-06    9.85492E-06    9.85492E-06    9.85492E-06    9.85492E-06    9.85492E-06    9.85492E-06    9.85492E-06
              7.97316E-04    9.17433E-04    9.73304E-04    9.93147E-04    9.98893E-04    1.00027E-03    1.00056E-03    1.00061E-03    1.00061E-03    1.00062E-03    1.00062E-03    1.00061E-03    1.00061E-03    1.00061E-03    1.00061E-03    1.00061E-03    1.00061E-03    1.00061E-03    1.00061E-03    1.00061E-03    1.00061E-03    1.00061E-03    1.00061E-03    1.00061E-03    1.00061E-03    1.00061E-03    1.00061E-03    1.00061E-03    1.00061E-03    1.00061E-03
              1.03437E-04    4.06953E-05    1.37545E-05    4.48356E-06    1.75650E-06    1.08373E-06    9.43903E-07    9.18840E-07    9.14881E-07    9.14321E-07    9.14249E-07    9.15058E-07    9.15057E-07    9.15057E-07    9.15057E-07    9.15057E-07    9.15057E-07    9.15057E-07    9.15057E-07    9.15057E-07    9.15057E-07    9.15057E-07    9.15057E-07    9.15057E-07    9.15057E-07    9.15057E-07    9.15057E-07    9.15057E-07    9.15057E-07    9.15057E-07
              4.94084E-04    2.20216E-04    8.05749E-05    2.91304E-05    1.43108E-05    1.08030E-05    1.00973E-05    9.97369E-06    9.95447E-06    9.95178E-06    9.95144E-06    9.95189E-06    9.95189E-06    9.95189E-06    9.95189E-06    9.95189E-06    9.95189E-06    9.95189E-06    9.95189E-06    9.95189E-06    9.95189E-06    9.95189E-06    9.95189E-06    9.95189E-06    9.95189E-06    9.95189E-06    9.95189E-06    9.95189E-06    9.95189E-06    9.95189E-06

          Final concentration of aqueous species:

              5.55556E+01    5.55556E+01    5.55556E+01    5.55556E+01    5.55556E+01    5.55556E+01    5.55556E+01    5.55556E+01    5.55556E+01    5.55556E+01    5.55556E+01    5.55556E+01    5.55556E+01    5.55556E+01    5.55556E+01    5.55556E+01    5.55556E+01    5.55556E+01    5.55556E+01    5.55556E+01    5.55556E+01    5.55556E+01    5.55556E+01    5.55556E+01    5.55556E+01    5.55556E+01    5.55556E+01    5.55556E+01    5.55556E+01    5.55556E+01
              1.99096E-05    1.34098E-05    4.88583E-06    1.08159E-06    2.12940E-07    1.31710E-07    1.21693E-07    1.20179E-07    1.19960E-07    1.19930E-07    1.19927E-07    1.19706E-07    1.19706E-07    1.19706E-07    1.19706E-07    1.19706E-07    1.19706E-07    1.19706E-07    1.19706E-07    1.19706E-07    1.19706E-07    1.19706E-07    1.19706E-07    1.19706E-07    1.19706E-07    1.19706E-07    1.19706E-07    1.19706E-07    1.19706E-07    1.19706E-07
              4.90118E-04    2.13214E-04    7.17053E-05    1.94886E-05    4.43179E-06    8.65915E-07    1.48378E-07    2.26602E-08    3.12445E-09    3.93079E-10    4.55183E-11    4.41762E-12    4.38775E-13    4.09690E-14    3.68899E-15    3.98310E-16    1.23554E-16    1.01772E-16    1.00127E-16    1.00009E-16    1.00001E-16    1.00000E-16    1.00000E-16    1.00000E-16    1.00000E-16    1.00000E-16    1.00000E-16    1.00000E-16    1.00000E-16    1.00000E-16
              5.00566E-04    5.00433E-04    5.00207E-04    5.00082E-04    5.00039E-04    5.00027E-04    5.00025E-04    5.00024E-04    5.00024E-04    5.00024E-04    5.00024E-04    5.00024E-04    5.00024E-04    5.00024E-04    5.00024E-04    5.00024E-04    5.00024E-04    5.00024E-04    5.00024E-04    5.00024E-04    5.00024E-04    5.00024E-04    5.00024E-04    5.00024E-04    5.00024E-04    5.00024E-04    5.00024E-04    5.00024E-04    5.00024E-04    5.00024E-04
              9.62872E-04    4.19190E-04    1.46866E-04    4.71519E-05    1.83636E-05    1.15211E-05    1.01399E-05    9.89731E-06    9.85954E-06    9.85425E-06    9.85357E-06    9.85493E-06    9.85492E-06    9.85492E-06    9.85492E-06    9.85492E-06    9.85492E-06    9.85492E-06    9.85492E-06    9.85492E-06    9.85492E-06    9.85492E-06    9.85492E-06    9.85492E-06    9.85492E-06    9.85492E-06    9.85492E-06    9.85492E-06    9.85492E-06    9.85492E-06
              7.97314E-04    9.17430E-04    9.73295E-04    9.93104E-04    9.98673E-04    9.99918E-04    1.00017E-03    1.00022E-03    1.00022E-03    1.00022E-03    1.00022E-03    1.00022E-03    1.00022E-03    1.00022E-03    1.00022E-03    1.00022E-03    1.00022E-03    1.00022E-03    1.00022E-03    1.00022E-03    1.00022E-03    1.00022E-03    1.00022E-03    1.00022E-03    1.00022E-03    1.00022E-03    1.00022E-03    1.00022E-03    1.00022E-03    1.00022E-03
              1.03437E-04    4.06953E-05    1.37545E-05    4.48356E-06    1.75650E-06    1.08373E-06    9.43903E-07    9.18840E-07    9.14881E-07    9.14321E-07    9.14249E-07    9.15058E-07    9.15057E-07    9.15057E-07    9.15057E-07    9.15057E-07    9.15057E-07    9.15057E-07    9.15057E-07    9.15057E-07    9.15057E-07    9.15057E-07    9.15057E-07    9.15057E-07    9.15057E-07    9.15057E-07    9.15057E-07    9.15057E-07    9.15057E-07    9.15057E-07
              4.94084E-04    2.20216E-04    8.05749E-05    2.91304E-05    1.43108E-05    1.08030E-05    1.00973E-05    9.97369E-06    9.95447E-06    9.95178E-06    9.95144E-06    9.95189E-06    9.95189E-06    9.95189E-06    9.95189E-06    9.95189E-06    9.95189E-06    9.95189E-06    9.95189E-06    9.95189E-06    9.95189E-06    9.95189E-06    9.95189E-06    9.95189E-06    9.95189E-06    9.95189E-06    9.95189E-06    9.95189E-06    9.95189E-06    9.95189E-06
              1.87831E-09    3.20886E-09    9.34342E-09    4.30659E-08    2.19971E-07    3.56079E-07    3.85486E-07    3.90361E-07    3.91077E-07    3.91173E-07    3.91184E-07    3.91904E-07    3.91905E-07    3.91905E-07    3.91905E-07    3.91905E-07    3.91905E-07    3.91905E-07    3.91905E-07    3.91905E-07    3.91905E-07    3.91905E-07    3.91905E-07    3.91905E-07    3.91905E-07    3.91905E-07    3.91905E-07    3.91905E-07    3.91905E-07    3.91905E-07

          Final activities aqueous species:

              9.99939E-01    9.99958E-01    9.99968E-01    9.99971E-01    9.99972E-01    9.99973E-01    9.99973E-01    9.99973E-01    9.99973E-01    9.99973E-01    9.99973E-01    9.99973E-01    9.99973E-01    9.99973E-01    9.99973E-01    9.99973E-01    9.99973E-01    9.99973E-01    9.99973E-01    9.99973E-01    9.99973E-01    9.99973E-01    9.99973E-01    9.99973E-01    9.99973E-01    9.99973E-01    9.99973E-01    9.99973E-01    9.99973E-01    9.99973E-01
              1.99096E-05    1.34098E-05    4.88583E-06    1.08159E-06    2.12940E-07    1.31710E-07    1.21693E-07    1.20179E-07    1.19960E-07    1.19930E-07    1.19927E-07    1.19706E-07    1.19706E-07    1.19706E-07    1.19706E-07    1.19706E-07    1.19706E-07    1.19706E-07    1.19706E-07    1.19706E-07    1.19706E-07    1.19706E-07    1.19706E-07    1.19706E-07    1.19706E-07    1.19706E-07    1.19706E-07    1.19706E-07    1.19706E-07    1.19706E-07
              4.90118E-04    2.13214E-04    7.17053E-05    1.94886E-05    4.43179E-06    8.65915E-07    1.48378E-07    2.26602E-08    3.12445E-09    3.93079E-10    4.55183E-11    4.41762E-12    4.38775E-13    4.09690E-14    3.68899E-15    3.98310E-16    1.23554E-16    1.01772E-16    1.00127E-16    1.00009E-16    1.00001E-16    1.00000E-16    1.00000E-16    1.00000E-16    1.00000E-16    1.00000E-16    1.00000E-16    1.00000E-16    1.00000E-16    1.00000E-16
              5.00566E-04    5.00433E-04    5.00207E-04    5.00082E-04    5.00039E-04    5.00027E-04    5.00025E-04    5.00024E-04    5.00024E-04    5.00024E-04    5.00024E-04    5.00024E-04    5.00024E-04    5.00024E-04    5.00024E-04    5.00024E-04    5.00024E-04    5.00024E-04    5.00024E-04    5.00024E-04    5.00024E-04    5.00024E-04    5.00024E-04    5.00024E-04    5.00024E-04    5.00024E-04    5.00024E-04    5.00024E-04    5.00024E-04    5.00024E-04
              9.62872E-04    4.19190E-04    1.46866E-04    4.71519E-05    1.83636E-05    1.15211E-05    1.01399E-05    9.89731E-06    9.85954E-06    9.85425E-06    9.85357E-06    9.85493E-06    9.85492E-06    9.85492E-06    9.85492E-06    9.85492E-06    9.85492E-06    9.85492E-06    9.85492E-06    9.85492E-06    9.85492E-06    9.85492E-06    9.85492E-06    9.85492E-06    9.85492E-06    9.85492E-06    9.85492E-06    9.85492E-06    9.85492E-06    9.85492E-06
              7.97314E-04    9.17430E-04    9.73295E-04    9.93104E-04    9.98673E-04    9.99918E-04    1.00017E-03    1.00022E-03    1.00022E-03    1.00022E-03    1.00022E-03    1.00022E-03    1.00022E-03    1.00022E-03    1.00022E-03    1.00022E-03    1.00022E-03    1.00022E-03    1.00022E-03    1.00022E-03    1.00022E-03    1.00022E-03    1.00022E-03    1.00022E-03    1.00022E-03    1.00022E-03    1.00022E-03    1.00022E-03    1.00022E-03    1.00022E-03
              1.03437E-04    4.06953E-05    1.37545E-05    4.48356E-06    1.75650E-06    1.08373E-06    9.43903E-07    9.18840E-07    9.14881E-07    9.14321E-07    9.14249E-07    9.15058E-07    9.15057E-07    9.15057E-07    9.15057E-07    9.15057E-07    9.15057E-07    9.15057E-07    9.15057E-07    9.15057E-07    9.15057E-07    9.15057E-07    9.15057E-07    9.15057E-07    9.15057E-07    9.15057E-07    9.15057E-07    9.15057E-07    9.15057E-07    9.15057E-07
              4.94084E-04    2.20216E-04    8.05749E-05    2.91304E-05    1.43108E-05    1.08030E-05    1.00973E-05    9.97369E-06    9.95447E-06    9.95178E-06    9.95144E-06    9.95189E-06    9.95189E-06    9.95189E-06    9.95189E-06    9.95189E-06    9.95189E-06    9.95189E-06    9.95189E-06    9.95189E-06    9.95189E-06    9.95189E-06    9.95189E-06    9.95189E-06    9.95189E-06    9.95189E-06    9.95189E-06    9.95189E-06    9.95189E-06    9.95189E-06
              1.87831E-09    3.20886E-09    9.34342E-09    4.30659E-08    2.19971E-07    3.56079E-07    3.85486E-07    3.90361E-07    3.91077E-07    3.91173E-07    3.91184E-07    3.91904E-07    3.91905E-07    3.91905E-07    3.91905E-07    3.91905E-07    3.91905E-07    3.91905E-07    3.91905E-07    3.91905E-07    3.91905E-07    3.91905E-07    3.91905E-07    3.91905E-07    3.91905E-07    3.91905E-07    3.91905E-07    3.91905E-07    3.91905E-07    3.91905E-07

          Initial volumetric fractions of minerals:


          Volumetric fractions of minerals:


          Initial concentration of minerals:


          Concentration of minerals:


          Initial concentration of surface complexes:


          Concentration of surface complexes:


          Initial activity of surface complexes:


          Activity of surface complexes:


          Initial concentration of gases:


          Concentration of gases:


          Initial partial pressures of gases:


          Partial pressures of gases:


          Initial volume of gas:


          Volume of gas:


          Aqueous equilibrium reaction amounts:

             -1.99513E-08    0.00000E+00    0.00000E+00   -2.53313E-09   -5.71231E-09   -1.22238E-09    0.00000E+00    0.00000E+00    0.00000E+00    0.00000E+00    0.00000E+00    0.00000E+00    0.00000E+00    0.00000E+00    0.00000E+00    0.00000E+00    0.00000E+00    0.00000E+00    0.00000E+00    0.00000E+00    0.00000E+00    0.00000E+00    0.00000E+00    0.00000E+00    0.00000E+00    0.00000E+00    0.00000E+00    0.00000E+00    0.00000E+00    0.00000E+00

          Mineral mean equilibrium reaction amounts:


          Exchange equilibrium reaction rates:


          Gas equilibrium reaction rates:

