 Aqueous component concentrations after solving reactive mixing iteration (rows: components, columns: targets):

      8.25244E-06    2.49404E-06    4.17368E-06    4.17663E-06    4.17735E-06    4.17753E-06    4.17758E-06    4.17759E-06    4.17759E-06    4.17759E-06
      3.01551E-05    7.42183E-06    1.82667E-06    4.49583E-07    1.10652E-07    2.72339E-08    6.70309E-09    1.65079E-09    4.10837E-10    1.21515E-10
      3.77341E-05    1.69115E-05    1.16237E-05    1.02604E-05    9.92482E-06    9.84232E-06    9.82192E-06    9.81692E-06    9.81572E-06    9.81542E-06
      1.05976E-06    2.18043E-07    9.23385E-08    9.23385E-08    9.23385E-08    9.23385E-08    9.23385E-08    9.23385E-08    9.23385E-08    9.23385E-08
      5.92031E-05    2.14543E-05    8.90380E-06    6.16340E-06    5.48890E-06    5.32290E-06    5.28200E-06    5.27200E-06    5.26950E-06    5.26890E-06
      9.97394E-04    1.00037E-03    1.00436E-03    1.00499E-03    1.00515E-03    1.00519E-03    1.00520E-03    1.00520E-03    1.00520E-03    1.00520E-03
      4.41307E-07    9.99660E-08    8.19041E-15    6.24436E-15    5.76540E-15    5.64750E-15    5.61850E-15    5.61138E-15    5.60958E-15    5.60919E-15

 Concentrations of variable activity species after solving reactive mixing iteration (rows: species, columns: targets):

      8.25810E-06    2.51271E-06    4.18493E-06    4.18788E-06    4.18861E-06    4.18879E-06    4.18883E-06    4.18884E-06    4.18884E-06    4.18885E-06
      3.01551E-05    7.42183E-06    1.82667E-06    4.49583E-07    1.10652E-07    2.72339E-08    6.70309E-09    1.65079E-09    4.10837E-10    1.21515E-10
      3.77341E-05    1.69115E-05    1.16237E-05    1.02604E-05    9.92482E-06    9.84232E-06    9.82192E-06    9.81692E-06    9.81572E-06    9.81542E-06
      1.05976E-06    2.18043E-07    9.23385E-08    9.23385E-08    9.23385E-08    9.23385E-08    9.23385E-08    9.23385E-08    9.23385E-08    9.23385E-08
      5.92031E-05    2.14543E-05    8.90380E-06    6.16340E-06    5.48890E-06    5.32290E-06    5.28200E-06    5.27200E-06    5.26950E-06    5.26890E-06
      9.97388E-04    1.00035E-03    1.00435E-03    1.00498E-03    1.00514E-03    1.00518E-03    1.00519E-03    1.00519E-03    1.00519E-03    1.00519E-03
      4.41307E-07    9.99660E-08    8.19041E-15    6.24436E-15    5.76540E-15    5.64750E-15    5.61850E-15    5.61138E-15    5.60958E-15    5.60919E-15
      5.66479E-09    1.86728E-08    1.12563E-08    1.12555E-08    1.12553E-08    1.12553E-08    1.12553E-08    1.12552E-08    1.12552E-08    1.12552E-08

 Kinetic reaction rates (rows: reactions [aqueous (linear+redox) | minerals | gas], first column: reaction name, remaining columns: targets):

        aerobic oxidation of DOC    1.18119E-03    1.03944E-04    3.61411E-12    1.91254E-12    1.57365E-12    1.49510E-12    1.47605E-12    1.47140E-12    1.47024E-12    1.46997E-12
                 denitrification    5.06795E-04    8.59370E-05    2.48521E-05    1.52186E-05    1.31168E-05    1.26161E-05    1.24936E-05    1.24637E-05    1.24563E-05    1.24545E-05
