  t =     1.00000E-03

         1    9.78181E-08    7.90551E-06    5.00001E-04    2.57248E-05    9.96359E-04    2.98600E-06    1.78254E-05    4.77746E-07
         3    1.00179E-07    1.00000E-09    5.00000E-04    1.00007E-05    1.00000E-03    9.99378E-07    1.00006E-05    4.68191E-07
         5    1.00179E-07    1.00000E-15    5.00000E-04    9.99850E-06    1.00000E-03    9.99101E-07    9.99952E-06    4.68191E-07
         7    1.00179E-07    1.21467E-16    5.00000E-04    9.99850E-06    1.00000E-03    9.99101E-07    9.99952E-06    4.68191E-07
         9    1.00179E-07    1.00003E-16    5.00000E-04    9.99850E-06    1.00000E-03    9.99101E-07    9.99952E-06    4.68191E-07
        11    1.00179E-07    1.00000E-16    5.00000E-04    9.99850E-06    1.00000E-03    9.99101E-07    9.99952E-06    4.68191E-07
  t =     5.00000E-03

         1    1.04036E-07    3.86118E-05    5.00005E-04    8.67135E-05    9.82376E-04    1.06176E-05    4.82149E-05    4.42887E-07
         3    1.00898E-07    3.68716E-08    5.00001E-04    1.00660E-05    9.99995E-04    1.00476E-06    1.00342E-05    4.64851E-07
         5    1.00900E-07    6.14028E-12    5.00001E-04    9.99255E-06    1.00001E-03    9.95517E-07    9.99762E-06    4.64849E-07
         7    1.00900E-07    2.78464E-15    5.00001E-04    9.99251E-06    1.00001E-03    9.95513E-07    9.99760E-06    4.64849E-07
         9    1.00900E-07    1.00929E-16    5.00001E-04    9.99251E-06    1.00001E-03    9.95513E-07    9.99760E-06    4.64849E-07
        11    1.00900E-07    1.00000E-16    5.00001E-04    9.99251E-06    1.00001E-03    9.95513E-07    9.99760E-06    4.64849E-07
  t =     1.00000E-01

         1    1.99096E-05    4.90118E-04    5.00566E-04    9.62872E-04    7.97314E-04    1.03437E-04    4.94084E-04    1.87831E-09
         3    4.88583E-06    7.17053E-05    5.00207E-04    1.46866E-04    9.73295E-04    1.37545E-05    8.05749E-05    9.34342E-09
         5    2.12940E-07    4.43179E-06    5.00039E-04    1.83636E-05    9.98673E-04    1.75650E-06    1.43108E-05    2.19971E-07
         7    1.21693E-07    1.48378E-07    5.00025E-04    1.01399E-05    1.00017E-03    9.43903E-07    1.00973E-05    3.85486E-07
         9    1.19960E-07    3.12445E-09    5.00024E-04    9.85954E-06    1.00022E-03    9.14881E-07    9.95447E-06    3.91077E-07
        11    1.19927E-07    4.55183E-11    5.00024E-04    9.85357E-06    1.00022E-03    9.14249E-07    9.95144E-06    3.91184E-07
