 Domain-integrated reactive-mixing mass balance (per aqueous component u = U*c)
 Per time step & component: LHS = U*sum V*(c^{k+1}-c^k)/Dt, RHS = U*(transport+reaction), residual = LHS - RHS
  t =     1.00000E-02
          component                 LHS                 RHS            residual
    u1                 2.0322518213E-03    2.0322518214E-03   -9.4046298527E-14
    u2                 3.9999995139E-03    3.9999995139E-03    1.7347234760E-18
    u3                 3.6019126478E-03    3.6019126478E-03   -1.5092094241E-16
    u4                 1.7904343551E-04    1.7904343551E-04    8.8118531569E-17
    u5                 5.5610902481E-03    5.5610902480E-03    9.3866754647E-14
    u6                 5.5756259749E-04    5.5756259759E-04   -9.3791944697E-14
    u7                -9.4351124031E-04   -9.4351124043E-04    1.2460757252E-13
  t =     2.00000E-02
          component                 LHS                 RHS            residual
    u1                 1.2637282702E-03    1.2637282705E-03   -2.7846930491E-13
    u2                 3.9999963627E-03    3.9999963627E-03    6.9388939039E-18
    u3                 3.0299320553E-03    3.0299320553E-03   -4.2327252814E-16
    u4                 4.6503217201E-04    4.6503217190E-04    1.1498451930E-13
    u5                 5.7576300623E-03    5.7576300620E-03    2.7804581554E-13
    u6                 3.6101796307E-04    3.6101796335E-04   -2.7802521570E-13
    u7                -3.1994108156E-05   -3.1994108560E-05    4.0410005935E-13
  t =     3.00000E-02
          component                 LHS                 RHS            residual
    u1                 1.3879711438E-03    1.3879711443E-03   -5.2705908214E-13
    u2                 3.9999850125E-03    3.9999850118E-03    6.2071355000E-13
    u3                 2.3758840867E-03    2.3758840867E-03   -7.6631409551E-16
    u4                 7.9205053843E-04    7.9205053749E-04    9.4614257835E-13
    u5                 4.9793278936E-03    4.9793278930E-03    5.3900807429E-13
    u6                 1.1393027687E-03    1.1393027692E-03   -5.3786966200E-13
    u7                 7.2693657491E-06    7.2693649536E-06    7.9554109272E-13
  t =     4.00000E-02
          component                 LHS                 RHS            residual
    u1                 1.5543770594E-03    1.5543770601E-03   -7.3430324321E-13
    u2                 3.9999549758E-03    3.9999549758E-03    6.9388939039E-18
    u3                 1.8059510611E-03    1.8059510611E-03   -1.0987304816E-15
    u4                 1.0770021825E-03    1.0770021825E-03    5.7701239620E-16
    u5                 4.2429589807E-03    4.2429589800E-03    7.3321470423E-13
    u6                 1.8756257366E-03    1.8756257373E-03   -7.3325742179E-13
    u7                -1.6668230419E-05   -1.6668231499E-05    1.0803014130E-12
  t =     5.00000E-02
          component                 LHS                 RHS            residual
    u1                 1.6515091824E-03    1.6515091829E-03   -4.9048091977E-13
    u2                 3.9998897569E-03    3.9998897561E-03    8.8253362951E-13
    u3                 1.3123903558E-03    1.3123903558E-03   -3.1970953662E-15
    u4                 1.3237502516E-03    1.3237502513E-03    3.0898569293E-13
    u5                 3.6522010723E-03    3.6522010718E-03    4.8752148152E-13
    u6                 2.4662838807E-03    2.4662838812E-03   -4.8759390622E-13
    u7                 9.5573884209E-06    9.5573878971E-06    5.2381590141E-13
  t =     6.00000E-02
          component                 LHS                 RHS            residual
    u1                 1.7569675991E-03    1.7569676001E-03   -1.0171451355E-12
    u2                 3.9997665511E-03    3.9997665511E-03    1.4745149546E-17
    u3                 9.7195306560E-04    9.7195306561E-04   -2.2580678646E-15
    u4                 1.4939079100E-03    1.4939079100E-03    1.9164357601E-15
    u5                 3.2061824244E-03    3.2061824233E-03    1.0148860918E-12
    u6                 2.9121140665E-03    2.9121140675E-03   -1.0148943318E-12
    u7                -1.0852975900E-05   -1.0852977209E-05    1.3086125625E-12
  t =     7.00000E-02
          component                 LHS                 RHS            residual
    u1                 1.8235302121E-03    1.8235302121E-03   -3.8637279140E-14
    u2                 3.9995567438E-03    3.9995567434E-03    4.5251389441E-13
    u3                 6.3400566417E-04    6.3400566417E-04   -7.7520455333E-17
    u4                 1.6627777559E-03    1.6627777559E-03    5.1617998070E-14
    u5                 2.8014630518E-03    2.8014630517E-03    3.8809233605E-14
    u6                 3.3165125039E-03    3.3165125039E-03   -3.8759793985E-14
    u7                 6.9669228653E-06    6.9669228109E-06    5.4344001663E-14
  t =     8.00000E-02
          component                 LHS                 RHS            residual
    u1                 1.8829033856E-03    1.8829033880E-03   -2.3805564724E-12
    u2                 3.9992269990E-03    3.9992269990E-03    9.5409791179E-18
    u3                 4.5339346249E-04    4.5339346250E-04   -9.1852523851E-15
    u4                 1.7529206333E-03    1.7529206333E-03    4.8149418480E-15
    u5                 2.5611486387E-03    2.5611486363E-03    2.3714008188E-12
    u6                 3.5563225191E-03    3.5563225215E-03   -2.3714112271E-12
    u7                -7.4171831447E-06   -7.4171860841E-06    2.9394758027E-12
  t =     9.00000E-02
          component                 LHS                 RHS            residual
    u1                 1.9269976416E-03    1.9269976417E-03   -5.4515636796E-14
    u2                 3.9987407456E-03    3.9987407456E-03    7.0334363333E-15
    u3                 2.2553814442E-04    2.2553814442E-04   -8.6600648527E-17
    u4                 1.8666075969E-03    1.8666075969E-03    9.7448091263E-16
    u5                 2.2887138530E-03    2.2887138530E-03    5.4453837273E-14
    u6                 3.8280135008E-03    3.8280135008E-03   -5.4268221861E-14
    u7                 5.2105737136E-06    5.2105736368E-06    7.6784567508E-14
  t =     1.00000E-01
          component                 LHS                 RHS            residual
    u1                 1.9583173379E-03    1.9583173392E-03   -1.3952502348E-12
    u2                 3.9980597909E-03    3.9980597909E-03    1.6479873022E-17
    u3                 1.4149844199E-04    1.4149844199E-04   -3.0920903858E-15
    u4                 1.9082903755E-03    1.9082903755E-03    1.5612511284E-15
    u5                 2.1726749586E-03    2.1726749572E-03    1.3921689322E-12
    u6                 3.9430107637E-03    3.9430107651E-03   -1.3920522721E-12
    u7                -5.4378385245E-06   -5.4378403339E-06    1.8094447788E-12
