  Number of aqueous components: 7

  Aqueous variable activity species (rows 1 to 7: primary; rows 8 to 8: secondary):
    1: h+
    2: cl-
    3: no3-
    4: n2(aq)(p)
    5: ch2o(aq)
    6: hco3-
    7: o2(aq)
    8: co3-2

  Aqueous components:
    u1 = h+ - co3-2
    u2 = cl-
    u3 = no3-
    u4 = n2(aq)(p)
    u5 = ch2o(aq)
    u6 = hco3- + co3-2
    u7 = o2(aq)

  Aqueous variable activity species concentrations in the domain (rows = species, cols = target waters):
      1.00000E-07    1.00000E-07    1.00000E-07    1.00000E-07    1.00000E-07    1.00000E-07    1.00000E-07    1.00000E-07    1.00000E-07    1.00000E-07
      1.00000E-16    1.00000E-16    1.00000E-16    1.00000E-16    1.00000E-16    1.00000E-16    1.00000E-16    1.00000E-16    1.00000E-16    1.00000E-16
      1.00000E-05    1.00000E-05    1.00000E-05    1.00000E-05    1.00000E-05    1.00000E-05    1.00000E-05    1.00000E-05    1.00000E-05    1.00000E-05
      1.00000E-16    1.00000E-16    1.00000E-16    1.00000E-16    1.00000E-16    1.00000E-16    1.00000E-16    1.00000E-16    1.00000E-16    1.00000E-16
      1.00000E-05    1.00000E-05    1.00000E-05    1.00000E-05    1.00000E-05    1.00000E-05    1.00000E-05    1.00000E-05    1.00000E-05    1.00000E-05
      1.00000E-03    1.00000E-03    1.00000E-03    1.00000E-03    1.00000E-03    1.00000E-03    1.00000E-03    1.00000E-03    1.00000E-03    1.00000E-03
      1.00000E-06    1.00000E-06    1.00000E-06    1.00000E-06    1.00000E-06    1.00000E-06    1.00000E-06    1.00000E-06    1.00000E-06    1.00000E-06
      4.69029E-07    4.69029E-07    4.69029E-07    4.69029E-07    4.69029E-07    4.69029E-07    4.69029E-07    4.69029E-07    4.69029E-07    4.69029E-07

  Aqueous component concentrations in the domain (rows = components, cols = target waters):
     -3.69029E-07   -3.69029E-07   -3.69029E-07   -3.69029E-07   -3.69029E-07   -3.69029E-07   -3.69029E-07   -3.69029E-07   -3.69029E-07   -3.69029E-07
      1.00000E-16    1.00000E-16    1.00000E-16    1.00000E-16    1.00000E-16    1.00000E-16    1.00000E-16    1.00000E-16    1.00000E-16    1.00000E-16
      1.00000E-05    1.00000E-05    1.00000E-05    1.00000E-05    1.00000E-05    1.00000E-05    1.00000E-05    1.00000E-05    1.00000E-05    1.00000E-05
      1.00000E-16    1.00000E-16    1.00000E-16    1.00000E-16    1.00000E-16    1.00000E-16    1.00000E-16    1.00000E-16    1.00000E-16    1.00000E-16
      1.00000E-05    1.00000E-05    1.00000E-05    1.00000E-05    1.00000E-05    1.00000E-05    1.00000E-05    1.00000E-05    1.00000E-05    1.00000E-05
      1.00047E-03    1.00047E-03    1.00047E-03    1.00047E-03    1.00047E-03    1.00047E-03    1.00047E-03    1.00047E-03    1.00047E-03    1.00047E-03
      1.00000E-06    1.00000E-06    1.00000E-06    1.00000E-06    1.00000E-06    1.00000E-06    1.00000E-06    1.00000E-06    1.00000E-06    1.00000E-06

  Aqueous variable activity species concentrations of external waters (rows = species, cols = external waters):
           inflow        initial
      1.00000E-08    1.00000E-07
      1.00000E-03    1.00000E-16
      1.00000E-03    1.00000E-05
      1.00000E-16    1.00000E-16
      2.00000E-03    1.00000E-05
      5.37611E-04    1.00000E-03
      2.52947E-04    1.00000E-06
      2.52155E-06    4.69029E-07

  Aqueous component concentrations of external waters (rows = components, cols = external waters):
           inflow        initial
     -2.51155E-06   -3.69029E-07
      1.00000E-03    1.00000E-16
      1.00000E-03    1.00000E-05
      1.00000E-16    1.00000E-16
      2.00000E-03    1.00000E-05
      5.40132E-04    1.00047E-03
      2.52947E-04    1.00000E-06
