 Aqueous component concentrations after solving reactive mixing iteration (rows: components, columns: targets):

      4.11298E-06    4.16169E-06    4.17368E-06    4.17663E-06    4.17735E-06    4.17753E-06    4.17758E-06    4.17759E-06    4.17759E-06    4.17759E-06
      3.01551E-05    7.42183E-06    1.82667E-06    4.49583E-07    1.10652E-07    2.72339E-08    6.70309E-09    1.65079E-09    4.10837E-10    1.21515E-10
      3.96689E-05    1.71629E-05    1.16237E-05    1.02604E-05    9.92482E-06    9.84232E-06    9.82192E-06    9.81692E-06    9.81572E-06    9.81542E-06
      9.23385E-08    9.23385E-08    9.23385E-08    9.23385E-08    9.23385E-08    9.23385E-08    9.23385E-08    9.23385E-08    9.23385E-08    9.23385E-08
      6.52774E-05    2.00381E-05    8.90380E-06    6.16340E-06    5.48890E-06    5.32290E-06    5.28200E-06    5.27200E-06    5.26950E-06    5.26890E-06
      9.91319E-04    1.00178E-03    1.00436E-03    1.00499E-03    1.00515E-03    1.00519E-03    1.00520E-03    1.00520E-03    1.00520E-03    1.00520E-03
      4.09705E-06    5.60902E-15    5.60902E-15    5.60902E-15    5.60902E-15    5.60902E-15    5.60902E-15    5.60902E-15    5.60902E-15    5.60902E-15

 Concentrations of variable activity species after solving reactive mixing iteration (rows: species, columns: targets):

      4.12426E-06    4.17295E-06    4.18493E-06    4.18788E-06    4.18861E-06    4.18879E-06    4.18883E-06    4.18884E-06    4.18884E-06    4.18885E-06
      3.01551E-05    7.42183E-06    1.82667E-06    4.49583E-07    1.10652E-07    2.72339E-08    6.70309E-09    1.65079E-09    4.10837E-10    1.21515E-10
      3.96689E-05    1.71629E-05    1.16237E-05    1.02604E-05    9.92482E-06    9.84232E-06    9.82192E-06    9.81692E-06    9.81572E-06    9.81542E-06
      9.23385E-08    9.23385E-08    9.23385E-08    9.23385E-08    9.23385E-08    9.23385E-08    9.23385E-08    9.23385E-08    9.23385E-08    9.23385E-08
      6.52774E-05    2.00381E-05    8.90380E-06    6.16340E-06    5.48890E-06    5.32290E-06    5.28200E-06    5.27200E-06    5.26950E-06    5.26890E-06
      9.91308E-04    1.00177E-03    1.00435E-03    1.00498E-03    1.00514E-03    1.00518E-03    1.00519E-03    1.00519E-03    1.00519E-03    1.00519E-03
      4.09705E-06    5.60902E-15    5.60902E-15    5.60902E-15    5.60902E-15    5.60902E-15    5.60902E-15    5.60902E-15    5.60902E-15    5.60902E-15
      1.12736E-08    1.12597E-08    1.12563E-08    1.12555E-08    1.12553E-08    1.12553E-08    1.12553E-08    1.12552E-08    1.12552E-08    1.12552E-08

 Kinetic reaction rates (rows: reactions [aqueous (linear+redox) | minerals | gas], first column: reaction name, remaining columns: targets):

        aerobic oxidation of DOC    4.50045E-04    4.50045E-04    4.50045E-04    4.50045E-04    4.50045E-04    4.50045E-04    4.50045E-04    4.50045E-04    4.50045E-04    4.50045E-04
                 denitrification    2.30846E-05    2.30846E-05    2.30846E-05    2.30846E-05    2.30846E-05    2.30846E-05    2.30846E-05    2.30846E-05    2.30846E-05    2.30846E-05
