  Number of targets:   11

  Target coordinates:

      0.00000E+00    1.00000E-01    2.00000E-01    3.00000E-01    4.00000E-01    5.00000E-01    6.00000E-01    7.00000E-01    8.00000E-01    9.00000E-01    1.00000E+00

  Time step:

      1.00000E-02

  Final time:

      1.00000E-02


  Dimension + Mixing ratios concentrations (by rows) (including boundary and sink/source terms):

     11    1.00000E+00    0.00000E+00    0.00000E+00    0.00000E+00    0.00000E+00    0.00000E+00    0.00000E+00    0.00000E+00    0.00000E+00    0.00000E+00    0.00000E+00
     11    7.29332E-01    1.60453E-01    9.57464E-02    1.25696E-02    1.65013E-03    2.16628E-04    2.84389E-05    3.73341E-06    4.89908E-07    6.29882E-08    1.13379E-08
     11    7.44694E-01    2.57451E-02    1.17023E-01    9.77632E-02    1.28343E-02    1.68489E-03    2.21191E-04    2.90377E-05    3.81040E-06    4.89908E-07    8.81835E-08
     11    7.45018E-01    4.13088E-03    1.87767E-02    1.19488E-01    9.78057E-02    1.28399E-02    1.68562E-03    2.21285E-04    2.90377E-05    3.73341E-06    6.72014E-07
     11    7.45025E-01    6.62813E-04    3.01278E-03    1.91723E-02    1.19540E-01    9.78066E-02    1.28400E-02    1.68562E-03    2.21191E-04    2.84389E-05    5.11900E-06
     11    7.45025E-01    1.06350E-04    4.83410E-04    3.07625E-03    1.91806E-02    1.19541E-01    9.78066E-02    1.28399E-02    1.68489E-03    2.16628E-04    3.89931E-05
     11    7.45025E-01    1.70642E-05    7.75646E-05    4.93593E-04    3.07758E-03    1.91808E-02    1.19541E-01    9.78057E-02    1.28343E-02    1.65013E-03    2.97023E-04
     11    7.45018E-01    2.73798E-06    1.24454E-05    7.91977E-05    4.93803E-04    3.07758E-03    1.91806E-02    1.19540E-01    9.77632E-02    1.25696E-02    2.26252E-03
     11    7.44694E-01    4.39126E-07    1.99603E-06    1.27020E-05    7.91977E-05    4.93593E-04    3.07625E-03    1.91723E-02    1.19488E-01    9.57464E-02    1.72344E-02
     11    7.29332E-01    6.90055E-08    3.13661E-07    1.99603E-06    1.24454E-05    7.75646E-05    4.83410E-04    3.01278E-03    1.87767E-02    1.17023E-01    1.31280E-01
     11    1.00000E+00    0.00000E+00    0.00000E+00    0.00000E+00    0.00000E+00    0.00000E+00    0.00000E+00    0.00000E+00    0.00000E+00    0.00000E+00    0.00000E+00

  Initial mixing ratios reaction amounts (by rows):

      1.00000E+00    0.00000E+00    0.00000E+00    0.00000E+00    0.00000E+00    0.00000E+00    0.00000E+00    0.00000E+00    0.00000E+00    0.00000E+00    0.00000E+00
      7.29332E-01    1.60453E-01    9.57464E-02    1.25696E-02    1.65013E-03    2.16628E-04    2.84389E-05    3.73341E-06    4.89908E-07    6.29882E-08    1.13379E-08
      7.44694E-01    2.57451E-02    1.17023E-01    9.77632E-02    1.28343E-02    1.68489E-03    2.21191E-04    2.90377E-05    3.81040E-06    4.89908E-07    8.81835E-08
      7.45018E-01    4.13088E-03    1.87767E-02    1.19488E-01    9.78057E-02    1.28399E-02    1.68562E-03    2.21285E-04    2.90377E-05    3.73341E-06    6.72014E-07
      7.45025E-01    6.62813E-04    3.01278E-03    1.91723E-02    1.19540E-01    9.78066E-02    1.28400E-02    1.68562E-03    2.21191E-04    2.84389E-05    5.11900E-06
      7.45025E-01    1.06350E-04    4.83410E-04    3.07625E-03    1.91806E-02    1.19541E-01    9.78066E-02    1.28399E-02    1.68489E-03    2.16628E-04    3.89931E-05
      7.45025E-01    1.70642E-05    7.75646E-05    4.93593E-04    3.07758E-03    1.91808E-02    1.19541E-01    9.78057E-02    1.28343E-02    1.65013E-03    2.97023E-04
      7.45018E-01    2.73798E-06    1.24454E-05    7.91977E-05    4.93803E-04    3.07758E-03    1.91806E-02    1.19540E-01    9.77632E-02    1.25696E-02    2.26252E-03
      7.44694E-01    4.39126E-07    1.99603E-06    1.27020E-05    7.91977E-05    4.93593E-04    3.07625E-03    1.91723E-02    1.19488E-01    9.57464E-02    1.72344E-02
      7.29332E-01    6.90055E-08    3.13661E-07    1.99603E-06    1.24454E-05    7.75646E-05    4.83410E-04    3.01278E-03    1.87767E-02    1.17023E-01    1.31280E-01
      1.00000E+00    0.00000E+00    0.00000E+00    0.00000E+00    0.00000E+00    0.00000E+00    0.00000E+00    0.00000E+00    0.00000E+00    0.00000E+00    0.00000E+00

  Final mixing ratios reaction amounts (by rows):

      1.00000E+00
      7.29332E-01
      7.44694E-01
      7.45018E-01
      7.45025E-01
      7.45025E-01
      7.45025E-01
      7.45018E-01
      7.44694E-01
      7.29332E-01
      1.00000E+00

  Mixing waters indices + no. upstream waters + no. downstream waters:

      1    2    3    4    5    6    7    8    9   10   11    0   10
      2    1    3    4    5    6    7    8    9   10   11    1    9
      3    1    2    4    5    6    7    8    9   10   11    2    8
      4    1    2    3    5    6    7    8    9   10   11    3    7
      5    1    2    3    4    6    7    8    9   10   11    4    6
      6    1    2    3    4    5    7    8    9   10   11    5    5
      7    1    2    3    4    5    6    8    9   10   11    6    4
      8    1    2    3    4    5    6    7    9   10   11    7    3
      9    1    2    3    4    5    6    7    8   10   11    8    2
     10    1    2    3    4    5    6    7    8    9   11    9    1
     11    1    2    3    4    5    6    7    8    9   10   10    0

  Reaction mixing waters indices + no. upstream waters + no. downstream waters:

      1    2    3    4    5    6    7    8    9   10   11    0   10
      2    1    3    4    5    6    7    8    9   10   11    1    9
      3    1    2    4    5    6    7    8    9   10   11    2    8
      4    1    2    3    5    6    7    8    9   10   11    3    7
      5    1    2    3    4    6    7    8    9   10   11    4    6
      6    1    2    3    4    5    7    8    9   10   11    5    5
      7    1    2    3    4    5    6    8    9   10   11    6    4
      8    1    2    3    4    5    6    7    9   10   11    7    3
      9    1    2    3    4    5    6    7    8   10   11    8    2
     10    1    2    3    4    5    6    7    8    9   11    9    1
     11    1    2    3    4    5    6    7    8    9   10   10    0

  Chemical input option:                        1

  WMA option:          Lumped

  rk average option:                        2

  Number of lumpings:                        0

  Aqueous species:

          h2o(p)         
          ca+2           
          cl-            
          so4-2          
  Minerals (name + molar volume):

          gypsum             7.46900E-02
  Gases:

  Surface complexes:

  Equilibrium reactions:

  Kinetic reactions:

          gypsum                        

              2

              3

              3.03599E+04

  0.000000000000000E+000
           1
   1.00000000000000     
  Global stoichiometric matrix:

                 -1.00000        0.00000       -1.00000        0.00000        1.00000
  Equilibrium constants:


  Global component matrix:


  Concentration of recharge waters (in molalities): (rows -> aqueous species in the same order as before, columns -> targets)






  Activities of recharge waters:






  Concentration of boundary waters (in molalities): (rows -> aqueous species in the same order as before, columns -> targets)






  Activities of boundary waters:






  Initial concentration of aqueous species in the domain:

              5.55556E+01    5.55556E+01    5.55556E+01    5.55556E+01    5.55556E+01    5.55556E+01    5.55556E+01    5.55556E+01    5.55556E+01    5.55556E+01    5.55556E+01
              1.00000E-01    1.00000E-03    1.00000E-03    1.00000E-03    1.00000E-03    1.00000E-03    1.00000E-03    1.00000E-03    1.00000E-03    1.00000E-03    1.00000E-03
              1.00000E-03    1.00000E-09    1.00000E-09    1.00000E-09    1.00000E-09    1.00000E-09    1.00000E-09    1.00000E-09    1.00000E-09    1.00000E-09    1.00000E-09
              3.29382E-04    3.29382E-02    3.29382E-02    3.29382E-02    3.29382E-02    3.29382E-02    3.29382E-02    3.29382E-02    3.29382E-02    3.29382E-02    3.29382E-02

  Initial activities aqueous species domain:

              1.00000E+00    1.00000E+00    1.00000E+00    1.00000E+00    1.00000E+00    1.00000E+00    1.00000E+00    1.00000E+00    1.00000E+00    1.00000E+00    1.00000E+00
              1.00000E-01    1.00000E-03    1.00000E-03    1.00000E-03    1.00000E-03    1.00000E-03    1.00000E-03    1.00000E-03    1.00000E-03    1.00000E-03    1.00000E-03
              1.00000E-03    1.00000E-09    1.00000E-09    1.00000E-09    1.00000E-09    1.00000E-09    1.00000E-09    1.00000E-09    1.00000E-09    1.00000E-09    1.00000E-09
              3.29382E-04    3.29382E-02    3.29382E-02    3.29382E-02    3.29382E-02    3.29382E-02    3.29382E-02    3.29382E-02    3.29382E-02    3.29382E-02    3.29382E-02

  Final concentration of aqueous species in the domain:

              5.55556E+01    5.55556E+01    5.55556E+01    5.55556E+01    5.55556E+01    5.55556E+01    5.55556E+01    5.55556E+01    5.55556E+01    5.55556E+01    5.55556E+01
              1.00000E-01    2.47992E-03    1.11077E-03    1.01631E-03    1.00258E-03    1.00041E-03    1.00007E-03    1.00001E-03    1.00000E-03    1.00000E-03    1.00000E-03
              1.00000E-03    1.60454E-04    2.57461E-05    4.13188E-06    6.63812E-07    1.07350E-07    1.80642E-08    3.73797E-09    1.43913E-09    1.06901E-09    1.00000E-09
              3.29382E-04    1.33011E-02    2.96607E-02    3.24109E-02    3.28536E-02    3.29246E-02    3.29360E-02    3.29379E-02    3.29382E-02    3.29382E-02    3.29382E-02

  Final activities aqueous species domain:

              1.00000E+00    1.00000E+00    1.00000E+00    1.00000E+00    1.00000E+00    1.00000E+00    1.00000E+00    1.00000E+00    1.00000E+00    1.00000E+00    1.00000E+00
              1.00000E-01    2.47992E-03    1.11077E-03    1.01631E-03    1.00258E-03    1.00041E-03    1.00007E-03    1.00001E-03    1.00000E-03    1.00000E-03    1.00000E-03
              1.00000E-03    1.60454E-04    2.57461E-05    4.13188E-06    6.63812E-07    1.07350E-07    1.80642E-08    3.73797E-09    1.43913E-09    1.06901E-09    1.00000E-09
              3.29382E-04    1.33011E-02    2.96607E-02    3.24109E-02    3.28536E-02    3.29246E-02    3.29360E-02    3.29379E-02    3.29382E-02    3.29382E-02    3.29382E-02

  Initial salinity domain:

              4.05836E-03    3.19401E-03    3.19401E-03    3.19401E-03    3.19401E-03    3.19401E-03    3.19401E-03    3.19401E-03    3.19401E-03    3.19401E-03    3.19401E-03

  Final salinity domain:

              4.05836E-03    3.19401E-03    3.19401E-03    3.19401E-03    3.19401E-03    3.19401E-03    3.19401E-03    3.19401E-03    3.19401E-03    3.19401E-03    3.19401E-03

  Aqueous mean equilibrium reaction amounts:


  Initial aqueous kinetic reaction rates:


  Aqueous kinetic reaction rates:


  Aqueous mean kinetic reaction amounts:


  Aqueous estimated kinetic reaction amounts:


  Mineral zone    1:

          Minerals in equilibrium:

          Kinetic minerals:

                    gypsum         


          Mineral mean kinetic reaction amounts:

              6.56259E-09    6.56259E-09    6.56259E-09    6.56259E-09    6.56259E-09    6.56259E-09    6.56259E-09    6.56259E-09    6.56259E-09    6.56259E-09    6.56259E-09

          Mineral estimated kinetic reaction amounts:

              0.00000E+00    0.00000E+00    0.00000E+00    0.00000E+00    0.00000E+00    0.00000E+00    0.00000E+00    0.00000E+00    0.00000E+00    0.00000E+00    0.00000E+00

          Absolute error kinetic reaction amounts:

              6.56259E-09    6.56259E-09    6.56259E-09    6.56259E-09    6.56259E-09    6.56259E-09    6.56259E-09    6.56259E-09    6.56259E-09    6.56259E-09    6.56259E-09

  Reactive zone    1:

          Non-flowing species:

          Number of equilibrium reactions:         0

          Se:

          Sk:

                 -1.00000        0.00000       -1.00000        0.00000        1.00000
          U*Sk^T:

                 -1.00000
                  0.00000
                 -1.00000

          Equilibrium constants:


          Component matrix:

                  1.00000        0.00000        0.00000
                  0.00000        1.00000        0.00000
                  0.00000        0.00000        1.00000

          Initial concentration of components:

              1.00000E-01    1.00000E-03    1.00000E-03    1.00000E-03    1.00000E-03    1.00000E-03    1.00000E-03    1.00000E-03    1.00000E-03    1.00000E-03    1.00000E-03
              1.00000E-03    1.00000E-09    1.00000E-09    1.00000E-09    1.00000E-09    1.00000E-09    1.00000E-09    1.00000E-09    1.00000E-09    1.00000E-09    1.00000E-09
              3.29382E-04    3.29382E-02    3.29382E-02    3.29382E-02    3.29382E-02    3.29382E-02    3.29382E-02    3.29382E-02    3.29382E-02    3.29382E-02    3.29382E-02

          Final concentration of components:

              1.00000E-01    2.47992E-03    1.11077E-03    1.01631E-03    1.00258E-03    1.00041E-03    1.00007E-03    1.00001E-03    1.00000E-03    1.00000E-03    1.00000E-03
              1.00000E-03    1.60454E-04    2.57461E-05    4.13188E-06    6.63812E-07    1.07350E-07    1.80642E-08    3.73797E-09    1.43913E-09    1.06901E-09    1.00000E-09
              3.29382E-04    1.33011E-02    2.96607E-02    3.24109E-02    3.28536E-02    3.29246E-02    3.29360E-02    3.29379E-02    3.29382E-02    3.29382E-02    3.29382E-02

          Final concentration of aqueous species:

              5.55556E+01    5.55556E+01    5.55556E+01    5.55556E+01    5.55556E+01    5.55556E+01    5.55556E+01    5.55556E+01    5.55556E+01    5.55556E+01    5.55556E+01
              1.00000E-01    2.47992E-03    1.11077E-03    1.01631E-03    1.00258E-03    1.00041E-03    1.00007E-03    1.00001E-03    1.00000E-03    1.00000E-03    1.00000E-03
              1.00000E-03    1.60454E-04    2.57461E-05    4.13188E-06    6.63812E-07    1.07350E-07    1.80642E-08    3.73797E-09    1.43913E-09    1.06901E-09    1.00000E-09
              3.29382E-04    1.33011E-02    2.96607E-02    3.24109E-02    3.28536E-02    3.29246E-02    3.29360E-02    3.29379E-02    3.29382E-02    3.29382E-02    3.29382E-02

          Final activities aqueous species:

              1.00000E+00    1.00000E+00    1.00000E+00    1.00000E+00    1.00000E+00    1.00000E+00    1.00000E+00    1.00000E+00    1.00000E+00    1.00000E+00    1.00000E+00
              1.00000E-01    2.47992E-03    1.11077E-03    1.01631E-03    1.00258E-03    1.00041E-03    1.00007E-03    1.00001E-03    1.00000E-03    1.00000E-03    1.00000E-03
              1.00000E-03    1.60454E-04    2.57461E-05    4.13188E-06    6.63812E-07    1.07350E-07    1.80642E-08    3.73797E-09    1.43913E-09    1.06901E-09    1.00000E-09
              3.29382E-04    1.33011E-02    2.96607E-02    3.24109E-02    3.28536E-02    3.29246E-02    3.29360E-02    3.29379E-02    3.29382E-02    3.29382E-02    3.29382E-02

          Initial volumetric fractions of minerals:


          Volumetric fractions of minerals:


          Initial concentration of minerals:


          Concentration of minerals:


          Initial concentration of surface complexes:


          Concentration of surface complexes:


          Initial activity of surface complexes:


          Activity of surface complexes:


          Initial concentration of gases:


          Concentration of gases:


          Initial partial pressures of gases:


          Partial pressures of gases:


          Initial volume of gas:


          Volume of gas:


          Aqueous equilibrium reaction amounts:


          Mineral mean equilibrium reaction amounts:


          Exchange equilibrium reaction rates:


          Gas equilibrium reaction rates:

