  Number of targets:   10

  Target coordinates:

      5.00000E-02    1.50000E-01    2.50000E-01    3.50000E-01    4.50000E-01    5.50000E-01    6.50000E-01    7.50000E-01    8.50000E-01    9.50000E-01

  Time step:

      1.00000E-02

  Final time:

      1.00000E-02


  Dimension + Mixing ratios concentrations (by rows) (including boundary and sink/source terms):

     12    6.28489E-01    2.76535E-01    8.25078E-02    1.08316E-02    1.42197E-03    1.86676E-04    2.45067E-05    3.21723E-06    4.22332E-07    5.52897E-08    6.29882E-09    2.26758E-09
     12    7.42570E-01    4.43709E-02    1.00843E-01    9.74844E-02    1.27977E-02    1.68008E-03    2.20560E-04    2.89551E-05    3.80099E-06    4.97607E-07    5.66894E-08    2.04082E-08
     12    7.44973E-01    7.11944E-03    1.61805E-02    1.19148E-01    9.77999E-02    1.28391E-02    1.68552E-03    2.21274E-04    2.90471E-05    3.80270E-06    4.33219E-07    1.55959E-07
     12    7.45024E-01    1.14233E-03    2.59621E-03    1.91176E-02    1.19533E-01    9.78065E-02    1.28400E-02    1.68563E-03    2.21276E-04    2.89684E-05    3.30019E-06    1.18807E-06
     12    7.45025E-01    1.83291E-04    4.16570E-04    3.06747E-03    1.91794E-02    1.19541E-01    9.78066E-02    1.28400E-02    1.68553E-03    2.20662E-04    2.51387E-05    9.04993E-06
     12    7.45025E-01    2.94096E-05    6.68399E-05    4.92185E-04    3.07740E-03    1.91807E-02    1.19541E-01    9.78065E-02    1.28393E-02    1.68085E-03    1.91490E-04    6.89362E-05
     12    7.45024E-01    4.71885E-06    1.07247E-05    7.89724E-05    4.93777E-04    3.07760E-03    1.91808E-02    1.19541E-01    9.78008E-02    1.28036E-02    1.45864E-03    5.25110E-04
     12    7.44980E-01    7.57108E-07    1.72070E-06    1.26706E-05    7.92234E-05    4.93782E-04    3.07743E-03    1.91796E-02    1.19534E-01    9.75292E-02    1.11109E-02    3.99993E-03
     12    7.42912E-01    1.21143E-07    2.75325E-07    2.02739E-06    1.26763E-05    7.90087E-05    4.92411E-04    3.06888E-03    1.91264E-02    1.19202E-01    8.46355E-02    3.04688E-02
     12    6.44696E-01    1.68680E-08    3.83364E-08    2.82295E-07    1.76506E-06    1.10012E-05    6.85636E-05    4.27313E-04    2.66317E-03    1.65978E-02    1.03443E-01    2.32091E-01

  Initial mixing ratios reaction amounts (by rows):

      6.28489E-01    8.25078E-02    1.08316E-02    1.42197E-03    1.86676E-04    2.45067E-05    3.21723E-06    4.22332E-07    5.52897E-08    6.29882E-09
      7.42570E-01    1.00843E-01    9.74844E-02    1.27977E-02    1.68008E-03    2.20560E-04    2.89551E-05    3.80099E-06    4.97607E-07    5.66894E-08
      7.44973E-01    1.61805E-02    1.19148E-01    9.77999E-02    1.28391E-02    1.68552E-03    2.21274E-04    2.90471E-05    3.80270E-06    4.33219E-07
      7.45024E-01    2.59621E-03    1.91176E-02    1.19533E-01    9.78065E-02    1.28400E-02    1.68563E-03    2.21276E-04    2.89684E-05    3.30019E-06
      7.45025E-01    4.16570E-04    3.06747E-03    1.91794E-02    1.19541E-01    9.78066E-02    1.28400E-02    1.68553E-03    2.20662E-04    2.51387E-05
      7.45025E-01    6.68399E-05    4.92185E-04    3.07740E-03    1.91807E-02    1.19541E-01    9.78065E-02    1.28393E-02    1.68085E-03    1.91490E-04
      7.45024E-01    1.07247E-05    7.89724E-05    4.93777E-04    3.07760E-03    1.91808E-02    1.19541E-01    9.78008E-02    1.28036E-02    1.45864E-03
      7.44980E-01    1.72070E-06    1.26706E-05    7.92234E-05    4.93782E-04    3.07743E-03    1.91796E-02    1.19534E-01    9.75292E-02    1.11109E-02
      7.42912E-01    2.75325E-07    2.02739E-06    1.26763E-05    7.90087E-05    4.92411E-04    3.06888E-03    1.91264E-02    1.19202E-01    8.46355E-02
      6.44696E-01    3.83364E-08    2.82295E-07    1.76506E-06    1.10012E-05    6.85636E-05    4.27313E-04    2.66317E-03    1.65978E-02    1.03443E-01

  Final mixing ratios reaction amounts (by rows):

      6.28489E-01
      7.42570E-01
      7.44973E-01
      7.45024E-01
      7.45025E-01
      7.45025E-01
      7.45024E-01
      7.44980E-01
      7.42912E-01
      6.44696E-01

  Mixing waters indices + no. upstream waters + no. downstream waters:

      2    1    3    4    5    6    7    8    9   10   11   12    1   10
      3    1    2    4    5    6    7    8    9   10   11   12    2    9
      4    1    2    3    5    6    7    8    9   10   11   12    3    8
      5    1    2    3    4    6    7    8    9   10   11   12    4    7
      6    1    2    3    4    5    7    8    9   10   11   12    5    6
      7    1    2    3    4    5    6    8    9   10   11   12    6    5
      8    1    2    3    4    5    6    7    9   10   11   12    7    4
      9    1    2    3    4    5    6    7    8   10   11   12    8    3
     10    1    2    3    4    5    6    7    8    9   11   12    9    2
     11    1    2    3    4    5    6    7    8    9   10   12   10    1

  Reaction mixing waters indices + no. upstream waters + no. downstream waters:

      2    3    4    5    6    7    8    9   10   11    0    9
      3    2    4    5    6    7    8    9   10   11    1    8
      4    2    3    5    6    7    8    9   10   11    2    7
      5    2    3    4    6    7    8    9   10   11    3    6
      6    2    3    4    5    7    8    9   10   11    4    5
      7    2    3    4    5    6    8    9   10   11    5    4
      8    2    3    4    5    6    7    9   10   11    6    3
      9    2    3    4    5    6    7    8   10   11    7    2
     10    2    3    4    5    6    7    8    9   11    8    1
     11    2    3    4    5    6    7    8    9   10    9    0

  Chemical input option:                        1

  WMA option:          Lumped

  rk average option:                        2

  Number of lumpings:                        0

  Aqueous species:

          h2o(p)         
          ca+2           
          cl-            
          so4-2          
  Minerals (name + molar volume):

          gypsum             7.46900E-02
  Gases:

  Surface complexes:

  Equilibrium reactions:

          gypsum                        

  Kinetic reactions:

  Global stoichiometric matrix:

                 -1.00000        0.00000       -1.00000        0.00000        1.00000
  Equilibrium constants:

              3.03599E+04

  Global component matrix:


  Concentration of recharge waters (in molalities): (rows -> aqueous species in the same order as before, columns -> targets)






  Activities of recharge waters:






  Concentration of boundary waters (in molalities): (rows -> aqueous species in the same order as before, columns -> targets)

              5.55556E+01    5.55556E+01
              1.00000E-01    1.00000E-03
              1.00000E-03    1.00000E-09
              3.29382E-04    3.29382E-02

  Activities of boundary waters:

              1.00000E+00    1.00000E+00
              1.00000E-01    1.00000E-03
              1.00000E-03    1.00000E-09
              3.29382E-04    3.29382E-02

  Initial concentration of aqueous species in the domain:

              5.55556E+01    5.55556E+01    5.55556E+01    5.55556E+01    5.55556E+01    5.55556E+01    5.55556E+01    5.55556E+01    5.55556E+01    5.55556E+01
              1.00000E-03    1.00000E-03    1.00000E-03    1.00000E-03    1.00000E-03    1.00000E-03    1.00000E-03    1.00000E-03    1.00000E-03    1.00000E-03
              1.00000E-09    1.00000E-09    1.00000E-09    1.00000E-09    1.00000E-09    1.00000E-09    1.00000E-09    1.00000E-09    1.00000E-09    1.00000E-09
              3.29382E-02    3.29382E-02    3.29382E-02    3.29382E-02    3.29382E-02    3.29382E-02    3.29382E-02    3.29382E-02    3.29382E-02    3.29382E-02

  Initial activities aqueous species domain:

              1.00000E+00    1.00000E+00    1.00000E+00    1.00000E+00    1.00000E+00    1.00000E+00    1.00000E+00    1.00000E+00    1.00000E+00    1.00000E+00
              1.00000E-03    1.00000E-03    1.00000E-03    1.00000E-03    1.00000E-03    1.00000E-03    1.00000E-03    1.00000E-03    1.00000E-03    1.00000E-03
              1.00000E-09    1.00000E-09    1.00000E-09    1.00000E-09    1.00000E-09    1.00000E-09    1.00000E-09    1.00000E-09    1.00000E-09    1.00000E-09
              3.29382E-02    3.29382E-02    3.29382E-02    3.29382E-02    3.29382E-02    3.29382E-02    3.29382E-02    3.29382E-02    3.29382E-02    3.29382E-02

  Final concentration of aqueous species in the domain:

              5.55556E+01    5.55556E+01    5.55556E+01    5.55556E+01    5.55556E+01    5.55556E+01    5.55556E+01    5.55556E+01    5.55556E+01    5.55556E+01
              8.38464E-03    1.20631E-03    1.02837E-03    1.00445E-03    1.00071E-03    1.00011E-03    1.00002E-03    1.00000E-03    1.00000E-03    1.00000E-03
              2.76536E-04    4.43718E-05    7.12043E-06    1.14333E-06    1.84291E-07    3.04095E-08    5.71884E-09    1.75711E-09    1.12114E-09    1.01687E-09
              3.92840E-03    2.73049E-02    3.20296E-02    3.27923E-02    3.29148E-02    3.29345E-02    3.29376E-02    3.29381E-02    3.29382E-02    3.29382E-02

  Final activities aqueous species domain:

              9.99773E-01    9.99486E-01    9.99405E-01    9.99392E-01    9.99390E-01    9.99389E-01    9.99389E-01    9.99389E-01    9.99389E-01    9.99389E-01
              8.38464E-03    1.20631E-03    1.02837E-03    1.00445E-03    1.00071E-03    1.00011E-03    1.00002E-03    1.00000E-03    1.00000E-03    1.00000E-03
              2.76536E-04    4.43718E-05    7.12043E-06    1.14333E-06    1.84291E-07    3.04095E-08    5.71884E-09    1.75711E-09    1.12114E-09    1.01687E-09
              3.92840E-03    2.73049E-02    3.20296E-02    3.27923E-02    3.29148E-02    3.29345E-02    3.29376E-02    3.29381E-02    3.29382E-02    3.29382E-02

  Initial salinity domain:

              3.19401E-03    3.19401E-03    3.19401E-03    3.19401E-03    3.19401E-03    3.19401E-03    3.19401E-03    3.19401E-03    3.19401E-03    3.19401E-03

  Final salinity domain:

              7.22697E-04    2.66580E-03    3.10865E-03    3.18030E-03    3.19181E-03    3.19365E-03    3.19395E-03    3.19400E-03    3.19401E-03    3.19401E-03

  Aqueous mean equilibrium reaction amounts:


  Initial aqueous kinetic reaction rates:


  Aqueous kinetic reaction rates:


  Aqueous mean kinetic reaction amounts:


  Aqueous estimated kinetic reaction amounts:


  Mineral zone    1:

          Minerals in equilibrium:

                    gypsum         

          Kinetic minerals:


          Mineral mean kinetic reaction amounts:


          Mineral estimated kinetic reaction amounts:


          Absolute error kinetic reaction amounts:


  Reactive zone    1:

          Non-flowing species:

                    gypsum         
          Number of equilibrium reactions:         1

          Se:

                 -1.00000        0.00000       -1.00000        0.00000        1.00000
          Sk:

          U*Sk^T:




          Equilibrium constants:

              3.03599E+04

          Component matrix:

                  1.00000        0.00000       -1.00000
                  0.00000        1.00000        0.00000

          Initial concentration of components:

             -3.19382E-02   -3.19382E-02   -3.19382E-02   -3.19382E-02   -3.19382E-02   -3.19382E-02   -3.19382E-02   -3.19382E-02   -3.19382E-02   -3.19382E-02
              1.00000E-09    1.00000E-09    1.00000E-09    1.00000E-09    1.00000E-09    1.00000E-09    1.00000E-09    1.00000E-09    1.00000E-09    1.00000E-09

          Final concentration of components:

              4.45624E-03   -2.60986E-02   -3.10012E-02   -3.17879E-02   -3.19141E-02   -3.19343E-02   -3.19376E-02   -3.19381E-02   -3.19382E-02   -3.19382E-02
              2.76536E-04    4.43718E-05    7.12043E-06    1.14333E-06    1.84291E-07    3.04095E-08    5.71884E-09    1.75711E-09    1.12114E-09    1.01687E-09

          Final concentration of aqueous species:

              5.55556E+01    5.55556E+01    5.55556E+01    5.55556E+01    5.55556E+01    5.55556E+01    5.55556E+01    5.55556E+01    5.55556E+01    5.55556E+01
              8.38464E-03    1.20631E-03    1.02837E-03    1.00445E-03    1.00071E-03    1.00011E-03    1.00002E-03    1.00000E-03    1.00000E-03    1.00000E-03
              2.76536E-04    4.43718E-05    7.12043E-06    1.14333E-06    1.84291E-07    3.04095E-08    5.71884E-09    1.75711E-09    1.12114E-09    1.01687E-09
              3.92840E-03    2.73049E-02    3.20296E-02    3.27923E-02    3.29148E-02    3.29345E-02    3.29376E-02    3.29381E-02    3.29382E-02    3.29382E-02

          Final activities aqueous species:

              9.99773E-01    9.99486E-01    9.99405E-01    9.99392E-01    9.99390E-01    9.99389E-01    9.99389E-01    9.99389E-01    9.99389E-01    9.99389E-01
              8.38464E-03    1.20631E-03    1.02837E-03    1.00445E-03    1.00071E-03    1.00011E-03    1.00002E-03    1.00000E-03    1.00000E-03    1.00000E-03
              2.76536E-04    4.43718E-05    7.12043E-06    1.14333E-06    1.84291E-07    3.04095E-08    5.71884E-09    1.75711E-09    1.12114E-09    1.01687E-09
              3.92840E-03    2.73049E-02    3.20296E-02    3.27923E-02    3.29148E-02    3.29345E-02    3.29376E-02    3.29381E-02    3.29382E-02    3.29382E-02

          Initial volumetric fractions of minerals:

              5.00000E-01    5.00000E-01    5.00000E-01    5.00000E-01    5.00000E-01    5.00000E-01    5.00000E-01    5.00000E-01    5.00000E-01    5.00000E-01

          Volumetric fractions of minerals:

              5.00000E-01    5.00000E-01    5.00000E-01    5.00000E-01    5.00000E-01    5.00000E-01    5.00000E-01    5.00000E-01    5.00000E-01    5.00000E-01

          Initial concentration of minerals:

              1.00000E+00    1.00000E+00    1.00000E+00    1.00000E+00    1.00000E+00    1.00000E+00    1.00000E+00    1.00000E+00    1.00000E+00    1.00000E+00

          Concentration of minerals:

              1.00000E+00    1.00000E+00    1.00000E+00    1.00000E+00    1.00000E+00    1.00000E+00    1.00000E+00    1.00000E+00    1.00000E+00    1.00000E+00

          Initial concentration of surface complexes:


          Concentration of surface complexes:


          Initial activity of surface complexes:


          Activity of surface complexes:


          Initial concentration of gases:


          Concentration of gases:


          Initial partial pressures of gases:


          Partial pressures of gases:


          Initial volume of gas:


          Volume of gas:


          Aqueous equilibrium reaction amounts:


          Mineral mean equilibrium reaction amounts:

              1.60452E-09    1.60452E-09    1.60452E-09    1.60452E-09    1.60452E-09    1.60452E-09    1.60452E-09    1.60452E-09    1.60452E-09    1.60452E-09

          Exchange equilibrium reaction rates:


          Gas equilibrium reaction rates:

