  Number of aqueous components: 2

  Aqueous variable activity species (rows 1 to 2: primary; rows 3 to 3: secondary):
    1: ca+2
    2: cl-
    3: so4-2

  Aqueous components:
    u1 = ca+2 - so4-2
    u2 = cl-

  Aqueous variable activity species concentrations in the domain (rows = species, cols = target waters):
      1.00003E+00    1.00003E+00    1.00003E+00    1.00003E+00    1.00003E+00    1.00003E+00    1.00003E+00    1.00003E+00    1.00003E+00    1.00003E+00    2.00000E+02    1.00003E+00    1.00003E+00    1.00003E+00    1.00003E+00    1.00003E+00    1.00003E+00    1.00003E+00    1.00003E+00    1.00003E+00    1.00003E+00    1.00003E+00    1.00003E+00    1.00003E+00    1.00003E+00    1.00003E+00    1.00003E+00    1.00003E+00    1.00003E+00    1.00003E+00
      1.00000E-16    1.00000E-16    1.00000E-16    1.00000E-16    1.00000E-16    1.00000E-16    1.00000E-16    1.00000E-16    1.00000E-16    1.00000E-16    4.00000E+02    1.00000E-16    1.00000E-16    1.00000E-16    1.00000E-16    1.00000E-16    1.00000E-16    1.00000E-16    1.00000E-16    1.00000E-16    1.00000E-16    1.00000E-16    1.00000E-16    1.00000E-16    1.00000E-16    1.00000E-16    1.00000E-16    1.00000E-16    1.00000E-16    1.00000E-16
      3.29371E-05    3.29371E-05    3.29371E-05    3.29371E-05    3.29371E-05    3.29371E-05    3.29371E-05    3.29371E-05    3.29371E-05    3.29371E-05    1.64691E-07    3.29371E-05    3.29371E-05    3.29371E-05    3.29371E-05    3.29371E-05    3.29371E-05    3.29371E-05    3.29371E-05    3.29371E-05    3.29371E-05    3.29371E-05    3.29371E-05    3.29371E-05    3.29371E-05    3.29371E-05    3.29371E-05    3.29371E-05    3.29371E-05    3.29371E-05

  Aqueous component concentrations in the domain (rows = components, cols = target waters):
      1.00000E+00    1.00000E+00    1.00000E+00    1.00000E+00    1.00000E+00    1.00000E+00    1.00000E+00    1.00000E+00    1.00000E+00    1.00000E+00    2.00000E+02    1.00000E+00    1.00000E+00    1.00000E+00    1.00000E+00    1.00000E+00    1.00000E+00    1.00000E+00    1.00000E+00    1.00000E+00    1.00000E+00    1.00000E+00    1.00000E+00    1.00000E+00    1.00000E+00    1.00000E+00    1.00000E+00    1.00000E+00    1.00000E+00    1.00000E+00
      1.00000E-16    1.00000E-16    1.00000E-16    1.00000E-16    1.00000E-16    1.00000E-16    1.00000E-16    1.00000E-16    1.00000E-16    1.00000E-16    4.00000E+02    1.00000E-16    1.00000E-16    1.00000E-16    1.00000E-16    1.00000E-16    1.00000E-16    1.00000E-16    1.00000E-16    1.00000E-16    1.00000E-16    1.00000E-16    1.00000E-16    1.00000E-16    1.00000E-16    1.00000E-16    1.00000E-16    1.00000E-16    1.00000E-16    1.00000E-16

  Aqueous variable activity species concentrations of external waters (rows = species, cols = external waters):
          entrada        inicial
      1.00003E+00    1.00003E+00
      1.00000E-16    1.00000E-16
      3.29371E-05    3.29371E-05

  Aqueous component concentrations of external waters (rows = components, cols = external waters):
          entrada        inicial
      1.00000E+00    1.00000E+00
      1.00000E-16    1.00000E-16
