 Aqueous component concentrations after solving reactive mixing iteration (rows: components, columns: targets):

      4.11365E-06    4.16141E-06    4.17350E-06    4.17655E-06    4.17732E-06    4.17749E-06    4.17744E-06    4.17699E-06    4.17498E-06    4.16624E-06
      2.98780E-05    7.56065E-06    1.91323E-06    4.84145E-07    1.22513E-07    3.10022E-08    7.84547E-09    1.98672E-09    5.08888E-10    1.55494E-10
      3.93945E-05    1.73004E-05    1.17094E-05    1.02946E-05    9.93661E-06    9.84602E-06    9.82309E-06    9.81729E-06    9.81583E-06    9.81548E-06
      9.23385E-08    9.23385E-08    9.23385E-08    9.23385E-08    9.23385E-08    9.23385E-08    9.23385E-08    9.23385E-08    9.23385E-08    9.23385E-08
      6.47258E-05    2.03144E-05    9.07603E-06    6.23215E-06    5.51251E-06    5.33040E-06    5.28432E-06    5.27266E-06    5.26972E-06    5.26901E-06
      9.91447E-04    1.00172E-03    1.00432E-03    1.00498E-03    1.00514E-03    1.00519E-03    1.00520E-03    1.00520E-03    1.00520E-03    1.00520E-03
      4.02721E-06    0.00000E+00    0.00000E+00    0.00000E+00    0.00000E+00    0.00000E+00    0.00000E+00    0.00000E+00    0.00000E+00    0.00000E+00

 Concentrations of variable activity species after solving reactive mixing iteration (rows: species, columns: targets):

      4.12492E-06    4.17267E-06    4.18475E-06    4.18781E-06    4.18858E-06    4.18875E-06    4.18869E-06    4.18824E-06    4.18624E-06    4.17752E-06
      2.98780E-05    7.56065E-06    1.91323E-06    4.84145E-07    1.22513E-07    3.10022E-08    7.84547E-09    1.98672E-09    5.08888E-10    1.55494E-10
      3.93945E-05    1.73004E-05    1.17094E-05    1.02946E-05    9.93661E-06    9.84602E-06    9.82309E-06    9.81729E-06    9.81583E-06    9.81548E-06
      9.23385E-08    9.23385E-08    9.23385E-08    9.23385E-08    9.23385E-08    9.23385E-08    9.23385E-08    9.23385E-08    9.23385E-08    9.23385E-08
      6.47258E-05    2.03144E-05    9.07603E-06    6.23215E-06    5.51251E-06    5.33040E-06    5.28432E-06    5.27266E-06    5.26972E-06    5.26901E-06
      9.91436E-04    1.00171E-03    1.00431E-03    1.00497E-03    1.00513E-03    1.00518E-03    1.00519E-03    1.00519E-03    1.00519E-03    1.00519E-03
      4.02721E-06    5.60902E-15    5.60902E-15    5.60902E-15    5.60902E-15    5.60902E-15    5.60902E-15    5.60902E-15    5.60902E-15    5.60902E-15
      1.12732E-08    1.12597E-08    1.12564E-08    1.12555E-08    1.12553E-08    1.12553E-08    1.12556E-08    1.12568E-08    1.12622E-08    1.12857E-08

 Kinetic reaction rates (rows: reactions [aqueous (linear+redox) | minerals], columns: targets):

      4.50045E-04    4.50045E-04    4.50045E-04    4.50045E-04    4.50045E-04    4.50045E-04    4.50045E-04    4.50045E-04    4.50045E-04    4.50045E-04
      2.30846E-05    2.30846E-05    2.30846E-05    2.30846E-05    2.30846E-05    2.30846E-05    2.30846E-05    2.30846E-05    2.30846E-05    2.30846E-05
