  Number of targets:   11

  Target coordinates:

      0.00000E+00    1.00000E-01    2.00000E-01    3.00000E-01    4.00000E-01    5.00000E-01    6.00000E-01    7.00000E-01    8.00000E-01    9.00000E-01    1.00000E+00

  Time step:

      1.00000E-03

  Final time:

      1.00000E-02


  Dimension + Mixing ratios concentrations (by rows) (including boundary and sink/source terms):

     12    9.80407E-01    1.56865E-02    3.90601E-03    0.00000E+00    0.00000E+00    0.00000E+00    0.00000E+00    0.00000E+00    0.00000E+00    0.00000E+00    0.00000E+00    0.00000E+00
     12    9.96031E-01    6.24961E-05    3.90601E-03    0.00000E+00    0.00000E+00    0.00000E+00    0.00000E+00    0.00000E+00    0.00000E+00    0.00000E+00    0.00000E+00    0.00000E+00
     12    9.96016E-01    2.48988E-07    1.55618E-05    3.96825E-03    0.00000E+00    0.00000E+00    0.00000E+00    0.00000E+00    0.00000E+00    0.00000E+00    0.00000E+00    0.00000E+00
     12    9.96016E-01    9.91986E-10    6.19991E-08    1.58098E-05    3.96819E-03    0.00000E+00    0.00000E+00    0.00000E+00    0.00000E+00    0.00000E+00    0.00000E+00    0.00000E+00
     12    9.96016E-01    3.95213E-12    2.47008E-10    6.29871E-08    1.58095E-05    3.96819E-03    0.00000E+00    0.00000E+00    0.00000E+00    0.00000E+00    0.00000E+00    0.00000E+00
     12    9.96016E-01    1.57456E-14    9.84097E-13    2.50945E-10    6.29862E-08    1.58095E-05    3.96819E-03    0.00000E+00    0.00000E+00    0.00000E+00    0.00000E+00    0.00000E+00
     12    9.96016E-01    6.27313E-17    3.92071E-15    9.99780E-13    2.50941E-10    6.29862E-08    1.58095E-05    3.96819E-03    0.00000E+00    0.00000E+00    0.00000E+00    0.00000E+00
     12    9.96016E-01    2.49925E-19    1.56203E-17    3.98319E-15    9.99764E-13    2.50941E-10    6.29862E-08    1.58095E-05    3.96819E-03    0.00000E+00    0.00000E+00    0.00000E+00
     12    9.96016E-01    9.95719E-22    6.22324E-20    1.58693E-17    3.98313E-15    9.99764E-13    2.50941E-10    6.29862E-08    1.58095E-05    3.96819E-03    0.00000E+00    0.00000E+00
     12    9.96016E-01    3.96701E-24    2.47938E-22    6.32242E-20    1.58690E-17    3.98313E-15    9.99764E-13    2.50941E-10    6.29862E-08    1.58095E-05    3.96819E-03    0.00000E+00
     12    9.96016E-01    1.58048E-26    9.87801E-25    2.51889E-22    6.32232E-20    1.58690E-17    3.98313E-15    9.99764E-13    2.50941E-10    6.29862E-08    1.58095E-05    3.96819E-03

  Initial mixing ratios reaction amounts (by rows):

      9.80407E-01    3.90601E-03    0.00000E+00    0.00000E+00    0.00000E+00    0.00000E+00    0.00000E+00    0.00000E+00    0.00000E+00    0.00000E+00    0.00000E+00
      9.96031E-01    3.90601E-03    0.00000E+00    0.00000E+00    0.00000E+00    0.00000E+00    0.00000E+00    0.00000E+00    0.00000E+00    0.00000E+00    0.00000E+00
      9.96016E-01    1.55618E-05    3.96825E-03    0.00000E+00    0.00000E+00    0.00000E+00    0.00000E+00    0.00000E+00    0.00000E+00    0.00000E+00    0.00000E+00
      9.96016E-01    6.19991E-08    1.58098E-05    3.96819E-03    0.00000E+00    0.00000E+00    0.00000E+00    0.00000E+00    0.00000E+00    0.00000E+00    0.00000E+00
      9.96016E-01    2.47008E-10    6.29871E-08    1.58095E-05    3.96819E-03    0.00000E+00    0.00000E+00    0.00000E+00    0.00000E+00    0.00000E+00    0.00000E+00
      9.96016E-01    9.84097E-13    2.50945E-10    6.29862E-08    1.58095E-05    3.96819E-03    0.00000E+00    0.00000E+00    0.00000E+00    0.00000E+00    0.00000E+00
      9.96016E-01    3.92071E-15    9.99780E-13    2.50941E-10    6.29862E-08    1.58095E-05    3.96819E-03    0.00000E+00    0.00000E+00    0.00000E+00    0.00000E+00
      9.96016E-01    1.56203E-17    3.98319E-15    9.99764E-13    2.50941E-10    6.29862E-08    1.58095E-05    3.96819E-03    0.00000E+00    0.00000E+00    0.00000E+00
      9.96016E-01    6.22324E-20    1.58693E-17    3.98313E-15    9.99764E-13    2.50941E-10    6.29862E-08    1.58095E-05    3.96819E-03    0.00000E+00    0.00000E+00
      9.96016E-01    2.47938E-22    6.32242E-20    1.58690E-17    3.98313E-15    9.99764E-13    2.50941E-10    6.29862E-08    1.58095E-05    3.96819E-03    0.00000E+00
      9.96016E-01    9.87801E-25    2.51889E-22    6.32232E-20    1.58690E-17    3.98313E-15    9.99764E-13    2.50941E-10    6.29862E-08    1.58095E-05    3.96819E-03

  Final mixing ratios reaction amounts (by rows):

      9.80407E-01
      9.96031E-01
      9.96016E-01
      9.96016E-01
      9.96016E-01
      9.96016E-01
      9.96016E-01
      9.96016E-01
      9.96016E-01
      9.96016E-01
      9.96016E-01

  Mixing waters indices + no. upstream waters + no. downstream waters:

      2    1    3    4    5    6    7    8    9   10   11   12    1   10
      3    1    2    4    5    6    7    8    9   10   11   12    2    9
      4    1    2    3    5    6    7    8    9   10   11   12    3    8
      5    1    2    3    4    6    7    8    9   10   11   12    4    7
      6    1    2    3    4    5    7    8    9   10   11   12    5    6
      7    1    2    3    4    5    6    8    9   10   11   12    6    5
      8    1    2    3    4    5    6    7    9   10   11   12    7    4
      9    1    2    3    4    5    6    7    8   10   11   12    8    3
     10    1    2    3    4    5    6    7    8    9   11   12    9    2
     11    1    2    3    4    5    6    7    8    9   10   12   10    1
     12    1    2    3    4    5    6    7    8    9   10   11   11    0

  Reaction mixing waters indices + no. upstream waters + no. downstream waters:

      2    3    4    5    6    7    8    9   10   11   12    0   10
      3    2    4    5    6    7    8    9   10   11   12    1    9
      4    2    3    5    6    7    8    9   10   11   12    2    8
      5    2    3    4    6    7    8    9   10   11   12    3    7
      6    2    3    4    5    7    8    9   10   11   12    4    6
      7    2    3    4    5    6    8    9   10   11   12    5    5
      8    2    3    4    5    6    7    9   10   11   12    6    4
      9    2    3    4    5    6    7    8   10   11   12    7    3
     10    2    3    4    5    6    7    8    9   11   12    8    2
     11    2    3    4    5    6    7    8    9   10   12    9    1
     12    2    3    4    5    6    7    8    9   10   11   10    0

  Chemical input option:                        1

  WMA option:          Lumped

  rk average option:                        2

  Number of lumpings:                        0

  Aqueous species:

          h2o(p)         
          h+             
          cl-            
          ch2o(aq)       
          c5h7o2n(aq)    
          n2(aq)(p)      
          nh4+(p)        
          no2-(p)        
          n2o            
          so4-2          
          h2s            
          hco3-          
          o2(aq)         
          no3-           
          oh-            
          co3-2          
          h2co3          
          nh3(aq)        
  Minerals (name + molar volume):

  Gases:

          co2(g)         
          o2(g)          
          n2(g)          
  Surface complexes:

  Equilibrium reactions:

          co2(g)                        

          o2(g)                         

          n2(g)                         

          oh-                           

          co3-2                         

          h2co3                         

          nh3(aq)                       

  Kinetic reactions:

          aerobic oxidation of DOC (JW) 

              4

              7

              0.00000E+00

 
          nitrification (JW)            

              4

              7

              0.00000E+00

 
          denitrification 1 (JW)        

              4

              7

              0.00000E+00

  2.520000000000000E-005
          denitrification 2 (JW)        

              4

              7

              0.00000E+00

  2.520000000000000E-005
          denitrification 3 (JW)        

              4

              7

              0.00000E+00

  2.520000000000000E-005
          DNRA (JW)                     

              4

              7

              0.00000E+00

  2.520000000000000E-005
          anammox (JW)                  

              4

              8

              0.00000E+00

  2.520000000000000E-005
          sulfammox (JW)                

              4

              8

              0.00000E+00

  2.520000000000000E-005
  Global stoichiometric matrix:

                 -1.00000        0.00000        0.00000        0.00000        0.00000        0.00000        0.00000        0.00000        0.00000        0.00000       -1.00000        0.00000        0.00000        0.00000        0.00000        0.00000        0.00000        1.00000        1.00000        0.00000        0.00000
                  0.00000        0.00000        0.00000        0.00000        0.00000        0.00000        0.00000        0.00000        0.00000        0.00000        0.00000       -1.00000        0.00000        0.00000        0.00000        0.00000        0.00000        0.00000        0.00000        1.00000        0.00000
                 -2.00000        0.00000        0.00000        0.00000        0.00000        0.00000        0.00000        0.00000        0.00000        0.00000        0.00000        0.00000       -2.00000        0.00000        0.00000        0.00000        0.00000        1.00000        0.00000        2.50000        1.00000
                  1.00000        0.00000        0.00000        0.00000        0.00000        0.00000        0.00000        0.00000        0.00000        0.00000        0.00000        0.00000        0.00000        1.00000        0.00000        0.00000        0.00000        0.00000        0.00000        0.00000        0.00000
                  1.00000        0.00000        0.00000        0.00000        0.00000        0.00000        0.00000        0.00000        0.00000        0.00000       -1.00000        0.00000        0.00000        0.00000        1.00000        0.00000        0.00000        0.00000        0.00000        0.00000        0.00000
                 -1.00000        0.00000        0.00000        0.00000        0.00000        0.00000        0.00000        0.00000        0.00000        0.00000       -1.00000        0.00000        0.00000        0.00000        0.00000        1.00000        0.00000        0.00000        0.00000        0.00000        0.00000
                  1.00000        0.00000        0.00000        0.00000        0.00000        0.00000        0.00000        0.00000        0.00000        0.00000        0.00000        0.00000        0.00000        0.00000        0.00000        0.00000        1.00000        0.00000        0.00000        0.00000        0.00000
                  0.23000        0.00000       -0.25000        0.00000        0.00000       -0.00500        0.00000        0.00000        0.00000        0.00000        0.22500       -0.22500        0.00000        0.00000        0.00000        0.00000        0.00000        0.01500        0.00000        0.00000        0.00000
                  0.23800        0.00000        0.00000        0.00000        0.00000       -0.12800        0.00000        0.00000        0.00000        0.00000       -0.01500       -0.23500        0.12500        0.00000        0.00000        0.00000        0.00000        0.13400        0.00000        0.00000        0.00000
                  0.13000        0.00000       -0.25000        0.00000        0.00000        0.00000        0.00000        0.00000        0.00000        0.00000        0.15000        0.00000       -0.24000        0.00000        0.00000        0.00000        0.00000        0.04000        0.00000        0.00000        0.00000
                 -0.11000        0.00000       -0.25000        0.00000        0.00000        0.00000       -0.26000        0.12000        0.00000        0.00000        0.15000        0.00000        0.00000        0.00000        0.00000        0.00000        0.00000        0.16000        0.00000        0.00000        0.00000
                  0.15000        0.00000       -0.25000        0.00000        0.26000        0.00000        0.00000       -0.27000        0.00000        0.00000        0.15000        0.00000        0.00000        0.00000        0.00000        0.00000        0.00000        0.03000        0.00000        0.00000        0.00000
                  0.02500        0.00000       -0.25000        0.00000        0.00000        0.03750        0.00000        0.00000        0.00000        0.00000        0.12500        0.00000       -0.06250        0.00000        0.00000        0.00000        0.00000        0.01250        0.00000        0.00000        0.00000
                 -0.03360        0.00000        0.00000        0.00000        0.28940       -0.29000       -0.36830        0.00000        0.00000        0.00000       -0.02900        0.00000        0.07360        0.00000        0.00000        0.00000        0.00000        0.59110        0.00000        0.00000        0.00000
                  0.09330        0.00000        0.00000        0.00000        0.16670       -0.34330        0.00000        0.00000       -0.10000        0.10000       -0.05000        0.00000        0.00000        0.00000        0.00000        0.00000        0.00000        0.53000        0.00000        0.00000        0.00000
  Equilibrium constants:

              6.51028E+07
              7.90679E+02
              4.93060E+02
              1.00000E-14
              4.69029E-11
              2.23872E+06
              5.59758E-10

  Global component matrix:


  Concentration of recharge waters (in molalities): (rows -> aqueous species in the same order as before, columns -> targets)




















  Activities of recharge waters:




















  Concentration of boundary waters (in molalities): (rows -> aqueous species in the same order as before, columns -> targets)

              5.55556E+01
              1.00000E-08
              1.00000E-03
              2.00000E-03
              1.00000E-16
              5.00000E-04
              1.50000E-04
              1.00000E-09
              1.00000E-08
              1.00000E-02
              1.00000E-09
              5.37611E-04
              2.52947E-04
              1.00000E-03
              1.00000E-06
              2.52155E-06
              1.20356E-05
              5.59758E-02

  Activities of boundary waters:

              1.00000E+00
              1.00000E-08
              1.00000E-03
              2.00000E-03
              1.00000E-16
              5.00000E-04
              1.50000E-04
              1.00000E-09
              1.00000E-08
              1.00000E-02
              1.00000E-09
              5.37611E-04
              2.52947E-04
              1.00000E-03
              1.00000E-06
              2.52155E-06
              1.20356E-05
              5.59758E-02

  Initial concentration of aqueous species in the domain:

              5.55556E+01    5.55556E+01    5.55556E+01    5.55556E+01    5.55556E+01    5.55556E+01    5.55556E+01    5.55556E+01    5.55556E+01    5.55556E+01    5.55556E+01
              1.00000E-07    1.00000E-07    1.00000E-07    1.00000E-07    1.00000E-07    1.00000E-07    1.00000E-07    1.00000E-07    1.00000E-07    1.00000E-07    1.00000E-07
              1.00000E-16    1.00000E-16    1.00000E-16    1.00000E-16    1.00000E-16    1.00000E-16    1.00000E-16    1.00000E-16    1.00000E-16    1.00000E-16    1.00000E-16
              1.00000E-05    1.00000E-05    1.00000E-05    1.00000E-05    1.00000E-05    1.00000E-05    1.00000E-05    1.00000E-05    1.00000E-05    1.00000E-05    1.00000E-05
              1.00000E-16    1.00000E-16    1.00000E-16    1.00000E-16    1.00000E-16    1.00000E-16    1.00000E-16    1.00000E-16    1.00000E-16    1.00000E-16    1.00000E-16
              5.00000E-04    5.00000E-04    5.00000E-04    5.00000E-04    5.00000E-04    5.00000E-04    5.00000E-04    5.00000E-04    5.00000E-04    5.00000E-04    5.00000E-04
              1.50000E-04    1.50000E-04    1.50000E-04    1.50000E-04    1.50000E-04    1.50000E-04    1.50000E-04    1.50000E-04    1.50000E-04    1.50000E-04    1.50000E-04
              1.00000E-09    1.00000E-09    1.00000E-09    1.00000E-09    1.00000E-09    1.00000E-09    1.00000E-09    1.00000E-09    1.00000E-09    1.00000E-09    1.00000E-09
              1.00000E-08    1.00000E-08    1.00000E-08    1.00000E-08    1.00000E-08    1.00000E-08    1.00000E-08    1.00000E-08    1.00000E-08    1.00000E-08    1.00000E-08
              1.00000E-02    1.00000E-02    1.00000E-02    1.00000E-02    1.00000E-02    1.00000E-02    1.00000E-02    1.00000E-02    1.00000E-02    1.00000E-02    1.00000E-02
              1.00000E-09    1.00000E-09    1.00000E-09    1.00000E-09    1.00000E-09    1.00000E-09    1.00000E-09    1.00000E-09    1.00000E-09    1.00000E-09    1.00000E-09
              1.00000E-03    1.00000E-03    1.00000E-03    1.00000E-03    1.00000E-03    1.00000E-03    1.00000E-03    1.00000E-03    1.00000E-03    1.00000E-03    1.00000E-03
              1.00000E-06    1.00000E-06    1.00000E-06    1.00000E-06    1.00000E-06    1.00000E-06    1.00000E-06    1.00000E-06    1.00000E-06    1.00000E-06    1.00000E-06
              1.00000E-05    1.00000E-05    1.00000E-05    1.00000E-05    1.00000E-05    1.00000E-05    1.00000E-05    1.00000E-05    1.00000E-05    1.00000E-05    1.00000E-05
              1.00000E-07    1.00000E-07    1.00000E-07    1.00000E-07    1.00000E-07    1.00000E-07    1.00000E-07    1.00000E-07    1.00000E-07    1.00000E-07    1.00000E-07
              4.69029E-07    4.69029E-07    4.69029E-07    4.69029E-07    4.69029E-07    4.69029E-07    4.69029E-07    4.69029E-07    4.69029E-07    4.69029E-07    4.69029E-07
              2.23872E-04    2.23872E-04    2.23872E-04    2.23872E-04    2.23872E-04    2.23872E-04    2.23872E-04    2.23872E-04    2.23872E-04    2.23872E-04    2.23872E-04
              5.59758E-03    5.59758E-03    5.59758E-03    5.59758E-03    5.59758E-03    5.59758E-03    5.59758E-03    5.59758E-03    5.59758E-03    5.59758E-03    5.59758E-03

  Initial activities aqueous species domain:

              1.00000E+00    1.00000E+00    1.00000E+00    1.00000E+00    1.00000E+00    1.00000E+00    1.00000E+00    1.00000E+00    1.00000E+00    1.00000E+00    1.00000E+00
              1.00000E-07    1.00000E-07    1.00000E-07    1.00000E-07    1.00000E-07    1.00000E-07    1.00000E-07    1.00000E-07    1.00000E-07    1.00000E-07    1.00000E-07
              1.00000E-16    1.00000E-16    1.00000E-16    1.00000E-16    1.00000E-16    1.00000E-16    1.00000E-16    1.00000E-16    1.00000E-16    1.00000E-16    1.00000E-16
              1.00000E-05    1.00000E-05    1.00000E-05    1.00000E-05    1.00000E-05    1.00000E-05    1.00000E-05    1.00000E-05    1.00000E-05    1.00000E-05    1.00000E-05
              1.00000E-16    1.00000E-16    1.00000E-16    1.00000E-16    1.00000E-16    1.00000E-16    1.00000E-16    1.00000E-16    1.00000E-16    1.00000E-16    1.00000E-16
              5.00000E-04    5.00000E-04    5.00000E-04    5.00000E-04    5.00000E-04    5.00000E-04    5.00000E-04    5.00000E-04    5.00000E-04    5.00000E-04    5.00000E-04
              1.50000E-04    1.50000E-04    1.50000E-04    1.50000E-04    1.50000E-04    1.50000E-04    1.50000E-04    1.50000E-04    1.50000E-04    1.50000E-04    1.50000E-04
              1.00000E-09    1.00000E-09    1.00000E-09    1.00000E-09    1.00000E-09    1.00000E-09    1.00000E-09    1.00000E-09    1.00000E-09    1.00000E-09    1.00000E-09
              1.00000E-08    1.00000E-08    1.00000E-08    1.00000E-08    1.00000E-08    1.00000E-08    1.00000E-08    1.00000E-08    1.00000E-08    1.00000E-08    1.00000E-08
              1.00000E-02    1.00000E-02    1.00000E-02    1.00000E-02    1.00000E-02    1.00000E-02    1.00000E-02    1.00000E-02    1.00000E-02    1.00000E-02    1.00000E-02
              1.00000E-09    1.00000E-09    1.00000E-09    1.00000E-09    1.00000E-09    1.00000E-09    1.00000E-09    1.00000E-09    1.00000E-09    1.00000E-09    1.00000E-09
              1.00000E-03    1.00000E-03    1.00000E-03    1.00000E-03    1.00000E-03    1.00000E-03    1.00000E-03    1.00000E-03    1.00000E-03    1.00000E-03    1.00000E-03
              1.00000E-06    1.00000E-06    1.00000E-06    1.00000E-06    1.00000E-06    1.00000E-06    1.00000E-06    1.00000E-06    1.00000E-06    1.00000E-06    1.00000E-06
              1.00000E-05    1.00000E-05    1.00000E-05    1.00000E-05    1.00000E-05    1.00000E-05    1.00000E-05    1.00000E-05    1.00000E-05    1.00000E-05    1.00000E-05
              0.00000E+00    0.00000E+00    0.00000E+00    0.00000E+00    0.00000E+00    0.00000E+00    0.00000E+00    0.00000E+00    0.00000E+00    0.00000E+00    0.00000E+00
              0.00000E+00    0.00000E+00    0.00000E+00    0.00000E+00    0.00000E+00    0.00000E+00    0.00000E+00    0.00000E+00    0.00000E+00    0.00000E+00    0.00000E+00
              0.00000E+00    0.00000E+00    0.00000E+00    0.00000E+00    0.00000E+00    0.00000E+00    0.00000E+00    0.00000E+00    0.00000E+00    0.00000E+00    0.00000E+00
              0.00000E+00    0.00000E+00    0.00000E+00    0.00000E+00    0.00000E+00    0.00000E+00    0.00000E+00    0.00000E+00    0.00000E+00    0.00000E+00    0.00000E+00

  Final concentration of aqueous species in the domain:

              5.55556E+01    5.55556E+01    5.55556E+01    5.55556E+01    5.55556E+01    5.55556E+01    5.55556E+01    5.55556E+01    5.55556E+01    5.55556E+01    5.55556E+01
              4.39395E-08    9.73039E-08    9.99793E-08    1.00024E-07    1.00024E-07    1.00024E-07    1.00024E-07    1.00024E-07    1.00024E-07    1.00024E-07    1.00024E-07
              1.43770E-04    3.20420E-06    5.00829E-08    6.12893E-10    6.35184E-12    5.87043E-14    5.96916E-16    1.03953E-16    1.00030E-16    1.00000E-16    1.00000E-16
              2.91868E-04    1.62724E-05    1.00666E-05    9.96637E-06    9.96507E-06    9.96505E-06    9.96505E-06    9.96505E-06    9.96505E-06    9.96505E-06    9.96505E-06
              1.00000E-16    1.00000E-16    1.00000E-16    1.00000E-16    1.00000E-16    1.00000E-16    1.00000E-16    1.00000E-16    1.00000E-16    1.00000E-16    1.00000E-16
              5.00823E-04    5.01399E-04    5.01420E-04    5.01421E-04    5.01421E-04    5.01421E-04    5.01421E-04    5.01421E-04    5.01421E-04    5.01421E-04    5.01421E-04
              1.45903E-04    1.46736E-04    1.46807E-04    1.46808E-04    1.46808E-04    1.46808E-04    1.46808E-04    1.46808E-04    1.46808E-04    1.46808E-04    1.46808E-04
              9.97425E-10    9.99227E-10    9.99320E-10    9.99322E-10    9.99322E-10    9.99322E-10    9.99322E-10    9.99322E-10    9.99322E-10    9.99322E-10    9.99322E-10
              1.00008E-08    9.99977E-09    9.99971E-09    9.99971E-09    9.99971E-09    9.99971E-09    9.99971E-09    9.99971E-09    9.99971E-09    9.99971E-09    9.99971E-09
              9.99951E-03    9.99916E-03    9.99915E-03    9.99915E-03    9.99915E-03    9.99915E-03    9.99915E-03    9.99915E-03    9.99915E-03    9.99915E-03    9.99915E-03
              4.94867E-07    8.40379E-07    8.53071E-07    8.53305E-07    8.53308E-07    8.53308E-07    8.53308E-07    8.53308E-07    8.53308E-07    8.53308E-07    8.53308E-07
              1.02863E-03    1.00287E-03    9.99660E-04    9.99607E-04    9.99606E-04    9.99606E-04    9.99606E-04    9.99606E-04    9.99606E-04    9.99606E-04    9.99606E-04
              2.93831E-05    1.02458E-06    4.94329E-07    4.86426E-07    4.86327E-07    4.86326E-07    4.86326E-07    4.86326E-07    4.86326E-07    4.86326E-07    4.86326E-07
              1.54351E-04    1.35360E-05    1.03088E-05    1.02564E-05    1.02557E-05    1.02557E-05    1.02557E-05    1.02557E-05    1.02557E-05    1.02557E-05    1.02557E-05
              2.27586E-07    1.02771E-07    1.00021E-07    9.99764E-08    9.99759E-08    9.99759E-08    9.99759E-08    9.99759E-08    9.99759E-08    9.99759E-08    9.99759E-08
              1.09801E-06    4.83408E-07    4.68967E-07    4.68735E-07    4.68732E-07    4.68731E-07    4.68731E-07    4.68731E-07    4.68731E-07    4.68731E-07    4.68731E-07
              1.01185E-04    2.18461E-04    2.23750E-04    2.23837E-04    2.23838E-04    2.23838E-04    2.23838E-04    2.23838E-04    2.23838E-04    2.23838E-04    2.23838E-04
              1.27393E-02    5.75267E-03    5.59874E-03    5.59626E-03    5.59623E-03    5.59622E-03    5.59622E-03    5.59622E-03    5.59622E-03    5.59622E-03    5.59622E-03

  Final activities aqueous species domain:

              9.99548E-01    9.99682E-01    9.99685E-01    9.99685E-01    9.99685E-01    9.99685E-01    9.99685E-01    9.99685E-01    9.99685E-01    9.99685E-01    9.99685E-01
              4.39395E-08    9.73039E-08    9.99793E-08    1.00024E-07    1.00024E-07    1.00024E-07    1.00024E-07    1.00024E-07    1.00024E-07    1.00024E-07    1.00024E-07
              1.43770E-04    3.20420E-06    5.00829E-08    6.12893E-10    6.35184E-12    5.87043E-14    5.96916E-16    1.03953E-16    1.00030E-16    1.00000E-16    1.00000E-16
              2.91868E-04    1.62724E-05    1.00666E-05    9.96637E-06    9.96507E-06    9.96505E-06    9.96505E-06    9.96505E-06    9.96505E-06    9.96505E-06    9.96505E-06
              1.00000E-16    1.00000E-16    1.00000E-16    1.00000E-16    1.00000E-16    1.00000E-16    1.00000E-16    1.00000E-16    1.00000E-16    1.00000E-16    1.00000E-16
              5.00823E-04    5.01399E-04    5.01420E-04    5.01421E-04    5.01421E-04    5.01421E-04    5.01421E-04    5.01421E-04    5.01421E-04    5.01421E-04    5.01421E-04
              1.45903E-04    1.46736E-04    1.46807E-04    1.46808E-04    1.46808E-04    1.46808E-04    1.46808E-04    1.46808E-04    1.46808E-04    1.46808E-04    1.46808E-04
              9.97425E-10    9.99227E-10    9.99320E-10    9.99322E-10    9.99322E-10    9.99322E-10    9.99322E-10    9.99322E-10    9.99322E-10    9.99322E-10    9.99322E-10
              1.00008E-08    9.99977E-09    9.99971E-09    9.99971E-09    9.99971E-09    9.99971E-09    9.99971E-09    9.99971E-09    9.99971E-09    9.99971E-09    9.99971E-09
              9.99951E-03    9.99916E-03    9.99915E-03    9.99915E-03    9.99915E-03    9.99915E-03    9.99915E-03    9.99915E-03    9.99915E-03    9.99915E-03    9.99915E-03
              4.94867E-07    8.40379E-07    8.53071E-07    8.53305E-07    8.53308E-07    8.53308E-07    8.53308E-07    8.53308E-07    8.53308E-07    8.53308E-07    8.53308E-07
              1.02863E-03    1.00287E-03    9.99660E-04    9.99607E-04    9.99606E-04    9.99606E-04    9.99606E-04    9.99606E-04    9.99606E-04    9.99606E-04    9.99606E-04
              2.93831E-05    1.02458E-06    4.94329E-07    4.86426E-07    4.86327E-07    4.86326E-07    4.86326E-07    4.86326E-07    4.86326E-07    4.86326E-07    4.86326E-07
              1.54351E-04    1.35360E-05    1.03088E-05    1.02564E-05    1.02557E-05    1.02557E-05    1.02557E-05    1.02557E-05    1.02557E-05    1.02557E-05    1.02557E-05
              2.27586E-07    1.02771E-07    1.00021E-07    9.99764E-08    9.99759E-08    9.99759E-08    9.99759E-08    9.99759E-08    9.99759E-08    9.99759E-08    9.99759E-08
              1.09801E-06    4.83408E-07    4.68967E-07    4.68735E-07    4.68732E-07    4.68731E-07    4.68731E-07    4.68731E-07    4.68731E-07    4.68731E-07    4.68731E-07
              1.01185E-04    2.18461E-04    2.23750E-04    2.23837E-04    2.23838E-04    2.23838E-04    2.23838E-04    2.23838E-04    2.23838E-04    2.23838E-04    2.23838E-04
              1.27393E-02    5.75267E-03    5.59874E-03    5.59626E-03    5.59623E-03    5.59622E-03    5.59622E-03    5.59622E-03    5.59622E-03    5.59622E-03    5.59622E-03

  Initial salinity domain:

              0.00000E+00    0.00000E+00    0.00000E+00    0.00000E+00    0.00000E+00    0.00000E+00    0.00000E+00    0.00000E+00    0.00000E+00    0.00000E+00    0.00000E+00

  Final salinity domain:

              1.03970E-03    1.02398E-03    1.02347E-03    1.02346E-03    1.02346E-03    1.02346E-03    1.02346E-03    1.02346E-03    1.02346E-03    1.02346E-03    1.02346E-03

  Initial pH domain:

              0.00000E+00    0.00000E+00    0.00000E+00    0.00000E+00    0.00000E+00    0.00000E+00    0.00000E+00    0.00000E+00    0.00000E+00    0.00000E+00    0.00000E+00

  Final pH domain:

              0.00000E+00    0.00000E+00    0.00000E+00    0.00000E+00    0.00000E+00    0.00000E+00    0.00000E+00    0.00000E+00    0.00000E+00    0.00000E+00    0.00000E+00

  Aqueous mean equilibrium reaction amounts:

             -1.08746E-10   -1.13055E-11   -2.20978E-12   -2.15874E-12   -2.15844E-12   -2.15844E-12   -2.15844E-12   -2.15844E-12   -2.15844E-12   -2.15844E-12   -2.15844E-12
              3.31615E-08    2.20180E-10   -2.73126E-11   -2.82748E-11   -2.82782E-11   -2.82782E-11   -2.82782E-11   -2.82782E-11   -2.82782E-11   -2.82782E-11   -2.82782E-11
             -4.71816E-06   -4.76940E-07   -6.16805E-09   -3.84770E-09   -3.83856E-09   -3.83853E-09   -3.83853E-09   -3.83853E-09   -3.83853E-09   -3.83853E-09   -3.83853E-09
             -6.08714E-06   -6.32832E-07   -1.23694E-07   -1.20837E-07   -1.20821E-07   -1.20820E-07   -1.20820E-07   -1.20820E-07   -1.20820E-07   -1.20820E-07   -1.20820E-07

  Initial aqueous kinetic reaction rates:

              1.62196E-05    1.62196E-05    1.62196E-05    1.62196E-05    1.62196E-05    1.62196E-05    1.62196E-05    1.62196E-05    1.62196E-05    1.62196E-05    1.62196E-05
              2.94873E-04    2.94873E-04    2.94873E-04    2.94873E-04    2.94873E-04    2.94873E-04    2.94873E-04    2.94873E-04    2.94873E-04    2.94873E-04    2.94873E-04
              1.24795E-06    1.24795E-06    1.24795E-06    1.24795E-06    1.24795E-06    1.24795E-06    1.24795E-06    1.24795E-06    1.24795E-06    1.24795E-06    1.24795E-06
              1.12506E-10    1.12506E-10    1.12506E-10    1.12506E-10    1.12506E-10    1.12506E-10    1.12506E-10    1.12506E-10    1.12506E-10    1.12506E-10    1.12506E-10
              1.54579E-10    1.54579E-10    1.54579E-10    1.54579E-10    1.54579E-10    1.54579E-10    1.54579E-10    1.54579E-10    1.54579E-10    1.54579E-10    1.54579E-10
              1.23435E-06    1.23435E-06    1.23435E-06    1.23435E-06    1.23435E-06    1.23435E-06    1.23435E-06    1.23435E-06    1.23435E-06    1.23435E-06    1.23435E-06
              1.03940E-10    1.03940E-10    1.03940E-10    1.03940E-10    1.03940E-10    1.03940E-10    1.03940E-10    1.03940E-10    1.03940E-10    1.03940E-10    1.03940E-10
              8.51706E-04    8.51706E-04    8.51706E-04    8.51706E-04    8.51706E-04    8.51706E-04    8.51706E-04    8.51706E-04    8.51706E-04    8.51706E-04    8.51706E-04

  Aqueous kinetic reaction rates:

              3.03746E-03    2.68152E-05    8.45955E-06    8.24848E-06    8.24582E-06    8.24579E-06    8.24579E-06    8.24579E-06    8.24579E-06    8.24579E-06    8.24579E-06
              2.39312E-03    2.98789E-04    1.51470E-04    1.49161E-04    1.49132E-04    1.49132E-04    1.49132E-04    1.49132E-04    1.49132E-04    1.49132E-04    1.49132E-04
              2.19538E-04    2.73242E-06    1.32041E-06    1.30112E-06    1.30087E-06    1.30087E-06    1.30087E-06    1.30087E-06    1.30087E-06    1.30087E-06    1.30087E-06
              1.31020E-09    1.81953E-10    1.15400E-10    1.14295E-10    1.14280E-10    1.14280E-10    1.14280E-10    1.14280E-10    1.14280E-10    1.14280E-10    1.14280E-10
              7.43171E-11    1.54829E-10    1.58029E-10    1.58078E-10    1.58079E-10    1.58079E-10    1.58079E-10    1.58079E-10    1.58079E-10    1.58079E-10    1.58079E-10
              1.35728E-06    1.59715E-06    1.26916E-06    1.26217E-06    1.26208E-06    1.26208E-06    1.26208E-06    1.26208E-06    1.26208E-06    1.26208E-06    1.26208E-06
              4.84753E-11    1.01625E-10    1.03778E-10    1.03812E-10    1.03812E-10    1.03812E-10    1.03812E-10    1.03812E-10    1.03812E-10    1.03812E-10    1.03812E-10
              3.98239E-04    8.33368E-04    8.50952E-04    8.51221E-04    8.51225E-04    8.51225E-04    8.51225E-04    8.51225E-04    8.51225E-04    8.51225E-04    8.51225E-04

  Aqueous mean kinetic reaction amounts:

              3.03746E-06    2.68152E-08    8.45955E-09    8.24848E-09    8.24582E-09    8.24579E-09    8.24579E-09    8.24579E-09    8.24579E-09    8.24579E-09    8.24579E-09
              2.39312E-06    2.98789E-07    1.51470E-07    1.49161E-07    1.49132E-07    1.49132E-07    1.49132E-07    1.49132E-07    1.49132E-07    1.49132E-07    1.49132E-07
              2.19538E-07    2.73242E-09    1.32041E-09    1.30112E-09    1.30087E-09    1.30087E-09    1.30087E-09    1.30087E-09    1.30087E-09    1.30087E-09    1.30087E-09
              1.31020E-12    1.81953E-13    1.15400E-13    1.14295E-13    1.14280E-13    1.14280E-13    1.14280E-13    1.14280E-13    1.14280E-13    1.14280E-13    1.14280E-13
              7.43171E-14    1.54829E-13    1.58029E-13    1.58078E-13    1.58079E-13    1.58079E-13    1.58079E-13    1.58079E-13    1.58079E-13    1.58079E-13    1.58079E-13
              1.35728E-09    1.59715E-09    1.26916E-09    1.26217E-09    1.26208E-09    1.26208E-09    1.26208E-09    1.26208E-09    1.26208E-09    1.26208E-09    1.26208E-09
              4.84753E-14    1.01625E-13    1.03778E-13    1.03812E-13    1.03812E-13    1.03812E-13    1.03812E-13    1.03812E-13    1.03812E-13    1.03812E-13    1.03812E-13
              3.98239E-07    8.33368E-07    8.50952E-07    8.51221E-07    8.51225E-07    8.51225E-07    8.51225E-07    8.51225E-07    8.51225E-07    8.51225E-07    8.51225E-07

  Aqueous estimated kinetic reaction amounts:

              0.00000E+00    0.00000E+00    0.00000E+00    0.00000E+00    0.00000E+00    0.00000E+00    0.00000E+00    0.00000E+00    0.00000E+00    0.00000E+00    0.00000E+00
              0.00000E+00    0.00000E+00    0.00000E+00    0.00000E+00    0.00000E+00    0.00000E+00    0.00000E+00    0.00000E+00    0.00000E+00    0.00000E+00    0.00000E+00
              0.00000E+00    0.00000E+00    0.00000E+00    0.00000E+00    0.00000E+00    0.00000E+00    0.00000E+00    0.00000E+00    0.00000E+00    0.00000E+00    0.00000E+00
              0.00000E+00    0.00000E+00    0.00000E+00    0.00000E+00    0.00000E+00    0.00000E+00    0.00000E+00    0.00000E+00    0.00000E+00    0.00000E+00    0.00000E+00
              0.00000E+00    0.00000E+00    0.00000E+00    0.00000E+00    0.00000E+00    0.00000E+00    0.00000E+00    0.00000E+00    0.00000E+00    0.00000E+00    0.00000E+00
              0.00000E+00    0.00000E+00    0.00000E+00    0.00000E+00    0.00000E+00    0.00000E+00    0.00000E+00    0.00000E+00    0.00000E+00    0.00000E+00    0.00000E+00
              0.00000E+00    0.00000E+00    0.00000E+00    0.00000E+00    0.00000E+00    0.00000E+00    0.00000E+00    0.00000E+00    0.00000E+00    0.00000E+00    0.00000E+00
              0.00000E+00    0.00000E+00    0.00000E+00    0.00000E+00    0.00000E+00    0.00000E+00    0.00000E+00    0.00000E+00    0.00000E+00    0.00000E+00    0.00000E+00

  Mineral zone    1:

          Minerals in equilibrium:

          Kinetic minerals:


          Mineral mean kinetic reaction amounts:


          Mineral estimated kinetic reaction amounts:


          Absolute error kinetic reaction amounts:


  Reactive zone    2:

          Non-flowing species:

          Number of equilibrium reactions:         4

          Se:

                  1.00000        0.00000        0.00000        0.00000        0.00000        0.00000        0.00000        0.00000        0.00000        0.00000        0.00000        0.00000        0.00000        1.00000        0.00000        0.00000        0.00000        0.00000
                  1.00000        0.00000        0.00000        0.00000        0.00000        0.00000        0.00000        0.00000        0.00000        0.00000       -1.00000        0.00000        0.00000        0.00000        1.00000        0.00000        0.00000        0.00000
                 -1.00000        0.00000        0.00000        0.00000        0.00000        0.00000        0.00000        0.00000        0.00000        0.00000       -1.00000        0.00000        0.00000        0.00000        0.00000        1.00000        0.00000        0.00000
                  1.00000        0.00000        0.00000        0.00000        0.00000        0.00000        0.00000        0.00000        0.00000        0.00000        0.00000        0.00000        0.00000        0.00000        0.00000        0.00000        1.00000        0.00000
          Sk:

                  0.23000        0.00000       -0.25000        0.00000        0.00000       -0.00500        0.00000        0.00000        0.00000        0.00000        0.22500       -0.22500        0.00000        0.00000        0.00000        0.00000        0.00000        0.01500        0.00000        0.00000        0.00000
                  0.23800        0.00000        0.00000        0.00000        0.00000       -0.12800        0.00000        0.00000        0.00000        0.00000       -0.01500       -0.23500        0.12500        0.00000        0.00000        0.00000        0.00000        0.13400        0.00000        0.00000        0.00000
                  0.13000        0.00000       -0.25000        0.00000        0.00000        0.00000        0.00000        0.00000        0.00000        0.00000        0.15000        0.00000       -0.24000        0.00000        0.00000        0.00000        0.00000        0.04000        0.00000        0.00000        0.00000
                 -0.11000        0.00000       -0.25000        0.00000        0.00000        0.00000       -0.26000        0.12000        0.00000        0.00000        0.15000        0.00000        0.00000        0.00000        0.00000        0.00000        0.00000        0.16000        0.00000        0.00000        0.00000
                  0.15000        0.00000       -0.25000        0.00000        0.26000        0.00000        0.00000       -0.27000        0.00000        0.00000        0.15000        0.00000        0.00000        0.00000        0.00000        0.00000        0.00000        0.03000        0.00000        0.00000        0.00000
                  0.02500        0.00000       -0.25000        0.00000        0.00000        0.03750        0.00000        0.00000        0.00000        0.00000        0.12500        0.00000       -0.06250        0.00000        0.00000        0.00000        0.00000        0.01250        0.00000        0.00000        0.00000
                 -0.03360        0.00000        0.00000        0.00000        0.28940       -0.29000       -0.36830        0.00000        0.00000        0.00000       -0.02900        0.00000        0.07360        0.00000        0.00000        0.00000        0.00000        0.59110        0.00000        0.00000        0.00000
                  0.09330        0.00000        0.00000        0.00000        0.16670       -0.34330        0.00000        0.00000       -0.10000        0.10000       -0.05000        0.00000        0.00000        0.00000        0.00000        0.00000        0.00000        0.53000        0.00000        0.00000        0.00000
          U*Sk^T:

                  0.23000        0.23800        0.13000       -0.11000        0.15000        0.02500       -0.03360        0.09330
                  0.00000        0.00000        0.00000        0.00000        0.00000        0.00000        0.00000        0.00000
                 -0.25000        0.00000       -0.25000       -0.25000       -0.25000       -0.25000        0.00000        0.00000
                  0.00000        0.00000        0.00000        0.00000        0.00000        0.00000        0.00000        0.00000
                  0.00000        0.00000        0.00000        0.00000        0.26000        0.00000        0.28940        0.16670
                 -0.00500       -0.12800        0.00000        0.00000        0.00000        0.03750       -0.29000       -0.34330
                  0.00000        0.00000        0.00000       -0.26000        0.00000        0.00000       -0.36830        0.00000
                  0.00000        0.00000        0.00000        0.12000       -0.27000        0.00000        0.00000        0.00000
                  0.00000        0.00000        0.00000        0.00000        0.00000        0.00000        0.00000       -0.10000
                  0.00000        0.00000        0.00000        0.00000        0.00000        0.00000        0.00000        0.10000
                  0.22500       -0.01500        0.15000        0.15000        0.15000        0.12500       -0.02900       -0.05000
                 -0.22500       -0.23500        0.00000        0.00000        0.00000        0.00000        0.00000        0.00000
                  0.00000        0.12500       -0.24000        0.00000        0.00000       -0.06250        0.07360        0.00000

          Equilibrium constants:

              1.00000E-14
              4.69029E-11
              2.23872E+06
              5.59758E-10

          Component matrix:

                  1.00000        0.00000        0.00000        0.00000        0.00000        0.00000        0.00000        0.00000        0.00000        0.00000        0.00000        0.00000        0.00000       -1.00000       -1.00000        1.00000       -1.00000
                  0.00000        1.00000        0.00000        0.00000        0.00000        0.00000        0.00000        0.00000        0.00000        0.00000        0.00000        0.00000        0.00000        0.00000        0.00000        0.00000        0.00000
                  0.00000        0.00000        1.00000        0.00000        0.00000        0.00000        0.00000        0.00000        0.00000        0.00000        0.00000        0.00000        0.00000        0.00000        0.00000        0.00000        0.00000
                  0.00000        0.00000        0.00000        1.00000        0.00000        0.00000        0.00000        0.00000        0.00000        0.00000        0.00000        0.00000        0.00000        0.00000        0.00000        0.00000        0.00000
                  0.00000        0.00000        0.00000        0.00000        1.00000        0.00000        0.00000        0.00000        0.00000        0.00000        0.00000        0.00000        0.00000        0.00000        0.00000        0.00000        0.00000
                  0.00000        0.00000        0.00000        0.00000        0.00000        1.00000        0.00000        0.00000        0.00000        0.00000        0.00000        0.00000        0.00000        0.00000        0.00000        0.00000        0.00000
                  0.00000        0.00000        0.00000        0.00000        0.00000        0.00000        1.00000        0.00000        0.00000        0.00000        0.00000        0.00000        0.00000        0.00000        0.00000        0.00000        0.00000
                  0.00000        0.00000        0.00000        0.00000        0.00000        0.00000        0.00000        1.00000        0.00000        0.00000        0.00000        0.00000        0.00000        0.00000        0.00000        0.00000        0.00000
                  0.00000        0.00000        0.00000        0.00000        0.00000        0.00000        0.00000        0.00000        1.00000        0.00000        0.00000        0.00000        0.00000        0.00000        0.00000        0.00000        0.00000
                  0.00000        0.00000        0.00000        0.00000        0.00000        0.00000        0.00000        0.00000        0.00000        1.00000        0.00000        0.00000        0.00000        0.00000        0.00000        0.00000        0.00000
                  0.00000        0.00000        0.00000        0.00000        0.00000        0.00000        0.00000        0.00000        0.00000        0.00000        1.00000        0.00000        0.00000        0.00000        1.00000        1.00000        0.00000
                  0.00000        0.00000        0.00000        0.00000        0.00000        0.00000        0.00000        0.00000        0.00000        0.00000        0.00000        1.00000        0.00000        0.00000        0.00000        0.00000        0.00000
                  0.00000        0.00000        0.00000        0.00000        0.00000        0.00000        0.00000        0.00000        0.00000        0.00000        0.00000        0.00000        1.00000        0.00000        0.00000        0.00000        0.00000

          Initial concentration of components:

             -5.37417E-03   -5.37417E-03   -5.37417E-03   -5.37417E-03   -5.37417E-03   -5.37417E-03   -5.37417E-03   -5.37417E-03   -5.37417E-03   -5.37417E-03   -5.37417E-03
              1.00000E-16    1.00000E-16    1.00000E-16    1.00000E-16    1.00000E-16    1.00000E-16    1.00000E-16    1.00000E-16    1.00000E-16    1.00000E-16    1.00000E-16
              1.00000E-05    1.00000E-05    1.00000E-05    1.00000E-05    1.00000E-05    1.00000E-05    1.00000E-05    1.00000E-05    1.00000E-05    1.00000E-05    1.00000E-05
              1.00000E-16    1.00000E-16    1.00000E-16    1.00000E-16    1.00000E-16    1.00000E-16    1.00000E-16    1.00000E-16    1.00000E-16    1.00000E-16    1.00000E-16
              5.00000E-04    5.00000E-04    5.00000E-04    5.00000E-04    5.00000E-04    5.00000E-04    5.00000E-04    5.00000E-04    5.00000E-04    5.00000E-04    5.00000E-04
              1.50000E-04    1.50000E-04    1.50000E-04    1.50000E-04    1.50000E-04    1.50000E-04    1.50000E-04    1.50000E-04    1.50000E-04    1.50000E-04    1.50000E-04
              1.00000E-09    1.00000E-09    1.00000E-09    1.00000E-09    1.00000E-09    1.00000E-09    1.00000E-09    1.00000E-09    1.00000E-09    1.00000E-09    1.00000E-09
              1.00000E-08    1.00000E-08    1.00000E-08    1.00000E-08    1.00000E-08    1.00000E-08    1.00000E-08    1.00000E-08    1.00000E-08    1.00000E-08    1.00000E-08
              1.00000E-02    1.00000E-02    1.00000E-02    1.00000E-02    1.00000E-02    1.00000E-02    1.00000E-02    1.00000E-02    1.00000E-02    1.00000E-02    1.00000E-02
              1.00000E-09    1.00000E-09    1.00000E-09    1.00000E-09    1.00000E-09    1.00000E-09    1.00000E-09    1.00000E-09    1.00000E-09    1.00000E-09    1.00000E-09
              1.22434E-03    1.22434E-03    1.22434E-03    1.22434E-03    1.22434E-03    1.22434E-03    1.22434E-03    1.22434E-03    1.22434E-03    1.22434E-03    1.22434E-03
              1.00000E-06    1.00000E-06    1.00000E-06    1.00000E-06    1.00000E-06    1.00000E-06    1.00000E-06    1.00000E-06    1.00000E-06    1.00000E-06    1.00000E-06
              1.00000E-05    1.00000E-05    1.00000E-05    1.00000E-05    1.00000E-05    1.00000E-05    1.00000E-05    1.00000E-05    1.00000E-05    1.00000E-05    1.00000E-05

          Final concentration of components:

             -1.26394E-02   -5.53470E-03   -5.37546E-03   -5.37289E-03   -5.37286E-03   -5.37286E-03   -5.37286E-03   -5.37286E-03   -5.37286E-03   -5.37286E-03   -5.37286E-03
              1.43770E-04    3.20420E-06    5.00829E-08    6.12893E-10    6.35184E-12    5.87043E-14    5.96916E-16    1.03953E-16    1.00030E-16    1.00000E-16    1.00000E-16
              2.91868E-04    1.62724E-05    1.00666E-05    9.96637E-06    9.96507E-06    9.96505E-06    9.96505E-06    9.96505E-06    9.96505E-06    9.96505E-06    9.96505E-06
              1.00000E-16    1.00000E-16    1.00000E-16    1.00000E-16    1.00000E-16    1.00000E-16    1.00000E-16    1.00000E-16    1.00000E-16    1.00000E-16    1.00000E-16
              5.00823E-04    5.01399E-04    5.01420E-04    5.01421E-04    5.01421E-04    5.01421E-04    5.01421E-04    5.01421E-04    5.01421E-04    5.01421E-04    5.01421E-04
              1.45903E-04    1.46736E-04    1.46807E-04    1.46808E-04    1.46808E-04    1.46808E-04    1.46808E-04    1.46808E-04    1.46808E-04    1.46808E-04    1.46808E-04
              9.97425E-10    9.99227E-10    9.99320E-10    9.99322E-10    9.99322E-10    9.99322E-10    9.99322E-10    9.99322E-10    9.99322E-10    9.99322E-10    9.99322E-10
              1.00008E-08    9.99977E-09    9.99971E-09    9.99971E-09    9.99971E-09    9.99971E-09    9.99971E-09    9.99971E-09    9.99971E-09    9.99971E-09    9.99971E-09
              9.99951E-03    9.99916E-03    9.99915E-03    9.99915E-03    9.99915E-03    9.99915E-03    9.99915E-03    9.99915E-03    9.99915E-03    9.99915E-03    9.99915E-03
              4.94867E-07    8.40379E-07    8.53071E-07    8.53305E-07    8.53308E-07    8.53308E-07    8.53308E-07    8.53308E-07    8.53308E-07    8.53308E-07    8.53308E-07
              1.13092E-03    1.22181E-03    1.22388E-03    1.22391E-03    1.22391E-03    1.22391E-03    1.22391E-03    1.22391E-03    1.22391E-03    1.22391E-03    1.22391E-03
              2.93831E-05    1.02458E-06    4.94329E-07    4.86426E-07    4.86327E-07    4.86326E-07    4.86326E-07    4.86326E-07    4.86326E-07    4.86326E-07    4.86326E-07
              1.54351E-04    1.35360E-05    1.03088E-05    1.02564E-05    1.02557E-05    1.02557E-05    1.02557E-05    1.02557E-05    1.02557E-05    1.02557E-05    1.02557E-05

          Final concentration of aqueous species:

              5.55556E+01    5.55556E+01    5.55556E+01    5.55556E+01    5.55556E+01    5.55556E+01    5.55556E+01    5.55556E+01    5.55556E+01    5.55556E+01    5.55556E+01
              4.39395E-08    9.73039E-08    9.99793E-08    1.00024E-07    1.00024E-07    1.00024E-07    1.00024E-07    1.00024E-07    1.00024E-07    1.00024E-07    1.00024E-07
              1.43770E-04    3.20420E-06    5.00829E-08    6.12893E-10    6.35184E-12    5.87043E-14    5.96916E-16    1.03953E-16    1.00030E-16    1.00000E-16    1.00000E-16
              2.91868E-04    1.62724E-05    1.00666E-05    9.96637E-06    9.96507E-06    9.96505E-06    9.96505E-06    9.96505E-06    9.96505E-06    9.96505E-06    9.96505E-06
              1.00000E-16    1.00000E-16    1.00000E-16    1.00000E-16    1.00000E-16    1.00000E-16    1.00000E-16    1.00000E-16    1.00000E-16    1.00000E-16    1.00000E-16
              5.00823E-04    5.01399E-04    5.01420E-04    5.01421E-04    5.01421E-04    5.01421E-04    5.01421E-04    5.01421E-04    5.01421E-04    5.01421E-04    5.01421E-04
              1.45903E-04    1.46736E-04    1.46807E-04    1.46808E-04    1.46808E-04    1.46808E-04    1.46808E-04    1.46808E-04    1.46808E-04    1.46808E-04    1.46808E-04
              9.97425E-10    9.99227E-10    9.99320E-10    9.99322E-10    9.99322E-10    9.99322E-10    9.99322E-10    9.99322E-10    9.99322E-10    9.99322E-10    9.99322E-10
              1.00008E-08    9.99977E-09    9.99971E-09    9.99971E-09    9.99971E-09    9.99971E-09    9.99971E-09    9.99971E-09    9.99971E-09    9.99971E-09    9.99971E-09
              9.99951E-03    9.99916E-03    9.99915E-03    9.99915E-03    9.99915E-03    9.99915E-03    9.99915E-03    9.99915E-03    9.99915E-03    9.99915E-03    9.99915E-03
              4.94867E-07    8.40379E-07    8.53071E-07    8.53305E-07    8.53308E-07    8.53308E-07    8.53308E-07    8.53308E-07    8.53308E-07    8.53308E-07    8.53308E-07
              1.02863E-03    1.00287E-03    9.99660E-04    9.99607E-04    9.99606E-04    9.99606E-04    9.99606E-04    9.99606E-04    9.99606E-04    9.99606E-04    9.99606E-04
              2.93831E-05    1.02458E-06    4.94329E-07    4.86426E-07    4.86327E-07    4.86326E-07    4.86326E-07    4.86326E-07    4.86326E-07    4.86326E-07    4.86326E-07
              1.54351E-04    1.35360E-05    1.03088E-05    1.02564E-05    1.02557E-05    1.02557E-05    1.02557E-05    1.02557E-05    1.02557E-05    1.02557E-05    1.02557E-05
              2.27586E-07    1.02771E-07    1.00021E-07    9.99764E-08    9.99759E-08    9.99759E-08    9.99759E-08    9.99759E-08    9.99759E-08    9.99759E-08    9.99759E-08
              1.09801E-06    4.83408E-07    4.68967E-07    4.68735E-07    4.68732E-07    4.68731E-07    4.68731E-07    4.68731E-07    4.68731E-07    4.68731E-07    4.68731E-07
              1.01185E-04    2.18461E-04    2.23750E-04    2.23837E-04    2.23838E-04    2.23838E-04    2.23838E-04    2.23838E-04    2.23838E-04    2.23838E-04    2.23838E-04
              1.27393E-02    5.75267E-03    5.59874E-03    5.59626E-03    5.59623E-03    5.59622E-03    5.59622E-03    5.59622E-03    5.59622E-03    5.59622E-03    5.59622E-03

          Final activities aqueous species:

              9.99548E-01    9.99682E-01    9.99685E-01    9.99685E-01    9.99685E-01    9.99685E-01    9.99685E-01    9.99685E-01    9.99685E-01    9.99685E-01    9.99685E-01
              4.39395E-08    9.73039E-08    9.99793E-08    1.00024E-07    1.00024E-07    1.00024E-07    1.00024E-07    1.00024E-07    1.00024E-07    1.00024E-07    1.00024E-07
              1.43770E-04    3.20420E-06    5.00829E-08    6.12893E-10    6.35184E-12    5.87043E-14    5.96916E-16    1.03953E-16    1.00030E-16    1.00000E-16    1.00000E-16
              2.91868E-04    1.62724E-05    1.00666E-05    9.96637E-06    9.96507E-06    9.96505E-06    9.96505E-06    9.96505E-06    9.96505E-06    9.96505E-06    9.96505E-06
              1.00000E-16    1.00000E-16    1.00000E-16    1.00000E-16    1.00000E-16    1.00000E-16    1.00000E-16    1.00000E-16    1.00000E-16    1.00000E-16    1.00000E-16
              5.00823E-04    5.01399E-04    5.01420E-04    5.01421E-04    5.01421E-04    5.01421E-04    5.01421E-04    5.01421E-04    5.01421E-04    5.01421E-04    5.01421E-04
              1.45903E-04    1.46736E-04    1.46807E-04    1.46808E-04    1.46808E-04    1.46808E-04    1.46808E-04    1.46808E-04    1.46808E-04    1.46808E-04    1.46808E-04
              9.97425E-10    9.99227E-10    9.99320E-10    9.99322E-10    9.99322E-10    9.99322E-10    9.99322E-10    9.99322E-10    9.99322E-10    9.99322E-10    9.99322E-10
              1.00008E-08    9.99977E-09    9.99971E-09    9.99971E-09    9.99971E-09    9.99971E-09    9.99971E-09    9.99971E-09    9.99971E-09    9.99971E-09    9.99971E-09
              9.99951E-03    9.99916E-03    9.99915E-03    9.99915E-03    9.99915E-03    9.99915E-03    9.99915E-03    9.99915E-03    9.99915E-03    9.99915E-03    9.99915E-03
              4.94867E-07    8.40379E-07    8.53071E-07    8.53305E-07    8.53308E-07    8.53308E-07    8.53308E-07    8.53308E-07    8.53308E-07    8.53308E-07    8.53308E-07
              1.02863E-03    1.00287E-03    9.99660E-04    9.99607E-04    9.99606E-04    9.99606E-04    9.99606E-04    9.99606E-04    9.99606E-04    9.99606E-04    9.99606E-04
              2.93831E-05    1.02458E-06    4.94329E-07    4.86426E-07    4.86327E-07    4.86326E-07    4.86326E-07    4.86326E-07    4.86326E-07    4.86326E-07    4.86326E-07
              1.54351E-04    1.35360E-05    1.03088E-05    1.02564E-05    1.02557E-05    1.02557E-05    1.02557E-05    1.02557E-05    1.02557E-05    1.02557E-05    1.02557E-05
              2.27586E-07    1.02771E-07    1.00021E-07    9.99764E-08    9.99759E-08    9.99759E-08    9.99759E-08    9.99759E-08    9.99759E-08    9.99759E-08    9.99759E-08
              1.09801E-06    4.83408E-07    4.68967E-07    4.68735E-07    4.68732E-07    4.68731E-07    4.68731E-07    4.68731E-07    4.68731E-07    4.68731E-07    4.68731E-07
              1.01185E-04    2.18461E-04    2.23750E-04    2.23837E-04    2.23838E-04    2.23838E-04    2.23838E-04    2.23838E-04    2.23838E-04    2.23838E-04    2.23838E-04
              1.27393E-02    5.75267E-03    5.59874E-03    5.59626E-03    5.59623E-03    5.59622E-03    5.59622E-03    5.59622E-03    5.59622E-03    5.59622E-03    5.59622E-03

          Initial volumetric fractions of minerals:


          Volumetric fractions of minerals:


          Initial concentration of minerals:


          Concentration of minerals:


          Initial concentration of surface complexes:


          Concentration of surface complexes:


          Initial activity of surface complexes:


          Activity of surface complexes:


          Initial concentration of gases:


          Concentration of gases:


          Initial partial pressures of gases:


          Partial pressures of gases:


          Initial volume of gas:


          Volume of gas:


          Aqueous equilibrium reaction amounts:

             -1.08746E-10   -1.13055E-11   -2.20978E-12   -2.15874E-12   -2.15844E-12   -2.15844E-12   -2.15844E-12   -2.15844E-12   -2.15844E-12   -2.15844E-12   -2.15844E-12
              3.31615E-08    2.20180E-10   -2.73126E-11   -2.82748E-11   -2.82782E-11   -2.82782E-11   -2.82782E-11   -2.82782E-11   -2.82782E-11   -2.82782E-11   -2.82782E-11
             -4.71816E-06   -4.76940E-07   -6.16805E-09   -3.84770E-09   -3.83856E-09   -3.83853E-09   -3.83853E-09   -3.83853E-09   -3.83853E-09   -3.83853E-09   -3.83853E-09
             -6.08714E-06   -6.32832E-07   -1.23694E-07   -1.20837E-07   -1.20821E-07   -1.20820E-07   -1.20820E-07   -1.20820E-07   -1.20820E-07   -1.20820E-07   -1.20820E-07

          Mineral mean equilibrium reaction amounts:


          Exchange equilibrium reaction rates:


          Gas equilibrium reaction rates:

