  t =     1.00000E-03

         1    8.79237E-08    1.56865E-05    4.11563E-05    1.00000E-16    5.00124E-04    1.49611E-04    9.99863E-10    1.00000E-08    9.99993E-03    7.55497E-08    1.01372E-03    4.65922E-06    2.56556E-05    1.13735E-07    5.40769E-07    1.99537E-04    6.36640E-03
         3    1.00002E-07    1.00000E-14    9.99607E-06    1.00000E-16    5.00142E-04    1.49672E-04    9.99932E-10    9.99997E-09    9.99991E-03    8.62164E-08    9.99960E-04    9.31732E-07    1.00344E-05    9.99975E-08    4.68999E-07    2.23869E-04    5.59744E-03
         5    1.00003E-07    4.05213E-15    9.99558E-06    1.00000E-16    5.00142E-04    1.49672E-04    9.99932E-10    9.99997E-09    9.99991E-03    8.62166E-08    9.99960E-04    9.31673E-07    1.00341E-05    9.99973E-08    4.68998E-07    2.23869E-04    5.59742E-03
         7    1.00003E-07    1.00063E-16    9.99558E-06    1.00000E-16    5.00142E-04    1.49672E-04    9.99932E-10    9.99997E-09    9.99991E-03    8.62166E-08    9.99960E-04    9.31673E-07    1.00341E-05    9.99973E-08    4.68998E-07    2.23869E-04    5.59742E-03
         9    1.00003E-07    1.00000E-16    9.99558E-06    1.00000E-16    5.00142E-04    1.49672E-04    9.99932E-10    9.99997E-09    9.99991E-03    8.62166E-08    9.99960E-04    9.31673E-07    1.00341E-05    9.99973E-08    4.68998E-07    2.23869E-04    5.59742E-03
        11    1.00003E-07    1.00000E-16    9.99558E-06    1.00000E-16    5.00142E-04    1.49672E-04    9.99932E-10    9.99997E-09    9.99991E-03    8.62166E-08    9.99960E-04    9.31673E-07    1.00341E-05    9.99973E-08    4.68998E-07    2.23869E-04    5.59742E-03
  t =     5.00000E-03

         1    6.00275E-08    7.54236E-05    1.58948E-04    1.00000E-16    5.00500E-04    1.47940E-04    9.98939E-10    1.00003E-08    9.99970E-03    3.01089E-07    1.03455E-03    1.71787E-05    8.55946E-05    1.66590E-07    8.08353E-07    1.39028E-04    9.32501E-03
         3    1.00005E-07    7.03351E-09    9.99694E-06    1.00000E-16    5.00711E-04    1.48381E-04    9.99661E-10    9.99986E-09    9.99957E-03    4.27271E-07    9.99810E-04    7.01320E-07    1.01585E-05    9.99946E-08    4.68915E-07    2.23842E-04    5.59727E-03
         5    1.00013E-07    2.48671E-13    9.98014E-06    1.00000E-16    5.00711E-04    1.48381E-04    9.99661E-10    9.99986E-09    9.99957E-03    4.27294E-07    9.99801E-04    6.99653E-07    1.01498E-05    9.99872E-08    4.68876E-07    2.23856E-04    5.59686E-03
         7    1.00013E-07    1.10191E-16    9.98014E-06    1.00000E-16    5.00711E-04    1.48381E-04    9.99661E-10    9.99986E-09    9.99957E-03    4.27294E-07    9.99801E-04    6.99653E-07    1.01498E-05    9.99872E-08    4.68876E-07    2.23856E-04    5.59686E-03
         9    1.00013E-07    1.00000E-16    9.98014E-06    1.00000E-16    5.00711E-04    1.48381E-04    9.99661E-10    9.99986E-09    9.99957E-03    4.27294E-07    9.99801E-04    6.99653E-07    1.01498E-05    9.99872E-08    4.68876E-07    2.23856E-04    5.59686E-03
        11    1.00013E-07    1.00000E-16    9.98014E-06    1.00000E-16    5.00711E-04    1.48381E-04    9.99661E-10    9.99986E-09    9.99957E-03    4.27294E-07    9.99801E-04    6.99653E-07    1.01498E-05    9.99872E-08    4.68876E-07    2.23856E-04    5.59686E-03
  t =     1.00000E-02

         1    4.39395E-08    1.43770E-04    2.91868E-04    1.00000E-16    5.00823E-04    1.45903E-04    9.97425E-10    1.00008E-08    9.99951E-03    4.94867E-07    1.02863E-03    2.93831E-05    1.54351E-04    2.27586E-07    1.09801E-06    1.01185E-04    1.27393E-02
         3    9.99793E-08    5.00829E-08    1.00666E-05    1.00000E-16    5.01420E-04    1.46807E-04    9.99320E-10    9.99971E-09    9.99915E-03    8.53071E-07    9.99660E-04    4.94329E-07    1.03088E-05    1.00021E-07    4.68967E-07    2.23750E-04    5.59874E-03
         5    1.00024E-07    6.35184E-12    9.96507E-06    1.00000E-16    5.01421E-04    1.46808E-04    9.99322E-10    9.99971E-09    9.99915E-03    8.53308E-07    9.99606E-04    4.86327E-07    1.02557E-05    9.99759E-08    4.68732E-07    2.23838E-04    5.59623E-03
         7    1.00024E-07    5.96916E-16    9.96505E-06    1.00000E-16    5.01421E-04    1.46808E-04    9.99322E-10    9.99971E-09    9.99915E-03    8.53308E-07    9.99606E-04    4.86326E-07    1.02557E-05    9.99759E-08    4.68731E-07    2.23838E-04    5.59622E-03
         9    1.00024E-07    1.00030E-16    9.96505E-06    1.00000E-16    5.01421E-04    1.46808E-04    9.99322E-10    9.99971E-09    9.99915E-03    8.53308E-07    9.99606E-04    4.86326E-07    1.02557E-05    9.99759E-08    4.68731E-07    2.23838E-04    5.59622E-03
        11    1.00024E-07    1.00000E-16    9.96505E-06    1.00000E-16    5.01421E-04    1.46808E-04    9.99322E-10    9.99971E-09    9.99915E-03    8.53308E-07    9.99606E-04    4.86326E-07    1.02557E-05    9.99759E-08    4.68731E-07    2.23838E-04    5.59622E-03
